Component: ARM Compiler 5.06 update 1 (build 61) Tool: armlink [4d35a8]

==============================================================================

Section Cross References

    startup_stm32f072xb.o(RESET) refers to startup_stm32f072xb.o(STACK) for __initial_sp
    startup_stm32f072xb.o(RESET) refers to startup_stm32f072xb.o(.text) for Reset_Handler
    startup_stm32f072xb.o(RESET) refers to stm32f0xx_it.o(i.NMI_Handler) for NMI_Handler
    startup_stm32f072xb.o(RESET) refers to stm32f0xx_it.o(i.HardFault_Handler) for HardFault_Handler
    startup_stm32f072xb.o(RESET) refers to stm32f0xx_it.o(i.SVC_Handler) for SVC_Handler
    startup_stm32f072xb.o(RESET) refers to stm32f0xx_it.o(i.PendSV_Handler) for PendSV_Handler
    startup_stm32f072xb.o(RESET) refers to stm32f0xx_it.o(i.SysTick_Handler) for SysTick_Handler
    startup_stm32f072xb.o(RESET) refers to stm32f0xx_it.o(i.USB_IRQHandler) for USB_IRQHandler
    startup_stm32f072xb.o(.text) refers to system_stm32f0xx.o(i.SystemInit) for SystemInit
    startup_stm32f072xb.o(.text) refers to entry.o(.ARM.Collect$$$$00000000) for __main
    system_stm32f0xx.o(i.SystemCoreClockUpdate) refers to uidiv.o(.text) for __aeabi_uidivmod
    system_stm32f0xx.o(i.SystemCoreClockUpdate) refers to system_stm32f0xx.o(.data) for .data
    system_stm32f0xx.o(i.SystemCoreClockUpdate) refers to system_stm32f0xx.o(.constdata) for .constdata
    stm32f0xx_it.o(i.SysTick_Handler) refers to stm32f0xx_hal.o(i.HAL_IncTick) for HAL_IncTick
    stm32f0xx_it.o(i.SysTick_Handler) refers to stm32f0xx_hal_cortex.o(i.HAL_SYSTICK_IRQHandler) for HAL_SYSTICK_IRQHandler
    stm32f0xx_it.o(i.USB_IRQHandler) refers to stm32f0xx_hal_pcd.o(i.HAL_PCD_IRQHandler) for HAL_PCD_IRQHandler
    stm32f0xx_it.o(i.USB_IRQHandler) refers to usbd_conf.o(.bss) for hpcd_USB_FS
    main.o(i.MX_GPIO_Init) refers to stm32f0xx_hal_gpio.o(i.HAL_GPIO_WritePin) for HAL_GPIO_WritePin
    main.o(i.MX_GPIO_Init) refers to stm32f0xx_hal_gpio.o(i.HAL_GPIO_Init) for HAL_GPIO_Init
    main.o(i.MX_SPI2_Init) refers to stm32f0xx_hal_spi.o(i.HAL_SPI_Init) for HAL_SPI_Init
    main.o(i.MX_SPI2_Init) refers to main.o(.bss) for .bss
    main.o(i.SystemClock_Config) refers to stm32f0xx_hal_rcc.o(i.HAL_RCC_OscConfig) for HAL_RCC_OscConfig
    main.o(i.SystemClock_Config) refers to stm32f0xx_hal_rcc.o(i.HAL_RCC_ClockConfig) for HAL_RCC_ClockConfig
    main.o(i.SystemClock_Config) refers to stm32f0xx_hal_rcc_ex.o(i.HAL_RCCEx_PeriphCLKConfig) for HAL_RCCEx_PeriphCLKConfig
    main.o(i.SystemClock_Config) refers to stm32f0xx_hal_rcc.o(i.HAL_RCC_GetHCLKFreq) for HAL_RCC_GetHCLKFreq
    main.o(i.SystemClock_Config) refers to uidiv.o(.text) for __aeabi_uidivmod
    main.o(i.SystemClock_Config) refers to stm32f0xx_hal_cortex.o(i.HAL_SYSTICK_Config) for HAL_SYSTICK_Config
    main.o(i.SystemClock_Config) refers to stm32f0xx_hal_cortex.o(i.HAL_SYSTICK_CLKSourceConfig) for HAL_SYSTICK_CLKSourceConfig
    main.o(i.SystemClock_Config) refers to stm32f0xx_hal_cortex.o(i.HAL_NVIC_SetPriority) for HAL_NVIC_SetPriority
    main.o(i.fputc) refers to my_usb.o(i.my_usb_putchar) for my_usb_putchar
    main.o(i.main) refers to my_usb.o(i.my_usb_init) for my_usb_init
    main.o(i.main) refers to stm32f0xx_hal.o(i.HAL_Init) for HAL_Init
    main.o(i.main) refers to main.o(i.SystemClock_Config) for SystemClock_Config
    main.o(i.main) refers to main.o(i.MX_GPIO_Init) for MX_GPIO_Init
    main.o(i.main) refers to main.o(i.MX_SPI2_Init) for MX_SPI2_Init
    main.o(i.main) refers to usb_device.o(i.MX_USB_DEVICE_Init) for MX_USB_DEVICE_Init
    main.o(i.main) refers to stm32f0xx_hal_dac.o(i.HAL_DAC_Init) for HAL_DAC_Init
    main.o(i.main) refers to stm32f0xx_hal_dac_ex.o(i.HAL_DAC_ConfigChannel) for HAL_DAC_ConfigChannel
    main.o(i.main) refers to stm32f0xx_hal_gpio.o(i.HAL_GPIO_WritePin) for HAL_GPIO_WritePin
    main.o(i.main) refers to printf2.o(i.__0printf$2) for __2printf
    main.o(i.main) refers to max572x.o(i.dac_init) for dac_init
    main.o(i.main) refers to my_usb.o(i.my_usb_readline) for my_usb_readline
    main.o(i.main) refers to max572x.o(i.test) for test
    main.o(i.main) refers to main.o(.bss) for .bss
    main.o(i.main) refers to my_usb.o(.data) for usb_data
    stm32f0xx_hal_msp.o(i.HAL_DAC_MspDeInit) refers to stm32f0xx_hal_gpio.o(i.HAL_GPIO_DeInit) for HAL_GPIO_DeInit
    stm32f0xx_hal_msp.o(i.HAL_DAC_MspInit) refers to stm32f0xx_hal_gpio.o(i.HAL_GPIO_Init) for HAL_GPIO_Init
    stm32f0xx_hal_msp.o(i.HAL_MspInit) refers to stm32f0xx_hal_cortex.o(i.HAL_NVIC_SetPriority) for HAL_NVIC_SetPriority
    stm32f0xx_hal_msp.o(i.HAL_SPI_MspDeInit) refers to stm32f0xx_hal_gpio.o(i.HAL_GPIO_DeInit) for HAL_GPIO_DeInit
    stm32f0xx_hal_msp.o(i.HAL_SPI_MspInit) refers to stm32f0xx_hal_gpio.o(i.HAL_GPIO_Init) for HAL_GPIO_Init
    helpers.o(i.get_arg) refers to strlen.o(.text) for strlen
    helpers.o(i.get_arg) refers to atoi.o(.text) for atoi
[...]
    Removing stm32f0xx_hal_dac.o(i.HAL_DAC_DeInit), (30 bytes).
    Removing stm32f0xx_hal_dac.o(i.HAL_DAC_ErrorCallbackCh1), (2 bytes).
    Removing stm32f0xx_hal_dac.o(i.HAL_DAC_GetError), (4 bytes).
    Removing stm32f0xx_hal_dac.o(i.HAL_DAC_GetState), (4 bytes).
    Removing stm32f0xx_hal_dac.o(i.HAL_DAC_GetValue), (4 bytes).
    Removing stm32f0xx_hal_dac.o(i.HAL_DAC_IRQHandler), (2 bytes).
    Removing stm32f0xx_hal_dac.o(i.HAL_DAC_MspDeInit), (2 bytes).
    Removing stm32f0xx_hal_dac.o(i.HAL_DAC_MspInit), (2 bytes).
    Removing stm32f0xx_hal_dac.o(i.HAL_DAC_SetValue), (28 bytes).
    Removing stm32f0xx_hal_dac.o(i.HAL_DAC_Start), (4 bytes).
    Removing stm32f0xx_hal_dac.o(i.HAL_DAC_Start_DMA), (4 bytes).
    Removing stm32f0xx_hal_dac.o(i.HAL_DAC_Stop), (22 bytes).
    Removing stm32f0xx_hal_dac.o(i.HAL_DAC_Stop_DMA), (82 bytes).
    Removing stm32f0xx_hal_dac_ex.o(.rev16_text), (4 bytes).
    Removing stm32f0xx_hal_dac_ex.o(.revsh_text), (4 bytes).
    Removing stm32f0xx_hal_dac_ex.o(i.DAC_DMAConvCpltCh1), (16 bytes).
    Removing stm32f0xx_hal_dac_ex.o(i.DAC_DMAConvCpltCh2), (16 bytes).
    Removing stm32f0xx_hal_dac_ex.o(i.DAC_DMAErrorCh1), (24 bytes).
    Removing stm32f0xx_hal_dac_ex.o(i.DAC_DMAErrorCh2), (24 bytes).
    Removing stm32f0xx_hal_dac_ex.o(i.DAC_DMAHalfConvCpltCh1), (10 bytes).
    Removing stm32f0xx_hal_dac_ex.o(i.DAC_DMAHalfConvCpltCh2), (10 bytes).
    Removing stm32f0xx_hal_dac_ex.o(i.HAL_DACEx_ConvCpltCallbackCh2), (2 bytes).
    Removing stm32f0xx_hal_dac_ex.o(i.HAL_DACEx_ConvHalfCpltCallbackCh2), (2 bytes).
    Removing stm32f0xx_hal_dac_ex.o(i.HAL_DACEx_DMAUnderrunCallbackCh2), (2 bytes).
    Removing stm32f0xx_hal_dac_ex.o(i.HAL_DACEx_DualGetValue), (12 bytes).
    Removing stm32f0xx_hal_dac_ex.o(i.HAL_DACEx_DualSetValue), (22 bytes).
    Removing stm32f0xx_hal_dac_ex.o(i.HAL_DACEx_ErrorCallbackCh2), (2 bytes).
    Removing stm32f0xx_hal_dac_ex.o(i.HAL_DACEx_NoiseWaveGenerate), (52 bytes).
    Removing stm32f0xx_hal_dac_ex.o(i.HAL_DACEx_TriangleWaveGenerate), (52 bytes).
    Removing stm32f0xx_hal_dac_ex.o(i.HAL_DAC_GetValue), (14 bytes).
    Removing stm32f0xx_hal_dac_ex.o(i.HAL_DAC_IRQHandler), (98 bytes).
    Removing stm32f0xx_hal_dac_ex.o(i.HAL_DAC_Start), (84 bytes).
    Removing stm32f0xx_hal_dac_ex.o(i.HAL_DAC_Start_DMA), (232 bytes).
    Removing usbd_ioreq.o(.rev16_text), (4 bytes).
    Removing usbd_ioreq.o(.revsh_text), (4 bytes).
    Removing usbd_ioreq.o(i.USBD_GetRxCount), (10 bytes).
    Removing usbd_core.o(.rev16_text), (4 bytes).
    Removing usbd_core.o(.revsh_text), (4 bytes).
    Removing usbd_core.o(i.USBD_DeInit), (42 bytes).
    Removing usbd_core.o(i.USBD_LL_DevConnected), (4 bytes).
    Removing usbd_core.o(i.USBD_LL_DevDisconnected), (26 bytes).
    Removing usbd_core.o(i.USBD_LL_IsoINIncomplete), (4 bytes).
    Removing usbd_core.o(i.USBD_LL_IsoOUTIncomplete), (4 bytes).
    Removing usbd_core.o(i.USBD_RunTestMode), (4 bytes).
    Removing usbd_core.o(i.USBD_Stop), (30 bytes).
    Removing usbd_ctlreq.o(.rev16_text), (4 bytes).
    Removing usbd_ctlreq.o(.revsh_text), (4 bytes).
    Removing usbd_cdc.o(.rev16_text), (4 bytes).
    Removing usbd_cdc.o(.revsh_text), (4 bytes).
    Removing dadd.o(.text), (356 bytes).
    Removing dmul.o(.text), (208 bytes).
    Removing ddiv.o(.text), (240 bytes).
    Removing dfixul.o(.text), (64 bytes).
    Removing cdrcmple.o(.text), (40 bytes).
    Removing depilogue.o(.text), (190 bytes).
    Removing depilogue.o(i.__ARM_clz), (46 bytes).

403 unused section(s) (total 23304 bytes) removed from the image.

==============================================================================

Image Symbol Table

    Local Symbols

    Symbol Name                              Value     Ov Type        Size  Object(Section)

    ../Drivers/STM32F0xx_HAL_Driver/Src/stm32f0xx_hal.c 0x00000000   Number         0  stm32f0xx_hal.o ABSOLUTE
    ../Drivers/STM32F0xx_HAL_Driver/Src/stm32f0xx_hal_cortex.c 0x00000000   Number         0  stm32f0xx_hal_cortex.o ABSOLUTE
    ../Drivers/STM32F0xx_HAL_Driver/Src/stm32f0xx_hal_dac.c 0x00000000   Number         0  stm32f0xx_hal_dac.o ABSOLUTE
    ../Drivers/STM32F0xx_HAL_Driver/Src/stm32f0xx_hal_dac_ex.c 0x00000000   Number         0  stm32f0xx_hal_dac_ex.o ABSOLUTE
    ../Drivers/STM32F0xx_HAL_Driver/Src/stm32f0xx_hal_dma.c 0x00000000   Number         0  stm32f0xx_hal_dma.o ABSOLUTE
    ../Drivers/STM32F0xx_HAL_Driver/Src/stm32f0xx_hal_flash.c 0x00000000   Number         0  stm32f0xx_hal_flash.o ABSOLUTE
    ../Drivers/STM32F0xx_HAL_Driver/Src/stm32f0xx_hal_flash_ex.c 0x00000000   Number         0  stm32f0xx_hal_flash_ex.o ABSOLUTE
    ../Drivers/STM32F0xx_HAL_Driver/Src/stm32f0xx_hal_gpio.c 0x00000000   Number         0  stm32f0xx_hal_gpio.o ABSOLUTE
    ../Drivers/STM32F0xx_HAL_Driver/Src/stm32f0xx_hal_i2c.c 0x00000000   Number         0  stm32f0xx_hal_i2c.o ABSOLUTE
    ../Drivers/STM32F0xx_HAL_Driver/Src/stm32f0xx_hal_i2c_ex.c 0x00000000   Number         0  stm32f0xx_hal_i2c_ex.o ABSOLUTE
    ../Drivers/STM32F0xx_HAL_Driver/Src/stm32f0xx_hal_pcd.c 0x00000000   Number         0  stm32f0xx_hal_pcd.o ABSOLUTE
    ../Drivers/STM32F0xx_HAL_Driver/Src/stm32f0xx_hal_pcd_ex.c 0x00000000   Number         0  stm32f0xx_hal_pcd_ex.o ABSOLUTE
    ../Drivers/STM32F0xx_HAL_Driver/Src/stm32f0xx_hal_pwr.c 0x00000000   Number         0  stm32f0xx_hal_pwr.o ABSOLUTE
    ../Drivers/STM32F0xx_HAL_Driver/Src/stm32f0xx_hal_pwr_ex.c 0x00000000   Number         0  stm32f0xx_hal_pwr_ex.o ABSOLUTE
    ../Drivers/STM32F0xx_HAL_Driver/Src/stm32f0xx_hal_rcc.c 0x00000000   Number         0  stm32f0xx_hal_rcc.o ABSOLUTE
    ../Drivers/STM32F0xx_HAL_Driver/Src/stm32f0xx_hal_rcc_ex.c 0x00000000   Number         0  stm32f0xx_hal_rcc_ex.o ABSOLUTE
    ../Drivers/STM32F0xx_HAL_Driver/Src/stm32f0xx_hal_spi.c 0x00000000   Number         0  stm32f0xx_hal_spi.o ABSOLUTE
    ../Drivers/STM32F0xx_HAL_Driver/Src/stm32f0xx_hal_spi_ex.c 0x00000000   Number         0  stm32f0xx_hal_spi_ex.o ABSOLUTE
    ../Drivers/STM32F0xx_HAL_Driver/Src/stm32f0xx_hal_tim.c 0x00000000   Number         0  stm32f0xx_hal_tim.o ABSOLUTE
    ../Drivers/STM32F0xx_HAL_Driver/Src/stm32f0xx_hal_tim_ex.c 0x00000000   Number         0  stm32f0xx_hal_tim_ex.o ABSOLUTE
    ../Middlewares/ST/STM32_USB_Device_Library/Class/CDC/Src/usbd_cdc.c 0x00000000   Number         0  usbd_cdc.o ABSOLUTE
    ../Middlewares/ST/STM32_USB_Device_Library/Core/Src/usbd_core.c 0x00000000   Number         0  usbd_core.o ABSOLUTE
    ../Middlewares/ST/STM32_USB_Device_Library/Core/Src/usbd_ctlreq.c 0x00000000   Number         0  usbd_ctlreq.o ABSOLUTE
    ../Middlewares/ST/STM32_USB_Device_Library/Core/Src/usbd_ioreq.c 0x00000000   Number         0  usbd_ioreq.o ABSOLUTE
    ../Src/main.c                            0x00000000   Number         0  main.o ABSOLUTE
    ../Src/stm32f0xx_hal_msp.c               0x00000000   Number         0  stm32f0xx_hal_msp.o ABSOLUTE
    ../Src/stm32f0xx_it.c                    0x00000000   Number         0  stm32f0xx_it.o ABSOLUTE
    ../Src/system_stm32f0xx.c                0x00000000   Number         0  system_stm32f0xx.o ABSOLUTE
    ../Src/usb_device.c                      0x00000000   Number         0  usb_device.o ABSOLUTE
    ../Src/usbd_cdc_if.c                     0x00000000   Number         0  usbd_cdc_if.o ABSOLUTE
    ../Src/usbd_conf.c                       0x00000000   Number         0  usbd_conf.o ABSOLUTE
    ../Src/usbd_desc.c                       0x00000000   Number         0  usbd_desc.o ABSOLUTE
    ../clib/../cmprslib/zerorunl2.c          0x00000000   Number         0  __dczerorl2.o ABSOLUTE
    ../clib/microlib/ctype/ctype.c           0x00000000   Number         0  isupper_o.o ABSOLUTE
    ../clib/microlib/ctype/ctype.c           0x00000000   Number         0  isalpha_o.o ABSOLUTE
    ../clib/microlib/ctype/ctype.c           0x00000000   Number         0  ctype_o.o ABSOLUTE
    ../clib/microlib/ctype/ctype.c           0x00000000   Number         0  isblank_o.o ABSOLUTE
    ../clib/microlib/ctype/ctype.c           0x00000000   Number         0  iscntrl_o.o ABSOLUTE
    ../clib/microlib/ctype/ctype.c           0x00000000   Number         0  isxdigit_o.o ABSOLUTE
    ../clib/microlib/ctype/ctype.c           0x00000000   Number         0  isalnum_o.o ABSOLUTE
    ../clib/microlib/ctype/ctype.c           0x00000000   Number         0  isspace_o.o ABSOLUTE
    ../clib/microlib/ctype/ctype.c           0x00000000   Number         0  ispunct_o.o ABSOLUTE
    ../clib/microlib/ctype/ctype.c           0x00000000   Number         0  isprint_o.o ABSOLUTE
    ../clib/microlib/ctype/ctype.c           0x00000000   Number         0  islower_o.o ABSOLUTE
    ../clib/microlib/ctype/ctype.c           0x00000000   Number         0  isgraph_o.o ABSOLUTE
    ../clib/microlib/ctype/ctype.c           0x00000000   Number         0  isdigit_o.o ABSOLUTE
    ../clib/microlib/division.c              0x00000000   Number         0  uidiv.o ABSOLUTE
    ../clib/microlib/division.c              0x00000000   Number         0  uldiv.o ABSOLUTE
    ../clib/microlib/errno.c                 0x00000000   Number         0  errno.o ABSOLUTE
    ../clib/microlib/init/entry.s            0x00000000   Number         0  entry9b.o ABSOLUTE
    ../clib/microlib/init/entry.s            0x00000000   Number         0  entry5.o ABSOLUTE
    ../clib/microlib/init/entry.s            0x00000000   Number         0  entry2.o ABSOLUTE
    ../clib/microlib/init/entry.s            0x00000000   Number         0  entry7a.o ABSOLUTE
    ../clib/microlib/init/entry.s            0x00000000   Number         0  entry9a.o ABSOLUTE
    ../clib/microlib/init/entry.s            0x00000000   Number         0  entry.o ABSOLUTE
    ../clib/microlib/init/entry.s            0x00000000   Number         0  entry11b.o ABSOLUTE
    ../clib/microlib/init/entry.s            0x00000000   Number         0  entry7b.o ABSOLUTE
    ../clib/microlib/init/entry.s            0x00000000   Number         0  entry11a.o ABSOLUTE
    ../clib/microlib/init/entry.s            0x00000000   Number         0  entry10b.o ABSOLUTE
    ../clib/microlib/init/entry.s            0x00000000   Number         0  entry8a.o ABSOLUTE
    ../clib/microlib/init/entry.s            0x00000000   Number         0  entry10a.o ABSOLUTE
    ../clib/microlib/init/entry.s            0x00000000   Number         0  entry8b.o ABSOLUTE
    ../clib/microlib/longlong.c              0x00000000   Number         0  llshl.o ABSOLUTE
    ../clib/microlib/longlong.c              0x00000000   Number         0  llsshr.o ABSOLUTE
    ../clib/microlib/longlong.c              0x00000000   Number         0  llushr.o ABSOLUTE
    ../clib/microlib/printf/printf.c         0x00000000   Number         0  printf3.o ABSOLUTE
    ../clib/microlib/printf/printf.c         0x00000000   Number         0  printf1.o ABSOLUTE
    ../clib/microlib/printf/printf.c         0x00000000   Number         0  printf2.o ABSOLUTE
    ../clib/microlib/printf/printf.c         0x00000000   Number         0  printf4.o ABSOLUTE
    ../clib/microlib/printf/printf.c         0x00000000   Number         0  printf5.o ABSOLUTE
    ../clib/microlib/printf/printf.c         0x00000000   Number         0  printf6.o ABSOLUTE
    ../clib/microlib/printf/printf.c         0x00000000   Number         0  printfb.o ABSOLUTE
    ../clib/microlib/printf/printf.c         0x00000000   Number         0  printf0.o ABSOLUTE
    ../clib/microlib/printf/printf.c         0x00000000   Number         0  printf7.o ABSOLUTE
    ../clib/microlib/printf/printf.c         0x00000000   Number         0  printfa.o ABSOLUTE
    ../clib/microlib/printf/printf.c         0x00000000   Number         0  printf8.o ABSOLUTE
    ../clib/microlib/printf/stubs.s          0x00000000   Number         0  stubs.o ABSOLUTE
    ../clib/microlib/stdio/streams.c         0x00000000   Number         0  stdout.o ABSOLUTE
    ../clib/microlib/string/memset.c         0x00000000   Number         0  memseta.o ABSOLUTE
    ../clib/microlib/string/strcpy.c         0x00000000   Number         0  strcpy.o ABSOLUTE
    ../clib/microlib/string/strlen.c         0x00000000   Number         0  strlen.o ABSOLUTE
    ../clib/microlib/stubs.s                 0x00000000   Number         0  iusefp.o ABSOLUTE
    ../clib/scanf.c                          0x00000000   Number         0  _strtoul.o ABSOLUTE
    ../clib/scanf.c                          0x00000000   Number         0  atoi.o ABSOLUTE
    ../clib/scanf.c                          0x00000000   Number         0  strtol.o ABSOLUTE
    ../clib/scanf.c                          0x00000000   Number         0  _chval.o ABSOLUTE
    ../fplib/microlib/fpadd.c                0x00000000   Number         0  dadd.o ABSOLUTE
    ../fplib/microlib/fpdiv.c                0x00000000   Number         0  ddiv.o ABSOLUTE
    ../fplib/microlib/fpepilogue.c           0x00000000   Number         0  depilogue.o ABSOLUTE
    ../fplib/microlib/fpfix.c                0x00000000   Number         0  dfixul.o ABSOLUTE
    ../fplib/microlib/fpmul.c                0x00000000   Number         0  dmul.o ABSOLUTE
    ..\Drivers\STM32F0xx_HAL_Driver\Src\stm32f0xx_hal.c 0x00000000   Number         0  stm32f0xx_hal.o ABSOLUTE
    ..\Drivers\STM32F0xx_HAL_Driver\Src\stm32f0xx_hal_cortex.c 0x00000000   Number         0  stm32f0xx_hal_cortex.o ABSOLUTE
    ..\Drivers\STM32F0xx_HAL_Driver\Src\stm32f0xx_hal_dac.c 0x00000000   Number         0  stm32f0xx_hal_dac.o ABSOLUTE
    ..\Drivers\STM32F0xx_HAL_Driver\Src\stm32f0xx_hal_dac_ex.c 0x00000000   Number         0  stm32f0xx_hal_dac_ex.o ABSOLUTE
    ..\Drivers\STM32F0xx_HAL_Driver\Src\stm32f0xx_hal_dma.c 0x00000000   Number         0  stm32f0xx_hal_dma.o ABSOLUTE
    ..\Drivers\STM32F0xx_HAL_Driver\Src\stm32f0xx_hal_flash.c 0x00000000   Number         0  stm32f0xx_hal_flash.o ABSOLUTE
    ..\Drivers\STM32F0xx_HAL_Driver\Src\stm32f0xx_hal_flash_ex.c 0x00000000   Number         0  stm32f0xx_hal_flash_ex.o ABSOLUTE
    ..\Drivers\STM32F0xx_HAL_Driver\Src\stm32f0xx_hal_gpio.c 0x00000000   Number         0  stm32f0xx_hal_gpio.o ABSOLUTE
    ..\Drivers\STM32F0xx_HAL_Driver\Src\stm32f0xx_hal_i2c.c 0x00000000   Number         0  stm32f0xx_hal_i2c.o ABSOLUTE
    ..\Drivers\STM32F0xx_HAL_Driver\Src\stm32f0xx_hal_i2c_ex.c 0x00000000   Number         0  stm32f0xx_hal_i2c_ex.o ABSOLUTE
    ..\Drivers\STM32F0xx_HAL_Driver\Src\stm32f0xx_hal_pcd.c 0x00000000   Number         0  stm32f0xx_hal_pcd.o ABSOLUTE
    ..\Drivers\STM32F0xx_HAL_Driver\Src\stm32f0xx_hal_pcd_ex.c 0x00000000   Number         0  stm32f0xx_hal_pcd_ex.o ABSOLUTE
    ..\Drivers\STM32F0xx_HAL_Driver\Src\stm32f0xx_hal_pwr.c 0x00000000   Number         0  stm32f0xx_hal_pwr.o ABSOLUTE
    ..\Drivers\STM32F0xx_HAL_Driver\Src\stm32f0xx_hal_pwr_ex.c 0x00000000   Number         0  stm32f0xx_hal_pwr_ex.o ABSOLUTE
    ..\Drivers\STM32F0xx_HAL_Driver\Src\stm32f0xx_hal_rcc.c 0x00000000   Number         0  stm32f0xx_hal_rcc.o ABSOLUTE
    ..\Drivers\STM32F0xx_HAL_Driver\Src\stm32f0xx_hal_rcc_ex.c 0x00000000   Number         0  stm32f0xx_hal_rcc_ex.o ABSOLUTE
    ..\Drivers\STM32F0xx_HAL_Driver\Src\stm32f0xx_hal_spi.c 0x00000000   Number         0  stm32f0xx_hal_spi.o ABSOLUTE
    ..\Drivers\STM32F0xx_HAL_Driver\Src\stm32f0xx_hal_spi_ex.c 0x00000000   Number         0  stm32f0xx_hal_spi_ex.o ABSOLUTE
    ..\Drivers\STM32F0xx_HAL_Driver\Src\stm32f0xx_hal_tim.c 0x00000000   Number         0  stm32f0xx_hal_tim.o ABSOLUTE
    ..\Drivers\STM32F0xx_HAL_Driver\Src\stm32f0xx_hal_tim_ex.c 0x00000000   Number         0  stm32f0xx_hal_tim_ex.o ABSOLUTE
    ..\Middlewares\ST\STM32_USB_Device_Library\Class\CDC\Src\usbd_cdc.c 0x00000000   Number         0  usbd_cdc.o ABSOLUTE
    ..\Middlewares\ST\STM32_USB_Device_Library\Core\Src\usbd_core.c 0x00000000   Number         0  usbd_core.o ABSOLUTE
    ..\Middlewares\ST\STM32_USB_Device_Library\Core\Src\usbd_ctlreq.c 0x00000000   Number         0  usbd_ctlreq.o ABSOLUTE
    ..\Middlewares\ST\STM32_USB_Device_Library\Core\Src\usbd_ioreq.c 0x00000000   Number         0  usbd_ioreq.o ABSOLUTE
    ..\Src\helpers.c                         0x00000000   Number         0  helpers.o ABSOLUTE
    ..\Src\main.c                            0x00000000   Number         0  main.o ABSOLUTE
    ..\Src\max572x.c                         0x00000000   Number         0  max572x.o ABSOLUTE
    ..\Src\my_usb.c                          0x00000000   Number         0  my_usb.o ABSOLUTE
    ..\Src\stm32f0xx_hal_msp.c               0x00000000   Number         0  stm32f0xx_hal_msp.o ABSOLUTE
    ..\Src\stm32f0xx_it.c                    0x00000000   Number         0  stm32f0xx_it.o ABSOLUTE
    ..\Src\system_stm32f0xx.c                0x00000000   Number         0  system_stm32f0xx.o ABSOLUTE
    ..\Src\usb_device.c                      0x00000000   Number         0  usb_device.o ABSOLUTE
    ..\Src\usbd_cdc_if.c                     0x00000000   Number         0  usbd_cdc_if.o ABSOLUTE
    ..\Src\usbd_conf.c                       0x00000000   Number         0  usbd_conf.o ABSOLUTE
    ..\Src\usbd_desc.c                       0x00000000   Number         0  usbd_desc.o ABSOLUTE
    ..\\Src\\helpers.c                       0x00000000   Number         0  helpers.o ABSOLUTE
    ..\\Src\\max572x.c                       0x00000000   Number         0  max572x.o ABSOLUTE
    ..\\Src\\my_usb.c                        0x00000000   Number         0  my_usb.o ABSOLUTE
    cdrcmple.s                               0x00000000   Number         0  cdrcmple.o ABSOLUTE
    dc.s                                     0x00000000   Number         0  dc.o ABSOLUTE
    handlers.s                               0x00000000   Number         0  handlers.o ABSOLUTE
    init.s                                   0x00000000   Number         0  init.o ABSOLUTE
    startup_stm32f072xb.s                    0x00000000   Number         0  startup_stm32f072xb.o ABSOLUTE
    RESET                                    0x08000000   Section      192  startup_stm32f072xb.o(RESET)
    .ARM.Collect$$$$00000000                 0x080000c0   Section        0  entry.o(.ARM.Collect$$$$00000000)
    .ARM.Collect$$$$00000001                 0x080000c0   Section        4  entry2.o(.ARM.Collect$$$$00000001)
    .ARM.Collect$$$$00000004                 0x080000c4   Section        4  entry5.o(.ARM.Collect$$$$00000004)
    .ARM.Collect$$$$00000008                 0x080000c8   Section        0  entry7b.o(.ARM.Collect$$$$00000008)
    .ARM.Collect$$$$0000000A                 0x080000c8   Section        0  entry8b.o(.ARM.Collect$$$$0000000A)
    .ARM.Collect$$$$0000000B                 0x080000c8   Section        8  entry9a.o(.ARM.Collect$$$$0000000B)
    .ARM.Collect$$$$0000000D                 0x080000d0   Section        0  entry10a.o(.ARM.Collect$$$$0000000D)
    .ARM.Collect$$$$0000000F                 0x080000d0   Section        0  entry11a.o(.ARM.Collect$$$$0000000F)
    .ARM.Collect$$$$00002712                 0x080000d0   Section        4  entry2.o(.ARM.Collect$$$$00002712)
    __lit__00000000                          0x080000d0   Data           4  entry2.o(.ARM.Collect$$$$00002712)
    .text                                    0x080000d4   Section       28  startup_stm32f072xb.o(.text)
    .text                                    0x080000f0   Section        0  uidiv.o(.text)
    .text                                    0x0800011c   Section        0  memseta.o(.text)
    .text                                    0x08000140   Section        0  strcpy.o(.text)
    .text                                    0x08000154   Section       36  init.o(.text)
    .text                                    0x08000178   Section        0  __dczerorl2.o(.text)
    i.CDC_Control_FS                         0x080001d0   Section        0  usbd_cdc_if.o(i.CDC_Control_FS)
    CDC_Control_FS                           0x080001d1   Thumb Code    50  usbd_cdc_if.o(i.CDC_Control_FS)
    i.CDC_DeInit_FS                          0x08000208   Section        0  usbd_cdc_if.o(i.CDC_DeInit_FS)
    CDC_DeInit_FS                            0x08000209   Thumb Code     4  usbd_cdc_if.o(i.CDC_DeInit_FS)
    i.CDC_Init_FS                            0x0800020c   Section        0  usbd_cdc_if.o(i.CDC_Init_FS)
    CDC_Init_FS                              0x0800020d   Thumb Code    24  usbd_cdc_if.o(i.CDC_Init_FS)
    i.CDC_Receive_FS                         0x08000230   Section        0  usbd_cdc_if.o(i.CDC_Receive_FS)
    CDC_Receive_FS                           0x08000231   Thumb Code    32  usbd_cdc_if.o(i.CDC_Receive_FS)
    i.CDC_Transmit_FS                        0x08000258   Section        0  usbd_cdc_if.o(i.CDC_Transmit_FS)
    i.Error_Handler                          0x08000298   Section        0  main.o(i.Error_Handler)
    i.HAL_DAC_ConfigChannel                  0x0800029c   Section        0  stm32f0xx_hal_dac_ex.o(i.HAL_DAC_ConfigChannel)
    i.HAL_DAC_Init                           0x080002d4   Section        0  stm32f0xx_hal_dac.o(i.HAL_DAC_Init)
    i.HAL_DAC_MspInit                        0x08000300   Section        0  stm32f0xx_hal_msp.o(i.HAL_DAC_MspInit)
    i.HAL_GPIO_Init                          0x08000340   Section        0  stm32f0xx_hal_gpio.o(i.HAL_GPIO_Init)
    i.HAL_GPIO_WritePin                      0x08000498   Section        0  stm32f0xx_hal_gpio.o(i.HAL_GPIO_WritePin)
    i.HAL_GetTick                            0x080004a4   Section        0  stm32f0xx_hal.o(i.HAL_GetTick)
    i.HAL_IncTick                            0x080004b0   Section        0  stm32f0xx_hal.o(i.HAL_IncTick)
    i.HAL_Init                               0x080004c0   Section        0  stm32f0xx_hal.o(i.HAL_Init)
    i.HAL_InitTick                           0x080004e0   Section        0  stm32f0xx_hal.o(i.HAL_InitTick)
    i.HAL_MspInit                            0x08000504   Section        0  stm32f0xx_hal_msp.o(i.HAL_MspInit)
    i.HAL_NVIC_EnableIRQ                     0x0800053c   Section        0  stm32f0xx_hal_cortex.o(i.HAL_NVIC_EnableIRQ)
    i.HAL_NVIC_SetPriority                   0x08000550   Section        0  stm32f0xx_hal_cortex.o(i.HAL_NVIC_SetPriority)
    i.HAL_PCDEx_PMAConfig                    0x08000558   Section        0  stm32f0xx_hal_pcd_ex.o(i.HAL_PCDEx_PMAConfig)
    i.HAL_PCD_DataInStageCallback            0x08000592   Section        0  usbd_conf.o(i.HAL_PCD_DataInStageCallback)
    i.HAL_PCD_DataOutStageCallback           0x080005aa   Section        0  usbd_conf.o(i.HAL_PCD_DataOutStageCallback)
    i.HAL_PCD_EP_Close                       0x080005c8   Section        0  stm32f0xx_hal_pcd.o(i.HAL_PCD_EP_Close)
    i.HAL_PCD_EP_ClrStall                    0x08000730   Section        0  stm32f0xx_hal_pcd.o(i.HAL_PCD_EP_ClrStall)
    i.HAL_PCD_EP_GetRxCount                  0x080007e4   Section        0  stm32f0xx_hal_pcd.o(i.HAL_PCD_EP_GetRxCount)
    i.HAL_PCD_EP_Open                        0x080007f8   Section        0  stm32f0xx_hal_pcd.o(i.HAL_PCD_EP_Open)
    i.HAL_PCD_EP_Receive                     0x08000a9c   Section        0  stm32f0xx_hal_pcd.o(i.HAL_PCD_EP_Receive)
    i.HAL_PCD_EP_SetStall                    0x08000bd4   Section        0  stm32f0xx_hal_pcd.o(i.HAL_PCD_EP_SetStall)
    i.HAL_PCD_EP_Transmit                    0x08000c68   Section        0  stm32f0xx_hal_pcd.o(i.HAL_PCD_EP_Transmit)
    i.HAL_PCD_IRQHandler                     0x08000dfc   Section        0  stm32f0xx_hal_pcd.o(i.HAL_PCD_IRQHandler)
    i.HAL_PCD_Init                           0x08000f08   Section        0  stm32f0xx_hal_pcd.o(i.HAL_PCD_Init)
    i.HAL_PCD_MspInit                        0x08000fa4   Section        0  usbd_conf.o(i.HAL_PCD_MspInit)
    i.HAL_PCD_ResetCallback                  0x08000fdc   Section        0  usbd_conf.o(i.HAL_PCD_ResetCallback)
    i.HAL_PCD_ResumeCallback                 0x08000ff4   Section        0  usbd_conf.o(i.HAL_PCD_ResumeCallback)
    i.HAL_PCD_SOFCallback                    0x08001020   Section        0  usbd_conf.o(i.HAL_PCD_SOFCallback)
    i.HAL_PCD_SetAddress                     0x08001030   Section        0  stm32f0xx_hal_pcd.o(i.HAL_PCD_SetAddress)
    i.HAL_PCD_SetupStageCallback             0x0800105c   Section        0  usbd_conf.o(i.HAL_PCD_SetupStageCallback)
    i.HAL_PCD_Start                          0x08001072   Section        0  stm32f0xx_hal_pcd.o(i.HAL_PCD_Start)
    i.HAL_PCD_SuspendCallback                0x08001084   Section        0  usbd_conf.o(i.HAL_PCD_SuspendCallback)
    i.HAL_RCCEx_PeriphCLKConfig              0x080010ac   Section        0  stm32f0xx_hal_rcc_ex.o(i.HAL_RCCEx_PeriphCLKConfig)
    i.HAL_RCC_ClockConfig                    0x080011cc   Section        0  stm32f0xx_hal_rcc.o(i.HAL_RCC_ClockConfig)
    i.HAL_RCC_GetHCLKFreq                    0x08001320   Section        0  stm32f0xx_hal_rcc.o(i.HAL_RCC_GetHCLKFreq)
    i.HAL_RCC_GetSysClockFreq                0x0800132c   Section        0  stm32f0xx_hal_rcc.o(i.HAL_RCC_GetSysClockFreq)
    i.HAL_RCC_OscConfig                      0x080013b4   Section        0  stm32f0xx_hal_rcc.o(i.HAL_RCC_OscConfig)
    i.HAL_SPI_Init                           0x0800178c   Section        0  stm32f0xx_hal_spi.o(i.HAL_SPI_Init)
    i.HAL_SPI_MspInit                        0x08001844   Section        0  stm32f0xx_hal_msp.o(i.HAL_SPI_MspInit)
    i.HAL_SPI_Transmit                       0x0800188c   Section        0  stm32f0xx_hal_spi.o(i.HAL_SPI_Transmit)
    i.HAL_SYSTICK_CLKSourceConfig            0x080019fc   Section        0  stm32f0xx_hal_cortex.o(i.HAL_SYSTICK_CLKSourceConfig)
    i.HAL_SYSTICK_Callback                   0x08001a14   Section        0  stm32f0xx_hal_cortex.o(i.HAL_SYSTICK_Callback)
    i.HAL_SYSTICK_Config                     0x08001a18   Section        0  stm32f0xx_hal_cortex.o(i.HAL_SYSTICK_Config)
    i.HAL_SYSTICK_IRQHandler                 0x08001a48   Section        0  stm32f0xx_hal_cortex.o(i.HAL_SYSTICK_IRQHandler)
    i.HardFault_Handler                      0x08001a50   Section        0  stm32f0xx_it.o(i.HardFault_Handler)
    i.MX_GPIO_Init                           0x08001a54   Section        0  main.o(i.MX_GPIO_Init)
    MX_GPIO_Init                             0x08001a55   Thumb Code   152  main.o(i.MX_GPIO_Init)
    i.MX_SPI2_Init                           0x08001b00   Section        0  main.o(i.MX_SPI2_Init)
    MX_SPI2_Init                             0x08001b01   Thumb Code    64  main.o(i.MX_SPI2_Init)
    i.MX_USB_DEVICE_Init                     0x08001b48   Section        0  usb_device.o(i.MX_USB_DEVICE_Init)
    i.NMI_Handler                            0x08001b7c   Section        0  stm32f0xx_it.o(i.NMI_Handler)
    i.NVIC_SetPriority                       0x08001b80   Section        0  stm32f0xx_hal_cortex.o(i.NVIC_SetPriority)
    NVIC_SetPriority                         0x08001b81   Thumb Code    60  stm32f0xx_hal_cortex.o(i.NVIC_SetPriority)
    i.PCD_EP_ISR_Handler                     0x08001bc4   Section        0  stm32f0xx_hal_pcd.o(i.PCD_EP_ISR_Handler)
    PCD_EP_ISR_Handler                       0x08001bc5   Thumb Code   802  stm32f0xx_hal_pcd.o(i.PCD_EP_ISR_Handler)
    i.PCD_ReadPMA                            0x08001efc   Section        0  stm32f0xx_hal_pcd.o(i.PCD_ReadPMA)
    i.PCD_WritePMA                           0x08001f1a   Section        0  stm32f0xx_hal_pcd.o(i.PCD_WritePMA)
    i.PendSV_Handler                         0x08001f40   Section        0  stm32f0xx_it.o(i.PendSV_Handler)
    i.SPI_EndRxTxTransaction                 0x08001f42   Section        0  stm32f0xx_hal_spi.o(i.SPI_EndRxTxTransaction)
    SPI_EndRxTxTransaction                   0x08001f43   Thumb Code    56  stm32f0xx_hal_spi.o(i.SPI_EndRxTxTransaction)
    i.SPI_WaitFifoStateUntilTimeout          0x08001f7c   Section        0  stm32f0xx_hal_spi.o(i.SPI_WaitFifoStateUntilTimeout)
    SPI_WaitFifoStateUntilTimeout            0x08001f7d   Thumb Code   152  stm32f0xx_hal_spi.o(i.SPI_WaitFifoStateUntilTimeout)
    i.SPI_WaitFlagStateUntilTimeout          0x08002018   Section        0  stm32f0xx_hal_spi.o(i.SPI_WaitFlagStateUntilTimeout)
    SPI_WaitFlagStateUntilTimeout            0x08002019   Thumb Code   142  stm32f0xx_hal_spi.o(i.SPI_WaitFlagStateUntilTimeout)
    i.SVC_Handler                            0x080020ac   Section        0  stm32f0xx_it.o(i.SVC_Handler)
    i.SysTick_Handler                        0x080020ae   Section        0  stm32f0xx_it.o(i.SysTick_Handler)
    i.SystemClock_Config                     0x080020ba   Section        0  main.o(i.SystemClock_Config)
    i.SystemInit                             0x08002134   Section        0  system_stm32f0xx.o(i.SystemInit)
    i.USBD_CDC_DataIn                        0x08002190   Section        0  usbd_cdc.o(i.USBD_CDC_DataIn)
    USBD_CDC_DataIn                          0x08002191   Thumb Code    30  usbd_cdc.o(i.USBD_CDC_DataIn)
    i.USBD_CDC_DataOut                       0x080021ae   Section        0  usbd_cdc.o(i.USBD_CDC_DataOut)
    USBD_CDC_DataOut                         0x080021af   Thumb Code    52  usbd_cdc.o(i.USBD_CDC_DataOut)
    i.USBD_CDC_DeInit                        0x080021e2   Section        0  usbd_cdc.o(i.USBD_CDC_DeInit)
    USBD_CDC_DeInit                          0x080021e3   Thumb Code    60  usbd_cdc.o(i.USBD_CDC_DeInit)
    i.USBD_CDC_EP0_RxReady                   0x0800221e   Section        0  usbd_cdc.o(i.USBD_CDC_EP0_RxReady)
    USBD_CDC_EP0_RxReady                     0x0800221f   Thumb Code    40  usbd_cdc.o(i.USBD_CDC_EP0_RxReady)
    i.USBD_CDC_GetDeviceQualifierDescriptor  0x08002248   Section        0  usbd_cdc.o(i.USBD_CDC_GetDeviceQualifierDescriptor)
    i.USBD_CDC_GetFSCfgDesc                  0x08002254   Section        0  usbd_cdc.o(i.USBD_CDC_GetFSCfgDesc)
    USBD_CDC_GetFSCfgDesc                    0x08002255   Thumb Code     8  usbd_cdc.o(i.USBD_CDC_GetFSCfgDesc)
    i.USBD_CDC_GetHSCfgDesc                  0x08002260   Section        0  usbd_cdc.o(i.USBD_CDC_GetHSCfgDesc)
    USBD_CDC_GetHSCfgDesc                    0x08002261   Thumb Code     8  usbd_cdc.o(i.USBD_CDC_GetHSCfgDesc)
    i.USBD_CDC_GetOtherSpeedCfgDesc          0x0800226c   Section        0  usbd_cdc.o(i.USBD_CDC_GetOtherSpeedCfgDesc)
    USBD_CDC_GetOtherSpeedCfgDesc            0x0800226d   Thumb Code     8  usbd_cdc.o(i.USBD_CDC_GetOtherSpeedCfgDesc)
    i.USBD_CDC_Init                          0x08002278   Section        0  usbd_cdc.o(i.USBD_CDC_Init)
    USBD_CDC_Init                            0x08002279   Thumb Code   138  usbd_cdc.o(i.USBD_CDC_Init)
    i.USBD_CDC_ReceivePacket                 0x08002302   Section        0  usbd_cdc.o(i.USBD_CDC_ReceivePacket)
    i.USBD_CDC_RegisterInterface             0x0800233a   Section        0  usbd_cdc.o(i.USBD_CDC_RegisterInterface)
    i.USBD_CDC_SetRxBuffer                   0x0800234e   Section        0  usbd_cdc.o(i.USBD_CDC_SetRxBuffer)
    i.USBD_CDC_SetTxBuffer                   0x08002362   Section        0  usbd_cdc.o(i.USBD_CDC_SetTxBuffer)
    i.USBD_CDC_Setup                         0x08002378   Section        0  usbd_cdc.o(i.USBD_CDC_Setup)
    USBD_CDC_Setup                           0x08002379   Thumb Code   112  usbd_cdc.o(i.USBD_CDC_Setup)
    i.USBD_CDC_TransmitPacket                0x080023ec   Section        0  usbd_cdc.o(i.USBD_CDC_TransmitPacket)
    i.USBD_ClrClassConfig                    0x08002420   Section        0  usbd_core.o(i.USBD_ClrClassConfig)
    i.USBD_CtlContinueRx                     0x08002430   Section        0  usbd_ioreq.o(i.USBD_CtlContinueRx)
    i.USBD_CtlContinueSendData               0x08002440   Section        0  usbd_ioreq.o(i.USBD_CtlContinueSendData)
    i.USBD_CtlError                          0x08002450   Section        0  usbd_ctlreq.o(i.USBD_CtlError)
    i.USBD_CtlPrepareRx                      0x08002464   Section        0  usbd_ioreq.o(i.USBD_CtlPrepareRx)
    i.USBD_CtlReceiveStatus                  0x08002484   Section        0  usbd_ioreq.o(i.USBD_CtlReceiveStatus)
    i.USBD_CtlSendData                       0x0800249c   Section        0  usbd_ioreq.o(i.USBD_CtlSendData)
    i.USBD_CtlSendStatus                     0x080024b8   Section        0  usbd_ioreq.o(i.USBD_CtlSendStatus)
    i.USBD_FS_ConfigStrDescriptor            0x080024d0   Section        0  usbd_desc.o(i.USBD_FS_ConfigStrDescriptor)
    i.USBD_FS_DeviceDescriptor               0x080024f0   Section        0  usbd_desc.o(i.USBD_FS_DeviceDescriptor)
    i.USBD_FS_InterfaceStrDescriptor         0x080024fc   Section        0  usbd_desc.o(i.USBD_FS_InterfaceStrDescriptor)
    i.USBD_FS_LangIDStrDescriptor            0x08002520   Section        0  usbd_desc.o(i.USBD_FS_LangIDStrDescriptor)
    i.USBD_FS_ManufacturerStrDescriptor      0x0800252c   Section        0  usbd_desc.o(i.USBD_FS_ManufacturerStrDescriptor)
    i.USBD_FS_ProductStrDescriptor           0x08002554   Section        0  usbd_desc.o(i.USBD_FS_ProductStrDescriptor)
    i.USBD_FS_SerialStrDescriptor            0x08002580   Section        0  usbd_desc.o(i.USBD_FS_SerialStrDescriptor)
    i.USBD_GetDescriptor                     0x080025a4   Section        0  usbd_ctlreq.o(i.USBD_GetDescriptor)
    USBD_GetDescriptor                       0x080025a5   Thumb Code   224  usbd_ctlreq.o(i.USBD_GetDescriptor)
    i.USBD_GetString                         0x08002684   Section        0  usbd_ctlreq.o(i.USBD_GetString)
    i.USBD_Init                              0x080026c8   Section        0  usbd_core.o(i.USBD_Init)
    i.USBD_LL_ClearStallEP                   0x080026fa   Section        0  usbd_conf.o(i.USBD_LL_ClearStallEP)
    i.USBD_LL_CloseEP                        0x08002720   Section        0  usbd_conf.o(i.USBD_LL_CloseEP)
    i.USBD_LL_DataInStage                    0x08002746   Section        0  usbd_core.o(i.USBD_LL_DataInStage)
    i.USBD_LL_DataOutStage                   0x080027fc   Section        0  usbd_core.o(i.USBD_LL_DataOutStage)
    i.USBD_LL_GetRxDataSize                  0x08002870   Section        0  usbd_conf.o(i.USBD_LL_GetRxDataSize)
    i.USBD_LL_Init                           0x08002880   Section        0  usbd_conf.o(i.USBD_LL_Init)
    i.USBD_LL_IsStallEP                      0x08002908   Section        0  usbd_conf.o(i.USBD_LL_IsStallEP)
    i.USBD_LL_OpenEP                         0x0800292c   Section        0  usbd_conf.o(i.USBD_LL_OpenEP)
    i.USBD_LL_PrepareReceive                 0x08002958   Section        0  usbd_conf.o(i.USBD_LL_PrepareReceive)
    i.USBD_LL_Reset                          0x0800297e   Section        0  usbd_core.o(i.USBD_LL_Reset)
    i.USBD_LL_Resume                         0x080029c4   Section        0  usbd_core.o(i.USBD_LL_Resume)
    i.USBD_LL_SOF                            0x080029d0   Section        0  usbd_core.o(i.USBD_LL_SOF)
    i.USBD_LL_SetSpeed                       0x080029ee   Section        0  usbd_core.o(i.USBD_LL_SetSpeed)
    i.USBD_LL_SetUSBAddress                  0x080029f4   Section        0  usbd_conf.o(i.USBD_LL_SetUSBAddress)
    i.USBD_LL_SetupStage                     0x08002a1a   Section        0  usbd_core.o(i.USBD_LL_SetupStage)
    i.USBD_LL_StallEP                        0x08002a78   Section        0  usbd_conf.o(i.USBD_LL_StallEP)
    i.USBD_LL_Start                          0x08002a9e   Section        0  usbd_conf.o(i.USBD_LL_Start)
    i.USBD_LL_Suspend                        0x08002ac4   Section        0  usbd_core.o(i.USBD_LL_Suspend)
    i.USBD_LL_Transmit                       0x08002ad4   Section        0  usbd_conf.o(i.USBD_LL_Transmit)
    i.USBD_ParseSetupRequest                 0x08002afa   Section        0  usbd_ctlreq.o(i.USBD_ParseSetupRequest)
    i.USBD_RegisterClass                     0x08002b22   Section        0  usbd_core.o(i.USBD_RegisterClass)
    i.USBD_SetClassConfig                    0x08002b38   Section        0  usbd_core.o(i.USBD_SetClassConfig)
    i.USBD_SetConfig                         0x08002b54   Section        0  usbd_ctlreq.o(i.USBD_SetConfig)
    USBD_SetConfig                           0x08002b55   Thumb Code   108  usbd_ctlreq.o(i.USBD_SetConfig)
    i.USBD_Start                             0x08002bc4   Section        0  usbd_core.o(i.USBD_Start)
    i.USBD_StdDevReq                         0x08002bce   Section        0  usbd_ctlreq.o(i.USBD_StdDevReq)
    i.USBD_StdEPReq                          0x08002cbc   Section        0  usbd_ctlreq.o(i.USBD_StdEPReq)
    i.USBD_StdItfReq                         0x08002da6   Section        0  usbd_ctlreq.o(i.USBD_StdItfReq)
    i.USBD_static_free                       0x08002de0   Section        0  usbd_conf.o(i.USBD_static_free)
    i.USBD_static_malloc                     0x08002de4   Section        0  usbd_conf.o(i.USBD_static_malloc)
    i.USB_IRQHandler                         0x08002dec   Section        0  stm32f0xx_it.o(i.USB_IRQHandler)
    i.__0printf$2                            0x08002dfc   Section        0  printf2.o(i.__0printf$2)
    i.__ARM_common_switch8                   0x08002e1c   Section        0  stm32f0xx_hal_dma.o(i.__ARM_common_switch8)
    i.__scatterload_copy                     0x08002e36   Section       14  handlers.o(i.__scatterload_copy)
    i.__scatterload_null                     0x08002e44   Section        2  handlers.o(i.__scatterload_null)
    i.__scatterload_zeroinit                 0x08002e46   Section       14  handlers.o(i.__scatterload_zeroinit)
    i._printf_core                           0x08002e54   Section        0  printf2.o(i._printf_core)
    _printf_core                             0x08002e55   Thumb Code   210  printf2.o(i._printf_core)
    i.dac_init                               0x08002f26   Section        0  max572x.o(i.dac_init)
    i.fputc                                  0x08002f5a   Section        0  main.o(i.fputc)
    i.linear_buf_add                         0x08002f68   Section        0  helpers.o(i.linear_buf_add)
    i.linear_buf_add_str                     0x08002f8e   Section        0  helpers.o(i.linear_buf_add_str)
    i.linear_buf_init                        0x08002fbc   Section        0  helpers.o(i.linear_buf_init)
    i.linear_buf_reset                       0x08002fd0   Section        0  helpers.o(i.linear_buf_reset)
    i.main                                   0x08002fec   Section        0  main.o(i.main)
    i.max572x_CODEn_LOADn                    0x080030b8   Section        0  max572x.o(i.max572x_CODEn_LOADn)
    i.max572x_CONFIG                         0x0800310c   Section        0  max572x.o(i.max572x_CONFIG)
    i.max572x_POWER                          0x08003178   Section        0  max572x.o(i.max572x_POWER)
    i.max572x_REF                            0x080031bc   Section        0  max572x.o(i.max572x_REF)
    i.max572x_SW_RESET                       0x08003210   Section        0  max572x.o(i.max572x_SW_RESET)
    i.max572x_WDOG                           0x0800324c   Section        0  max572x.o(i.max572x_WDOG)
    i.my_usb_init                            0x080032b0   Section        0  my_usb.o(i.my_usb_init)
    i.my_usb_putchar                         0x080032c8   Section        0  my_usb.o(i.my_usb_putchar)
    i.my_usb_readline                        0x080032e8   Section        0  my_usb.o(i.my_usb_readline)
    i.pack_dac_data                          0x08003344   Section        0  max572x.o(i.pack_dac_data)
    i.test                                   0x08003358   Section        0  max572x.o(i.test)
    .constdata                               0x08003390   Section       16  system_stm32f0xx.o(.constdata)
    .data                                    0x20000000   Section        4  system_stm32f0xx.o(.data)
    .data                                    0x20000004   Section       16  usbd_cdc_if.o(.data)
    .data                                    0x20000014   Section       28  usbd_desc.o(.data)
    .data                                    0x20000030   Section       22  usbd_desc.o(.data)
    .data                                    0x20000048   Section        4  my_usb.o(.data)
    .data                                    0x2000004c   Section        4  my_usb.o(.data)
    .data                                    0x20000050   Section        4  stm32f0xx_hal.o(.data)
    .data                                    0x20000054   Section        1  usbd_ctlreq.o(.data)
    cfgidx                                   0x20000054   Data           1  usbd_ctlreq.o(.data)
    .data                                    0x20000058   Section      219  usbd_cdc.o(.data)
    ifalt                                    0x20000058   Data           1  usbd_cdc.o(.data)
    USBD_CDC_DeviceQualifierDesc             0x2000005c   Data          10  usbd_cdc.o(.data)
    .data                                    0x20000134   Section       56  usbd_cdc.o(.data)
    .data                                    0x2000016c   Section        4  stdout.o(.data)
    .bss                                     0x20000170   Section      120  main.o(.bss)
    .bss                                     0x200001e8   Section     1088  usbd_conf.o(.bss)
    mem                                      0x200001e8   Data         544  usbd_conf.o(.bss)
    .bss                                     0x20000628   Section      548  usb_device.o(.bss)
    .bss                                     0x2000084c   Section      512  usbd_cdc_if.o(.bss)
    .bss                                     0x20000a4c   Section      512  usbd_desc.o(.bss)
    .bss                                     0x20000c4c   Section      520  my_usb.o(.bss)
    STACK                                    0x20000e58   Section     1024  startup_stm32f072xb.o(STACK)

    Global Symbols

    Symbol Name                              Value     Ov Type        Size  Object(Section)

    BuildAttributes$$THM_ISAv3M$S$PE$A:L22$X:L11$S22$IEEE1$IW$USESV6$~STKCKD$USESV7$~SHL$OSPACE$ROPI$EBA8$MICROLIB$REQ8$PRES8$EABIv2 0x00000000   Number         0  anon$$obj.o ABSOLUTE
    __ARM_use_no_argv                        0x00000000   Number         0  main.o ABSOLUTE
    _printf_a                                0x00000000   Number         0  stubs.o ABSOLUTE
    _printf_c                                0x00000000   Number         0  stubs.o ABSOLUTE
    _printf_charcount                        0x00000000   Number         0  stubs.o ABSOLUTE
    _printf_d                                0x00000000   Number         0  stubs.o ABSOLUTE
    _printf_e                                0x00000000   Number         0  stubs.o ABSOLUTE
    _printf_f                                0x00000000   Number         0  stubs.o ABSOLUTE
    _printf_flags                            0x00000000   Number         0  stubs.o ABSOLUTE
    _printf_fp_dec                           0x00000000   Number         0  stubs.o ABSOLUTE
    _printf_fp_hex                           0x00000000   Number         0  stubs.o ABSOLUTE
    _printf_g                                0x00000000   Number         0  stubs.o ABSOLUTE
    _printf_i                                0x00000000   Number         0  stubs.o ABSOLUTE
    _printf_int_dec                          0x00000000   Number         0  stubs.o ABSOLUTE
    _printf_l                                0x00000000   Number         0  stubs.o ABSOLUTE
    _printf_lc                               0x00000000   Number         0  stubs.o ABSOLUTE
    _printf_ll                               0x00000000   Number         0  stubs.o ABSOLUTE
    _printf_lld                              0x00000000   Number         0  stubs.o ABSOLUTE
    _printf_lli                              0x00000000   Number         0  stubs.o ABSOLUTE
    _printf_llo                              0x00000000   Number         0  stubs.o ABSOLUTE
    _printf_llu                              0x00000000   Number         0  stubs.o ABSOLUTE
    _printf_llx                              0x00000000   Number         0  stubs.o ABSOLUTE
    _printf_longlong_dec                     0x00000000   Number         0  stubs.o ABSOLUTE
    _printf_longlong_hex                     0x00000000   Number         0  stubs.o ABSOLUTE
    _printf_longlong_oct                     0x00000000   Number         0  stubs.o ABSOLUTE
    _printf_ls                               0x00000000   Number         0  stubs.o ABSOLUTE
    _printf_mbtowc                           0x00000000   Number         0  stubs.o ABSOLUTE
    _printf_n                                0x00000000   Number         0  stubs.o ABSOLUTE
    _printf_o                                0x00000000   Number         0  stubs.o ABSOLUTE
    _printf_p                                0x00000000   Number         0  stubs.o ABSOLUTE
    _printf_percent                          0x00000000   Number         0  stubs.o ABSOLUTE
    _printf_pre_padding                      0x00000000   Number         0  stubs.o ABSOLUTE
    _printf_return_value                     0x00000000   Number         0  stubs.o ABSOLUTE
    _printf_s                                0x00000000   Number         0  stubs.o ABSOLUTE
    _printf_sizespec                         0x00000000   Number         0  stubs.o ABSOLUTE
    _printf_str                              0x00000000   Number         0  stubs.o ABSOLUTE
    _printf_truncate_signed                  0x00000000   Number         0  stubs.o ABSOLUTE
    _printf_truncate_unsigned                0x00000000   Number         0  stubs.o ABSOLUTE
    _printf_u                                0x00000000   Number         0  stubs.o ABSOLUTE
    _printf_wc                               0x00000000   Number         0  stubs.o ABSOLUTE
    _printf_wctomb                           0x00000000   Number         0  stubs.o ABSOLUTE
    _printf_widthprec                        0x00000000   Number         0  stubs.o ABSOLUTE
    _printf_x                                0x00000000   Number         0  stubs.o ABSOLUTE
    __cpp_initialize__aeabi_                  - Undefined Weak Reference
    __cxa_finalize                            - Undefined Weak Reference
    _clock_init                               - Undefined Weak Reference
    _microlib_exit                            - Undefined Weak Reference
    __Vectors_Size                           0x000000c0   Number         0  startup_stm32f072xb.o ABSOLUTE
    __Vectors                                0x08000000   Data           4  startup_stm32f072xb.o(RESET)
    __Vectors_End                            0x080000c0   Data           0  startup_stm32f072xb.o(RESET)
    __main                                   0x080000c1   Thumb Code     0  entry.o(.ARM.Collect$$$$00000000)
    _main_stk                                0x080000c1   Thumb Code     0  entry2.o(.ARM.Collect$$$$00000001)
    _main_scatterload                        0x080000c5   Thumb Code     0  entry5.o(.ARM.Collect$$$$00000004)
    __main_after_scatterload                 0x080000c9   Thumb Code     0  entry5.o(.ARM.Collect$$$$00000004)
    _main_clock                              0x080000c9   Thumb Code     0  entry7b.o(.ARM.Collect$$$$00000008)
    _main_cpp_init                           0x080000c9   Thumb Code     0  entry8b.o(.ARM.Collect$$$$0000000A)
    _main_init                               0x080000c9   Thumb Code     0  entry9a.o(.ARM.Collect$$$$0000000B)
    __rt_final_cpp                           0x080000d1   Thumb Code     0  entry10a.o(.ARM.Collect$$$$0000000D)
    __rt_final_exit                          0x080000d1   Thumb Code     0  entry11a.o(.ARM.Collect$$$$0000000F)
    Reset_Handler                            0x080000d5   Thumb Code     8  startup_stm32f072xb.o(.text)
    ADC1_COMP_IRQHandler                     0x080000e7   Thumb Code     0  startup_stm32f072xb.o(.text)
    CEC_CAN_IRQHandler                       0x080000e7   Thumb Code     0  startup_stm32f072xb.o(.text)
    DMA1_Channel1_IRQHandler                 0x080000e7   Thumb Code     0  startup_stm32f072xb.o(.text)
    DMA1_Channel2_3_IRQHandler               0x080000e7   Thumb Code     0  startup_stm32f072xb.o(.text)
    DMA1_Channel4_5_6_7_IRQHandler           0x080000e7   Thumb Code     0  startup_stm32f072xb.o(.text)
    EXTI0_1_IRQHandler                       0x080000e7   Thumb Code     0  startup_stm32f072xb.o(.text)
    EXTI2_3_IRQHandler                       0x080000e7   Thumb Code     0  startup_stm32f072xb.o(.text)
    EXTI4_15_IRQHandler                      0x080000e7   Thumb Code     0  startup_stm32f072xb.o(.text)
    FLASH_IRQHandler                         0x080000e7   Thumb Code     0  startup_stm32f072xb.o(.text)
    I2C1_IRQHandler                          0x080000e7   Thumb Code     0  startup_stm32f072xb.o(.text)
    I2C2_IRQHandler                          0x080000e7   Thumb Code     0  startup_stm32f072xb.o(.text)
    PVD_VDDIO2_IRQHandler                    0x080000e7   Thumb Code     0  startup_stm32f072xb.o(.text)
    RCC_CRS_IRQHandler                       0x080000e7   Thumb Code     0  startup_stm32f072xb.o(.text)
    RTC_IRQHandler                           0x080000e7   Thumb Code     0  startup_stm32f072xb.o(.text)
    SPI1_IRQHandler                          0x080000e7   Thumb Code     0  startup_stm32f072xb.o(.text)
    SPI2_IRQHandler                          0x080000e7   Thumb Code     0  startup_stm32f072xb.o(.text)
    TIM14_IRQHandler                         0x080000e7   Thumb Code     0  startup_stm32f072xb.o(.text)
    TIM15_IRQHandler                         0x080000e7   Thumb Code     0  startup_stm32f072xb.o(.text)
    TIM16_IRQHandler                         0x080000e7   Thumb Code     0  startup_stm32f072xb.o(.text)
    TIM17_IRQHandler                         0x080000e7   Thumb Code     0  startup_stm32f072xb.o(.text)
    TIM1_BRK_UP_TRG_COM_IRQHandler           0x080000e7   Thumb Code     0  startup_stm32f072xb.o(.text)
    TIM1_CC_IRQHandler                       0x080000e7   Thumb Code     0  startup_stm32f072xb.o(.text)
    TIM2_IRQHandler                          0x080000e7   Thumb Code     0  startup_stm32f072xb.o(.text)
    TIM3_IRQHandler                          0x080000e7   Thumb Code     0  startup_stm32f072xb.o(.text)
    TIM6_DAC_IRQHandler                      0x080000e7   Thumb Code     0  startup_stm32f072xb.o(.text)
    TIM7_IRQHandler                          0x080000e7   Thumb Code     0  startup_stm32f072xb.o(.text)
    TSC_IRQHandler                           0x080000e7   Thumb Code     0  startup_stm32f072xb.o(.text)
    USART1_IRQHandler                        0x080000e7   Thumb Code     0  startup_stm32f072xb.o(.text)
    USART2_IRQHandler                        0x080000e7   Thumb Code     0  startup_stm32f072xb.o(.text)
    USART3_4_IRQHandler                      0x080000e7   Thumb Code     0  startup_stm32f072xb.o(.text)
    WWDG_IRQHandler                          0x080000e7   Thumb Code     0  startup_stm32f072xb.o(.text)
    __aeabi_uidiv                            0x080000f1   Thumb Code     0  uidiv.o(.text)
    __aeabi_uidivmod                         0x080000f1   Thumb Code    44  uidiv.o(.text)
    __aeabi_memset                           0x0800011d   Thumb Code    14  memseta.o(.text)
    __aeabi_memset4                          0x0800011d   Thumb Code     0  memseta.o(.text)
    __aeabi_memset8                          0x0800011d   Thumb Code     0  memseta.o(.text)
    __aeabi_memclr                           0x0800012b   Thumb Code     4  memseta.o(.text)
    __aeabi_memclr4                          0x0800012b   Thumb Code     0  memseta.o(.text)
    __aeabi_memclr8                          0x0800012b   Thumb Code     0  memseta.o(.text)
    _memset$wrapper                          0x0800012f   Thumb Code    18  memseta.o(.text)
    strcpy                                   0x08000141   Thumb Code    18  strcpy.o(.text)
    __scatterload                            0x08000155   Thumb Code    28  init.o(.text)
    __scatterload_rt2                        0x08000155   Thumb Code     0  init.o(.text)
    __decompress                             0x08000179   Thumb Code     0  __dczerorl2.o(.text)
    __decompress1                            0x08000179   Thumb Code    86  __dczerorl2.o(.text)
    CDC_Transmit_FS                          0x08000259   Thumb Code    54  usbd_cdc_if.o(i.CDC_Transmit_FS)
    Error_Handler                            0x08000299   Thumb Code     2  main.o(i.Error_Handler)
    HAL_DAC_ConfigChannel                    0x0800029d   Thumb Code    52  stm32f0xx_hal_dac_ex.o(i.HAL_DAC_ConfigChannel)
    HAL_DAC_Init                             0x080002d5   Thumb Code    42  stm32f0xx_hal_dac.o(i.HAL_DAC_Init)
    HAL_DAC_MspInit                          0x08000301   Thumb Code    54  stm32f0xx_hal_msp.o(i.HAL_DAC_MspInit)
    HAL_GPIO_Init                            0x08000341   Thumb Code   314  stm32f0xx_hal_gpio.o(i.HAL_GPIO_Init)
    HAL_GPIO_WritePin                        0x08000499   Thumb Code    12  stm32f0xx_hal_gpio.o(i.HAL_GPIO_WritePin)
    HAL_GetTick                              0x080004a5   Thumb Code     6  stm32f0xx_hal.o(i.HAL_GetTick)
    HAL_IncTick                              0x080004b1   Thumb Code    10  stm32f0xx_hal.o(i.HAL_IncTick)
    HAL_Init                                 0x080004c1   Thumb Code    26  stm32f0xx_hal.o(i.HAL_Init)
    HAL_InitTick                             0x080004e1   Thumb Code    34  stm32f0xx_hal.o(i.HAL_InitTick)
    HAL_MspInit                              0x08000505   Thumb Code    50  stm32f0xx_hal_msp.o(i.HAL_MspInit)
    HAL_NVIC_EnableIRQ                       0x0800053d   Thumb Code    14  stm32f0xx_hal_cortex.o(i.HAL_NVIC_EnableIRQ)
    HAL_NVIC_SetPriority                     0x08000551   Thumb Code     8  stm32f0xx_hal_cortex.o(i.HAL_NVIC_SetPriority)
    HAL_PCDEx_PMAConfig                      0x08000559   Thumb Code    58  stm32f0xx_hal_pcd_ex.o(i.HAL_PCDEx_PMAConfig)
    HAL_PCD_DataInStageCallback              0x08000593   Thumb Code    24  usbd_conf.o(i.HAL_PCD_DataInStageCallback)
    HAL_PCD_DataOutStageCallback             0x080005ab   Thumb Code    28  usbd_conf.o(i.HAL_PCD_DataOutStageCallback)
    HAL_PCD_EP_Close                         0x080005c9   Thumb Code   346  stm32f0xx_hal_pcd.o(i.HAL_PCD_EP_Close)
    HAL_PCD_EP_ClrStall                      0x08000731   Thumb Code   166  stm32f0xx_hal_pcd.o(i.HAL_PCD_EP_ClrStall)
    HAL_PCD_EP_GetRxCount                    0x080007e5   Thumb Code    20  stm32f0xx_hal_pcd.o(i.HAL_PCD_EP_GetRxCount)
    HAL_PCD_EP_Open                          0x080007f9   Thumb Code   652  stm32f0xx_hal_pcd.o(i.HAL_PCD_EP_Open)
    HAL_PCD_EP_Receive                       0x08000a9d   Thumb Code   298  stm32f0xx_hal_pcd.o(i.HAL_PCD_EP_Receive)
    HAL_PCD_EP_SetStall                      0x08000bd5   Thumb Code   136  stm32f0xx_hal_pcd.o(i.HAL_PCD_EP_SetStall)
    HAL_PCD_EP_Transmit                      0x08000c69   Thumb Code   386  stm32f0xx_hal_pcd.o(i.HAL_PCD_EP_Transmit)
    HAL_PCD_IRQHandler                       0x08000dfd   Thumb Code   238  stm32f0xx_hal_pcd.o(i.HAL_PCD_IRQHandler)
    HAL_PCD_Init                             0x08000f09   Thumb Code   154  stm32f0xx_hal_pcd.o(i.HAL_PCD_Init)
    HAL_PCD_MspInit                          0x08000fa5   Thumb Code    46  usbd_conf.o(i.HAL_PCD_MspInit)
    HAL_PCD_ResetCallback                    0x08000fdd   Thumb Code    24  usbd_conf.o(i.HAL_PCD_ResetCallback)
    HAL_PCD_ResumeCallback                   0x08000ff5   Thumb Code    38  usbd_conf.o(i.HAL_PCD_ResumeCallback)
    HAL_PCD_SOFCallback                      0x08001021   Thumb Code    16  usbd_conf.o(i.HAL_PCD_SOFCallback)
    HAL_PCD_SetAddress                       0x08001031   Thumb Code    44  stm32f0xx_hal_pcd.o(i.HAL_PCD_SetAddress)
    HAL_PCD_SetupStageCallback               0x0800105d   Thumb Code    22  usbd_conf.o(i.HAL_PCD_SetupStageCallback)
    HAL_PCD_Start                            0x08001073   Thumb Code    18  stm32f0xx_hal_pcd.o(i.HAL_PCD_Start)
    HAL_PCD_SuspendCallback                  0x08001085   Thumb Code    34  usbd_conf.o(i.HAL_PCD_SuspendCallback)
    HAL_RCCEx_PeriphCLKConfig                0x080010ad   Thumb Code   274  stm32f0xx_hal_rcc_ex.o(i.HAL_RCCEx_PeriphCLKConfig)
    HAL_RCC_ClockConfig                      0x080011cd   Thumb Code   320  stm32f0xx_hal_rcc.o(i.HAL_RCC_ClockConfig)
    HAL_RCC_GetHCLKFreq                      0x08001321   Thumb Code     6  stm32f0xx_hal_rcc.o(i.HAL_RCC_GetHCLKFreq)
    HAL_RCC_GetSysClockFreq                  0x0800132d   Thumb Code    90  stm32f0xx_hal_rcc.o(i.HAL_RCC_GetSysClockFreq)
    HAL_RCC_OscConfig                        0x080013b5   Thumb Code   966  stm32f0xx_hal_rcc.o(i.HAL_RCC_OscConfig)
    HAL_SPI_Init                             0x0800178d   Thumb Code   184  stm32f0xx_hal_spi.o(i.HAL_SPI_Init)
    HAL_SPI_MspInit                          0x08001845   Thumb Code    60  stm32f0xx_hal_msp.o(i.HAL_SPI_MspInit)
    HAL_SPI_Transmit                         0x0800188d   Thumb Code   368  stm32f0xx_hal_spi.o(i.HAL_SPI_Transmit)
    HAL_SYSTICK_CLKSourceConfig              0x080019fd   Thumb Code    20  stm32f0xx_hal_cortex.o(i.HAL_SYSTICK_CLKSourceConfig)
    HAL_SYSTICK_Callback                     0x08001a15   Thumb Code     2  stm32f0xx_hal_cortex.o(i.HAL_SYSTICK_Callback)
    HAL_SYSTICK_Config                       0x08001a19   Thumb Code    38  stm32f0xx_hal_cortex.o(i.HAL_SYSTICK_Config)
    HAL_SYSTICK_IRQHandler                   0x08001a49   Thumb Code     8  stm32f0xx_hal_cortex.o(i.HAL_SYSTICK_IRQHandler)
    HardFault_Handler                        0x08001a51   Thumb Code     2  stm32f0xx_it.o(i.HardFault_Handler)
    MX_USB_DEVICE_Init                       0x08001b49   Thumb Code    36  usb_device.o(i.MX_USB_DEVICE_Init)
    NMI_Handler                              0x08001b7d   Thumb Code     2  stm32f0xx_it.o(i.NMI_Handler)
    PCD_ReadPMA                              0x08001efd   Thumb Code    30  stm32f0xx_hal_pcd.o(i.PCD_ReadPMA)
    PCD_WritePMA                             0x08001f1b   Thumb Code    38  stm32f0xx_hal_pcd.o(i.PCD_WritePMA)
    PendSV_Handler                           0x08001f41   Thumb Code     2  stm32f0xx_it.o(i.PendSV_Handler)
    SVC_Handler                              0x080020ad   Thumb Code     2  stm32f0xx_it.o(i.SVC_Handler)
    SysTick_Handler                          0x080020af   Thumb Code    12  stm32f0xx_it.o(i.SysTick_Handler)
    SystemClock_Config                       0x080020bb   Thumb Code   122  main.o(i.SystemClock_Config)
    SystemInit                               0x08002135   Thumb Code    76  system_stm32f0xx.o(i.SystemInit)
    USBD_CDC_GetDeviceQualifierDescriptor    0x08002249   Thumb Code     8  usbd_cdc.o(i.USBD_CDC_GetDeviceQualifierDescriptor)
    USBD_CDC_ReceivePacket                   0x08002303   Thumb Code    56  usbd_cdc.o(i.USBD_CDC_ReceivePacket)
    USBD_CDC_RegisterInterface               0x0800233b   Thumb Code    20  usbd_cdc.o(i.USBD_CDC_RegisterInterface)
    USBD_CDC_SetRxBuffer                     0x0800234f   Thumb Code    20  usbd_cdc.o(i.USBD_CDC_SetRxBuffer)
    USBD_CDC_SetTxBuffer                     0x08002363   Thumb Code    22  usbd_cdc.o(i.USBD_CDC_SetTxBuffer)
    USBD_CDC_TransmitPacket                  0x080023ed   Thumb Code    52  usbd_cdc.o(i.USBD_CDC_TransmitPacket)
    USBD_ClrClassConfig                      0x08002421   Thumb Code    16  usbd_core.o(i.USBD_ClrClassConfig)
    USBD_CtlContinueRx                       0x08002431   Thumb Code    16  usbd_ioreq.o(i.USBD_CtlContinueRx)
    USBD_CtlContinueSendData                 0x08002441   Thumb Code    16  usbd_ioreq.o(i.USBD_CtlContinueSendData)
    USBD_CtlError                            0x08002451   Thumb Code    20  usbd_ctlreq.o(i.USBD_CtlError)
    USBD_CtlPrepareRx                        0x08002465   Thumb Code    32  usbd_ioreq.o(i.USBD_CtlPrepareRx)
    USBD_CtlReceiveStatus                    0x08002485   Thumb Code    24  usbd_ioreq.o(i.USBD_CtlReceiveStatus)
    USBD_CtlSendData                         0x0800249d   Thumb Code    28  usbd_ioreq.o(i.USBD_CtlSendData)
    USBD_CtlSendStatus                       0x080024b9   Thumb Code    24  usbd_ioreq.o(i.USBD_CtlSendStatus)
    USBD_FS_ConfigStrDescriptor              0x080024d1   Thumb Code    16  usbd_desc.o(i.USBD_FS_ConfigStrDescriptor)
    USBD_FS_DeviceDescriptor                 0x080024f1   Thumb Code     8  usbd_desc.o(i.USBD_FS_DeviceDescriptor)
    USBD_FS_InterfaceStrDescriptor           0x080024fd   Thumb Code    16  usbd_desc.o(i.USBD_FS_InterfaceStrDescriptor)
    USBD_FS_LangIDStrDescriptor              0x08002521   Thumb Code     8  usbd_desc.o(i.USBD_FS_LangIDStrDescriptor)
    USBD_FS_ManufacturerStrDescriptor        0x0800252d   Thumb Code    16  usbd_desc.o(i.USBD_FS_ManufacturerStrDescriptor)
    USBD_FS_ProductStrDescriptor             0x08002555   Thumb Code    16  usbd_desc.o(i.USBD_FS_ProductStrDescriptor)
    USBD_FS_SerialStrDescriptor              0x08002581   Thumb Code    16  usbd_desc.o(i.USBD_FS_SerialStrDescriptor)
    USBD_GetString                           0x08002685   Thumb Code    68  usbd_ctlreq.o(i.USBD_GetString)
    USBD_Init                                0x080026c9   Thumb Code    50  usbd_core.o(i.USBD_Init)
    USBD_LL_ClearStallEP                     0x080026fb   Thumb Code    38  usbd_conf.o(i.USBD_LL_ClearStallEP)
    USBD_LL_CloseEP                          0x08002721   Thumb Code    38  usbd_conf.o(i.USBD_LL_CloseEP)
    USBD_LL_DataInStage                      0x08002747   Thumb Code   182  usbd_core.o(i.USBD_LL_DataInStage)
    USBD_LL_DataOutStage                     0x080027fd   Thumb Code   116  usbd_core.o(i.USBD_LL_DataOutStage)
    USBD_LL_GetRxDataSize                    0x08002871   Thumb Code    16  usbd_conf.o(i.USBD_LL_GetRxDataSize)
    USBD_LL_Init                             0x08002881   Thumb Code   122  usbd_conf.o(i.USBD_LL_Init)
    USBD_LL_IsStallEP                        0x08002909   Thumb Code    36  usbd_conf.o(i.USBD_LL_IsStallEP)
    USBD_LL_OpenEP                           0x0800292d   Thumb Code    44  usbd_conf.o(i.USBD_LL_OpenEP)
    USBD_LL_PrepareReceive                   0x08002959   Thumb Code    38  usbd_conf.o(i.USBD_LL_PrepareReceive)
    USBD_LL_Reset                            0x0800297f   Thumb Code    70  usbd_core.o(i.USBD_LL_Reset)
    USBD_LL_Resume                           0x080029c5   Thumb Code    12  usbd_core.o(i.USBD_LL_Resume)
    USBD_LL_SOF                              0x080029d1   Thumb Code    30  usbd_core.o(i.USBD_LL_SOF)
    USBD_LL_SetSpeed                         0x080029ef   Thumb Code     6  usbd_core.o(i.USBD_LL_SetSpeed)
    USBD_LL_SetUSBAddress                    0x080029f5   Thumb Code    38  usbd_conf.o(i.USBD_LL_SetUSBAddress)
    USBD_LL_SetupStage                       0x08002a1b   Thumb Code    94  usbd_core.o(i.USBD_LL_SetupStage)
    USBD_LL_StallEP                          0x08002a79   Thumb Code    38  usbd_conf.o(i.USBD_LL_StallEP)
    USBD_LL_Start                            0x08002a9f   Thumb Code    38  usbd_conf.o(i.USBD_LL_Start)
    USBD_LL_Suspend                          0x08002ac5   Thumb Code    16  usbd_core.o(i.USBD_LL_Suspend)
    USBD_LL_Transmit                         0x08002ad5   Thumb Code    38  usbd_conf.o(i.USBD_LL_Transmit)
    USBD_ParseSetupRequest                   0x08002afb   Thumb Code    40  usbd_ctlreq.o(i.USBD_ParseSetupRequest)
    USBD_RegisterClass                       0x08002b23   Thumb Code    22  usbd_core.o(i.USBD_RegisterClass)
    USBD_SetClassConfig                      0x08002b39   Thumb Code    28  usbd_core.o(i.USBD_SetClassConfig)
    USBD_Start                               0x08002bc5   Thumb Code    10  usbd_core.o(i.USBD_Start)
    USBD_StdDevReq                           0x08002bcf   Thumb Code   238  usbd_ctlreq.o(i.USBD_StdDevReq)
    USBD_StdEPReq                            0x08002cbd   Thumb Code   234  usbd_ctlreq.o(i.USBD_StdEPReq)
    USBD_StdItfReq                           0x08002da7   Thumb Code    58  usbd_ctlreq.o(i.USBD_StdItfReq)
    USBD_static_free                         0x08002de1   Thumb Code     2  usbd_conf.o(i.USBD_static_free)
    USBD_static_malloc                       0x08002de5   Thumb Code     4  usbd_conf.o(i.USBD_static_malloc)
    USB_IRQHandler                           0x08002ded   Thumb Code    10  stm32f0xx_it.o(i.USB_IRQHandler)
    __0printf$2                              0x08002dfd   Thumb Code    24  printf2.o(i.__0printf$2)
    __1printf$2                              0x08002dfd   Thumb Code     0  printf2.o(i.__0printf$2)
    __2printf                                0x08002dfd   Thumb Code     0  printf2.o(i.__0printf$2)
    __ARM_common_switch8                     0x08002e1d   Thumb Code    26  stm32f0xx_hal_dma.o(i.__ARM_common_switch8)
    __scatterload_copy                       0x08002e37   Thumb Code    14  handlers.o(i.__scatterload_copy)
    __scatterload_null                       0x08002e45   Thumb Code     2  handlers.o(i.__scatterload_null)
    __scatterload_zeroinit                   0x08002e47   Thumb Code    14  handlers.o(i.__scatterload_zeroinit)
    dac_init                                 0x08002f27   Thumb Code    52  max572x.o(i.dac_init)
    fputc                                    0x08002f5b   Thumb Code    14  main.o(i.fputc)
    linear_buf_add                           0x08002f69   Thumb Code    38  helpers.o(i.linear_buf_add)
    linear_buf_add_str                       0x08002f8f   Thumb Code    46  helpers.o(i.linear_buf_add_str)
    linear_buf_init                          0x08002fbd   Thumb Code    20  helpers.o(i.linear_buf_init)
    linear_buf_reset                         0x08002fd1   Thumb Code    28  helpers.o(i.linear_buf_reset)
    main                                     0x08002fed   Thumb Code   126  main.o(i.main)
    max572x_CODEn_LOADn                      0x080030b9   Thumb Code    72  max572x.o(i.max572x_CODEn_LOADn)
    max572x_CONFIG                           0x0800310d   Thumb Code    94  max572x.o(i.max572x_CONFIG)
    max572x_POWER                            0x08003179   Thumb Code    54  max572x.o(i.max572x_POWER)
    max572x_REF                              0x080031bd   Thumb Code    72  max572x.o(i.max572x_REF)
    max572x_SW_RESET                         0x08003211   Thumb Code    48  max572x.o(i.max572x_SW_RESET)
    max572x_WDOG                             0x0800324d   Thumb Code    86  max572x.o(i.max572x_WDOG)
    my_usb_init                              0x080032b1   Thumb Code    16  my_usb.o(i.my_usb_init)
    my_usb_putchar                           0x080032c9   Thumb Code    28  my_usb.o(i.my_usb_putchar)
    my_usb_readline                          0x080032e9   Thumb Code    84  my_usb.o(i.my_usb_readline)
    pack_dac_data                            0x08003345   Thumb Code    20  max572x.o(i.pack_dac_data)
    test                                     0x08003359   Thumb Code    40  max572x.o(i.test)
    AHBPrescTable                            0x08003390   Data          16  system_stm32f0xx.o(.constdata)
    Region$$Table$$Base                      0x080033a0   Number         0  anon$$obj.o(Region$$Table)
    Region$$Table$$Limit                     0x080033c0   Number         0  anon$$obj.o(Region$$Table)
    SystemCoreClock                          0x20000000   Data           4  system_stm32f0xx.o(.data)
    USBD_Interface_fops_FS                   0x20000004   Data          16  usbd_cdc_if.o(.data)
    FS_Desc                                  0x20000014   Data          28  usbd_desc.o(.data)
    USBD_LangIDDesc                          0x20000030   Data           4  usbd_desc.o(.data)
    USBD_FS_DeviceDesc                       0x20000034   Data          18  usbd_desc.o(.data)
    usb_data                                 0x20000048   Data           4  my_usb.o(.data)
    is_port_open                             0x2000004c   Data           4  my_usb.o(.data)
    uwTick                                   0x20000050   Data           4  stm32f0xx_hal.o(.data)
    USBD_CDC_CfgHSDesc                       0x20000068   Data          67  usbd_cdc.o(.data)
    USBD_CDC_CfgFSDesc                       0x200000ac   Data          67  usbd_cdc.o(.data)
    USBD_CDC_OtherSpeedCfgDesc               0x200000f0   Data          67  usbd_cdc.o(.data)
    USBD_CDC                                 0x20000134   Data          56  usbd_cdc.o(.data)
    __stdout                                 0x2000016c   Data           4  stdout.o(.data)
    hdac                                     0x20000170   Data          20  main.o(.bss)
    hspi2                                    0x20000184   Data         100  main.o(.bss)
    hpcd_USB_FS                              0x20000408   Data         544  usbd_conf.o(.bss)
    hUsbDeviceFS                             0x20000628   Data         548  usb_device.o(.bss)
    UserRxBufferFS                           0x2000084c   Data         256  usbd_cdc_if.o(.bss)
    UserTxBufferFS                           0x2000094c   Data         256  usbd_cdc_if.o(.bss)
    USBD_StrDesc                             0x20000a4c   Data         512  usbd_desc.o(.bss)
    usb_line_buf                             0x20000c4c   Data         256  my_usb.o(.bss)
    usb_recv_buf                             0x20000d4c   Data         264  my_usb.o(.bss)
    __initial_sp                             0x20001258   Data           0  startup_stm32f072xb.o(STACK)



==============================================================================

Memory Map of the image

  Image Entry point : 0x080000c1

  Load Region LR_IROM1 (Base: 0x08000000, Size: 0x00003530, Max: 0x00010000, ABSOLUTE, COMPRESSED[0x00003480])

    Execution Region ER_IROM1 (Base: 0x08000000, Size: 0x000033c0, Max: 0x00010000, ABSOLUTE)

    Base Addr    Size         Type   Attr      Idx    E Section Name        Object

    0x08000000   0x000000c0   Data   RO            3    RESET               startup_stm32f072xb.o
    0x080000c0   0x00000000   Code   RO         3459  * .ARM.Collect$$$$00000000  mc_p.l(entry.o)
    0x080000c0   0x00000004   Code   RO         3735    .ARM.Collect$$$$00000001  mc_p.l(entry2.o)
    0x080000c4   0x00000004   Code   RO         3738    .ARM.Collect$$$$00000004  mc_p.l(entry5.o)
    0x080000c8   0x00000000   Code   RO         3740    .ARM.Collect$$$$00000008  mc_p.l(entry7b.o)
    0x080000c8   0x00000000   Code   RO         3742    .ARM.Collect$$$$0000000A  mc_p.l(entry8b.o)
    0x080000c8   0x00000008   Code   RO         3743    .ARM.Collect$$$$0000000B  mc_p.l(entry9a.o)
    0x080000d0   0x00000000   Code   RO         3745    .ARM.Collect$$$$0000000D  mc_p.l(entry10a.o)
    0x080000d0   0x00000000   Code   RO         3747    .ARM.Collect$$$$0000000F  mc_p.l(entry11a.o)
    0x080000d0   0x00000004   Code   RO         3736    .ARM.Collect$$$$00002712  mc_p.l(entry2.o)
    0x080000d4   0x0000001c   Code   RO            4    .text               startup_stm32f072xb.o
    0x080000f0   0x0000002c   Code   RO         3462    .text               mc_p.l(uidiv.o)
    0x0800011c   0x00000024   Code   RO         3466    .text               mc_p.l(memseta.o)
    0x08000140   0x00000012   Code   RO         3470    .text               mc_p.l(strcpy.o)
    0x08000152   0x00000002   PAD
    0x08000154   0x00000024   Code   RO         3772    .text               mc_p.l(init.o)
    0x08000178   0x00000056   Code   RO         3822    .text               mc_p.l(__dczerorl2.o)
    0x080001ce   0x00000002   PAD
    0x080001d0   0x00000038   Code   RO          739    i.CDC_Control_FS    usbd_cdc_if.o
    0x08000208   0x00000004   Code   RO          740    i.CDC_DeInit_FS     usbd_cdc_if.o
    0x0800020c   0x00000024   Code   RO          741    i.CDC_Init_FS       usbd_cdc_if.o
    0x08000230   0x00000028   Code   RO          742    i.CDC_Receive_FS    usbd_cdc_if.o
    0x08000258   0x00000040   Code   RO          743    i.CDC_Transmit_FS   usbd_cdc_if.o
    0x08000298   0x00000002   Code   RO          202    i.Error_Handler     main.o
    0x0800029a   0x00000002   PAD
    0x0800029c   0x00000038   Code   RO         2997    i.HAL_DAC_ConfigChannel  stm32f0xx_hal_dac_ex.o
    0x080002d4   0x0000002a   Code   RO         2871    i.HAL_DAC_Init      stm32f0xx_hal_dac.o
    0x080002fe   0x00000002   PAD
    0x08000300   0x00000040   Code   RO          283    i.HAL_DAC_MspInit   stm32f0xx_hal_msp.o
    0x08000340   0x00000158   Code   RO         2184    i.HAL_GPIO_Init     stm32f0xx_hal_gpio.o
    0x08000498   0x0000000c   Code   RO         2188    i.HAL_GPIO_WritePin  stm32f0xx_hal_gpio.o
    0x080004a4   0x0000000c   Code   RO         1633    i.HAL_GetTick       stm32f0xx_hal.o
    0x080004b0   0x00000010   Code   RO         1634    i.HAL_IncTick       stm32f0xx_hal.o
    0x080004c0   0x00000020   Code   RO         1635    i.HAL_Init          stm32f0xx_hal.o
    0x080004e0   0x00000022   Code   RO         1636    i.HAL_InitTick      stm32f0xx_hal.o
    0x08000502   0x00000002   PAD
    0x08000504   0x00000038   Code   RO          284    i.HAL_MspInit       stm32f0xx_hal_msp.o
    0x0800053c   0x00000014   Code   RO         1532    i.HAL_NVIC_EnableIRQ  stm32f0xx_hal_cortex.o
    0x08000550   0x00000008   Code   RO         1536    i.HAL_NVIC_SetPriority  stm32f0xx_hal_cortex.o
    0x08000558   0x0000003a   Code   RO         2841    i.HAL_PCDEx_PMAConfig  stm32f0xx_hal_pcd_ex.o
    0x08000592   0x00000018   Code   RO          491    i.HAL_PCD_DataInStageCallback  usbd_conf.o
    0x080005aa   0x0000001c   Code   RO          492    i.HAL_PCD_DataOutStageCallback  usbd_conf.o
    0x080005c6   0x00000002   PAD
    0x080005c8   0x00000168   Code   RO         2630    i.HAL_PCD_EP_Close  stm32f0xx_hal_pcd.o
    0x08000730   0x000000b4   Code   RO         2631    i.HAL_PCD_EP_ClrStall  stm32f0xx_hal_pcd.o
    0x080007e4   0x00000014   Code   RO         2633    i.HAL_PCD_EP_GetRxCount  stm32f0xx_hal_pcd.o
    0x080007f8   0x000002a4   Code   RO         2634    i.HAL_PCD_EP_Open   stm32f0xx_hal_pcd.o
    0x08000a9c   0x00000138   Code   RO         2635    i.HAL_PCD_EP_Receive  stm32f0xx_hal_pcd.o
    0x08000bd4   0x00000094   Code   RO         2636    i.HAL_PCD_EP_SetStall  stm32f0xx_hal_pcd.o
    0x08000c68   0x00000194   Code   RO         2637    i.HAL_PCD_EP_Transmit  stm32f0xx_hal_pcd.o
    0x08000dfc   0x0000010c   Code   RO         2639    i.HAL_PCD_IRQHandler  stm32f0xx_hal_pcd.o
    0x08000f08   0x0000009a   Code   RO         2642    i.HAL_PCD_Init      stm32f0xx_hal_pcd.o
    0x08000fa2   0x00000002   PAD
    0x08000fa4   0x00000038   Code   RO          497    i.HAL_PCD_MspInit   usbd_conf.o
    0x08000fdc   0x00000018   Code   RO          498    i.HAL_PCD_ResetCallback  usbd_conf.o
    0x08000ff4   0x0000002c   Code   RO          499    i.HAL_PCD_ResumeCallback  usbd_conf.o
    0x08001020   0x00000010   Code   RO          500    i.HAL_PCD_SOFCallback  usbd_conf.o
    0x08001030   0x0000002c   Code   RO         2648    i.HAL_PCD_SetAddress  stm32f0xx_hal_pcd.o
    0x0800105c   0x00000016   Code   RO          501    i.HAL_PCD_SetupStageCallback  usbd_conf.o
    0x08001072   0x00000012   Code   RO         2650    i.HAL_PCD_Start     stm32f0xx_hal_pcd.o
    0x08001084   0x00000028   Code   RO          502    i.HAL_PCD_SuspendCallback  usbd_conf.o
    0x080010ac   0x00000120   Code   RO          902    i.HAL_RCCEx_PeriphCLKConfig  stm32f0xx_hal_rcc_ex.o
    0x080011cc   0x00000154   Code   RO         2332    i.HAL_RCC_ClockConfig  stm32f0xx_hal_rcc.o
    0x08001320   0x0000000c   Code   RO         2337    i.HAL_RCC_GetHCLKFreq  stm32f0xx_hal_rcc.o
    0x0800132c   0x00000088   Code   RO         2340    i.HAL_RCC_GetSysClockFreq  stm32f0xx_hal_rcc.o
    0x080013b4   0x000003d8   Code   RO         2343    i.HAL_RCC_OscConfig  stm32f0xx_hal_rcc.o
    0x0800178c   0x000000b8   Code   RO         1038    i.HAL_SPI_Init      stm32f0xx_hal_spi.o
    0x08001844   0x00000048   Code   RO          286    i.HAL_SPI_MspInit   stm32f0xx_hal_msp.o
    0x0800188c   0x00000170   Code   RO         1046    i.HAL_SPI_Transmit  stm32f0xx_hal_spi.o
    0x080019fc   0x00000018   Code   RO         1538    i.HAL_SYSTICK_CLKSourceConfig  stm32f0xx_hal_cortex.o
    0x08001a14   0x00000002   Code   RO         1539    i.HAL_SYSTICK_Callback  stm32f0xx_hal_cortex.o
    0x08001a16   0x00000002   PAD
    0x08001a18   0x00000030   Code   RO         1540    i.HAL_SYSTICK_Config  stm32f0xx_hal_cortex.o
    0x08001a48   0x00000008   Code   RO         1541    i.HAL_SYSTICK_IRQHandler  stm32f0xx_hal_cortex.o
    0x08001a50   0x00000002   Code   RO          144    i.HardFault_Handler  stm32f0xx_it.o
    0x08001a52   0x00000002   PAD
    0x08001a54   0x000000ac   Code   RO          203    i.MX_GPIO_Init      main.o
    0x08001b00   0x00000048   Code   RO          204    i.MX_SPI2_Init      main.o
    0x08001b48   0x00000034   Code   RO          705    i.MX_USB_DEVICE_Init  usb_device.o
    0x08001b7c   0x00000002   Code   RO          145    i.NMI_Handler       stm32f0xx_it.o
    0x08001b7e   0x00000002   PAD
    0x08001b80   0x00000044   Code   RO         1542    i.NVIC_SetPriority  stm32f0xx_hal_cortex.o
    0x08001bc4   0x00000338   Code   RO         2653    i.PCD_EP_ISR_Handler  stm32f0xx_hal_pcd.o
    0x08001efc   0x0000001e   Code   RO         2654    i.PCD_ReadPMA       stm32f0xx_hal_pcd.o
    0x08001f1a   0x00000026   Code   RO         2655    i.PCD_WritePMA      stm32f0xx_hal_pcd.o
    0x08001f40   0x00000002   Code   RO          146    i.PendSV_Handler    stm32f0xx_it.o
    0x08001f42   0x00000038   Code   RO         1076    i.SPI_EndRxTxTransaction  stm32f0xx_hal_spi.o
    0x08001f7a   0x00000002   PAD
    0x08001f7c   0x0000009c   Code   RO         1081    i.SPI_WaitFifoStateUntilTimeout  stm32f0xx_hal_spi.o
    0x08002018   0x00000094   Code   RO         1082    i.SPI_WaitFlagStateUntilTimeout  stm32f0xx_hal_spi.o
    0x080020ac   0x00000002   Code   RO          147    i.SVC_Handler       stm32f0xx_it.o
    0x080020ae   0x0000000c   Code   RO          148    i.SysTick_Handler   stm32f0xx_it.o
    0x080020ba   0x0000007a   Code   RO          205    i.SystemClock_Config  main.o
    0x08002134   0x0000005c   Code   RO           13    i.SystemInit        system_stm32f0xx.o
    0x08002190   0x0000001e   Code   RO         3359    i.USBD_CDC_DataIn   usbd_cdc.o
    0x080021ae   0x00000034   Code   RO         3360    i.USBD_CDC_DataOut  usbd_cdc.o
    0x080021e2   0x0000003c   Code   RO         3361    i.USBD_CDC_DeInit   usbd_cdc.o
    0x0800221e   0x00000028   Code   RO         3362    i.USBD_CDC_EP0_RxReady  usbd_cdc.o
    0x08002246   0x00000002   PAD
    0x08002248   0x0000000c   Code   RO         3363    i.USBD_CDC_GetDeviceQualifierDescriptor  usbd_cdc.o
    0x08002254   0x0000000c   Code   RO         3364    i.USBD_CDC_GetFSCfgDesc  usbd_cdc.o
    0x08002260   0x0000000c   Code   RO         3365    i.USBD_CDC_GetHSCfgDesc  usbd_cdc.o
    0x0800226c   0x0000000c   Code   RO         3366    i.USBD_CDC_GetOtherSpeedCfgDesc  usbd_cdc.o
    0x08002278   0x0000008a   Code   RO         3367    i.USBD_CDC_Init     usbd_cdc.o
    0x08002302   0x00000038   Code   RO         3368    i.USBD_CDC_ReceivePacket  usbd_cdc.o
    0x0800233a   0x00000014   Code   RO         3369    i.USBD_CDC_RegisterInterface  usbd_cdc.o
    0x0800234e   0x00000014   Code   RO         3370    i.USBD_CDC_SetRxBuffer  usbd_cdc.o
    0x08002362   0x00000016   Code   RO         3371    i.USBD_CDC_SetTxBuffer  usbd_cdc.o
    0x08002378   0x00000074   Code   RO         3372    i.USBD_CDC_Setup    usbd_cdc.o
    0x080023ec   0x00000034   Code   RO         3373    i.USBD_CDC_TransmitPacket  usbd_cdc.o
    0x08002420   0x00000010   Code   RO         3164    i.USBD_ClrClassConfig  usbd_core.o
    0x08002430   0x00000010   Code   RO         3108    i.USBD_CtlContinueRx  usbd_ioreq.o
    0x08002440   0x00000010   Code   RO         3109    i.USBD_CtlContinueSendData  usbd_ioreq.o
    0x08002450   0x00000014   Code   RO         3298    i.USBD_CtlError     usbd_ctlreq.o
    0x08002464   0x00000020   Code   RO         3110    i.USBD_CtlPrepareRx  usbd_ioreq.o
    0x08002484   0x00000018   Code   RO         3111    i.USBD_CtlReceiveStatus  usbd_ioreq.o
    0x0800249c   0x0000001c   Code   RO         3112    i.USBD_CtlSendData  usbd_ioreq.o
    0x080024b8   0x00000018   Code   RO         3113    i.USBD_CtlSendStatus  usbd_ioreq.o
    0x080024d0   0x00000020   Code   RO          787    i.USBD_FS_ConfigStrDescriptor  usbd_desc.o
    0x080024f0   0x0000000c   Code   RO          788    i.USBD_FS_DeviceDescriptor  usbd_desc.o
    0x080024fc   0x00000024   Code   RO          789    i.USBD_FS_InterfaceStrDescriptor  usbd_desc.o
    0x08002520   0x0000000c   Code   RO          790    i.USBD_FS_LangIDStrDescriptor  usbd_desc.o
    0x0800252c   0x00000028   Code   RO          791    i.USBD_FS_ManufacturerStrDescriptor  usbd_desc.o
    0x08002554   0x0000002c   Code   RO          792    i.USBD_FS_ProductStrDescriptor  usbd_desc.o
    0x08002580   0x00000024   Code   RO          793    i.USBD_FS_SerialStrDescriptor  usbd_desc.o
    0x080025a4   0x000000e0   Code   RO         3299    i.USBD_GetDescriptor  usbd_ctlreq.o
    0x08002684   0x00000044   Code   RO         3300    i.USBD_GetString    usbd_ctlreq.o
    0x080026c8   0x00000032   Code   RO         3166    i.USBD_Init         usbd_core.o
    0x080026fa   0x00000026   Code   RO          503    i.USBD_LL_ClearStallEP  usbd_conf.o
    0x08002720   0x00000026   Code   RO          504    i.USBD_LL_CloseEP   usbd_conf.o
    0x08002746   0x000000b6   Code   RO         3167    i.USBD_LL_DataInStage  usbd_core.o
    0x080027fc   0x00000074   Code   RO         3168    i.USBD_LL_DataOutStage  usbd_core.o
    0x08002870   0x00000010   Code   RO          508    i.USBD_LL_GetRxDataSize  usbd_conf.o
    0x08002880   0x00000088   Code   RO          509    i.USBD_LL_Init      usbd_conf.o
    0x08002908   0x00000024   Code   RO          510    i.USBD_LL_IsStallEP  usbd_conf.o
    0x0800292c   0x0000002c   Code   RO          511    i.USBD_LL_OpenEP    usbd_conf.o
    0x08002958   0x00000026   Code   RO          512    i.USBD_LL_PrepareReceive  usbd_conf.o
    0x0800297e   0x00000046   Code   RO         3173    i.USBD_LL_Reset     usbd_core.o
    0x080029c4   0x0000000c   Code   RO         3174    i.USBD_LL_Resume    usbd_core.o
    0x080029d0   0x0000001e   Code   RO         3175    i.USBD_LL_SOF       usbd_core.o
    0x080029ee   0x00000006   Code   RO         3176    i.USBD_LL_SetSpeed  usbd_core.o
    0x080029f4   0x00000026   Code   RO          513    i.USBD_LL_SetUSBAddress  usbd_conf.o
    0x08002a1a   0x0000005e   Code   RO         3177    i.USBD_LL_SetupStage  usbd_core.o
    0x08002a78   0x00000026   Code   RO          514    i.USBD_LL_StallEP   usbd_conf.o
    0x08002a9e   0x00000026   Code   RO          515    i.USBD_LL_Start     usbd_conf.o
    0x08002ac4   0x00000010   Code   RO         3178    i.USBD_LL_Suspend   usbd_core.o
    0x08002ad4   0x00000026   Code   RO          517    i.USBD_LL_Transmit  usbd_conf.o
    0x08002afa   0x00000028   Code   RO         3301    i.USBD_ParseSetupRequest  usbd_ctlreq.o
    0x08002b22   0x00000016   Code   RO         3179    i.USBD_RegisterClass  usbd_core.o
    0x08002b38   0x0000001c   Code   RO         3181    i.USBD_SetClassConfig  usbd_core.o
    0x08002b54   0x00000070   Code   RO         3302    i.USBD_SetConfig    usbd_ctlreq.o
    0x08002bc4   0x0000000a   Code   RO         3182    i.USBD_Start        usbd_core.o
    0x08002bce   0x000000ee   Code   RO         3303    i.USBD_StdDevReq    usbd_ctlreq.o
    0x08002cbc   0x000000ea   Code   RO         3304    i.USBD_StdEPReq     usbd_ctlreq.o
    0x08002da6   0x0000003a   Code   RO         3305    i.USBD_StdItfReq    usbd_ctlreq.o
    0x08002de0   0x00000002   Code   RO          518    i.USBD_static_free  usbd_conf.o
    0x08002de2   0x00000002   PAD
    0x08002de4   0x00000008   Code   RO          519    i.USBD_static_malloc  usbd_conf.o
    0x08002dec   0x00000010   Code   RO          149    i.USB_IRQHandler    stm32f0xx_it.o
    0x08002dfc   0x00000020   Code   RO         3539    i.__0printf$2       mc_p.l(printf2.o)
    0x08002e1c   0x0000001a   Code   RO         2514    i.__ARM_common_switch8  stm32f0xx_hal_dma.o
    0x08002e36   0x0000000e   Code   RO         3816    i.__scatterload_copy  mc_p.l(handlers.o)
    0x08002e44   0x00000002   Code   RO         3817    i.__scatterload_null  mc_p.l(handlers.o)
    0x08002e46   0x0000000e   Code   RO         3818    i.__scatterload_zeroinit  mc_p.l(handlers.o)
    0x08002e54   0x000000d2   Code   RO         3546    i._printf_core      mc_p.l(printf2.o)
    0x08002f26   0x00000034   Code   RO          385    i.dac_init          max572x.o
    0x08002f5a   0x0000000e   Code   RO          206    i.fputc             main.o
    0x08002f68   0x00000026   Code   RO          327    i.linear_buf_add    helpers.o
    0x08002f8e   0x0000002e   Code   RO          328    i.linear_buf_add_str  helpers.o
    0x08002fbc   0x00000014   Code   RO          330    i.linear_buf_init   helpers.o
    0x08002fd0   0x0000001c   Code   RO          332    i.linear_buf_reset  helpers.o
    0x08002fec   0x000000cc   Code   RO          207    i.main              main.o
    0x080030b8   0x00000054   Code   RO          390    i.max572x_CODEn_LOADn  max572x.o
    0x0800310c   0x0000006c   Code   RO          391    i.max572x_CONFIG    max572x.o
    0x08003178   0x00000044   Code   RO          394    i.max572x_POWER     max572x.o
    0x080031bc   0x00000054   Code   RO          395    i.max572x_REF       max572x.o
    0x08003210   0x0000003c   Code   RO          396    i.max572x_SW_RESET  max572x.o
    0x0800324c   0x00000064   Code   RO          397    i.max572x_WDOG      max572x.o
    0x080032b0   0x00000018   Code   RO          851    i.my_usb_init       my_usb.o
    0x080032c8   0x00000020   Code   RO          852    i.my_usb_putchar    my_usb.o
    0x080032e8   0x0000005c   Code   RO          853    i.my_usb_readline   my_usb.o
    0x08003344   0x00000014   Code   RO          398    i.pack_dac_data     max572x.o
    0x08003358   0x00000038   Code   RO          399    i.test              max572x.o
    0x08003390   0x00000010   Data   RO           14    .constdata          system_stm32f0xx.o
    0x080033a0   0x00000020   Data   RO         3814    Region$$Table       anon$$obj.o


    Execution Region RW_IRAM1 (Base: 0x20000000, Size: 0x00001258, Max: 0x00004000, ABSOLUTE, COMPRESSED[0x000000c0])

    Base Addr    Size         Type   Attr      Idx    E Section Name        Object

    0x20000000   0x00000004   Data   RW           16    .data               system_stm32f0xx.o
    0x20000004   0x00000010   Data   RW          745    .data               usbd_cdc_if.o
    0x20000014   0x0000001c   Data   RW          795    .data               usbd_desc.o
    0x20000030   0x00000016   Data   RW          796    .data               usbd_desc.o
    0x20000046   0x00000002   PAD
    0x20000048   0x00000004   Data   RW          855    .data               my_usb.o
    0x2000004c   0x00000004   Data   RW          856    .data               my_usb.o
    0x20000050   0x00000004   Data   RW         1641    .data               stm32f0xx_hal.o
    0x20000054   0x00000001   Data   RW         3306    .data               usbd_ctlreq.o
    0x20000055   0x00000003   PAD
    0x20000058   0x000000db   Data   RW         3374    .data               usbd_cdc.o
    0x20000133   0x00000001   PAD
    0x20000134   0x00000038   Data   RW         3375    .data               usbd_cdc.o
    0x2000016c   0x00000004   Data   RW         3749    .data               mc_p.l(stdout.o)
    0x20000170   0x00000078   Zero   RW          208    .bss                main.o
    0x200001e8   0x00000440   Zero   RW          520    .bss                usbd_conf.o
    0x20000628   0x00000224   Zero   RW          706    .bss                usb_device.o
    0x2000084c   0x00000200   Zero   RW          744    .bss                usbd_cdc_if.o
    0x20000a4c   0x00000200   Zero   RW          794    .bss                usbd_desc.o
    0x20000c4c   0x00000208   Zero   RW          854    .bss                my_usb.o
    0x20000e54   0x00000004   PAD
    0x20000e58   0x00000400   Zero   RW            1    STACK               startup_stm32f072xb.o


==============================================================================

Image component sizes


      Code (inc. data)   RO Data    RW Data    ZI Data      Debug   Object Name

       132          0          0          0          0       2749   helpers.o
       586        106          0          0        120       8689   main.o
       632         94          0          0          0       5213   max572x.o
       148         20          0          8        520       2251   my_usb.o
        28          8        192          0       1024        616   startup_stm32f072xb.o
        94         18          0          4          0       2987   stm32f0xx_hal.o
       178         28          0          0          0      10419   stm32f0xx_hal_cortex.o
        42          0          0          0          0       1019   stm32f0xx_hal_dac.o
        56          4          0          0          0       1164   stm32f0xx_hal_dac_ex.o
        26          0          0          0          0         72   stm32f0xx_hal_dma.o
       356         30          0          0          0       2212   stm32f0xx_hal_gpio.o
       192         28          0          0          0       2002   stm32f0xx_hal_msp.o
      3476        148          0          0          0      13511   stm32f0xx_hal_pcd.o
        58          0          0          0          0       1214   stm32f0xx_hal_pcd_ex.o
      1472         90          0          0          0       4550   stm32f0xx_hal_rcc.o
       288         14          0          0          0       1484   stm32f0xx_hal_rcc_ex.o
       912         10          0          0          0       5150   stm32f0xx_hal_spi.o
        36          6          0          0          0       2456   stm32f0xx_it.o
        92         16         16          4          0     461983   system_stm32f0xx.o
        52         16          0          0        548        660   usb_device.o
       654         20          0        275          0      12434   usbd_cdc.o
       200         36          0         16        512       3280   usbd_cdc_if.o
       762         40          0          0       1088      14185   usbd_conf.o
       652          0          0          0          0       9036   usbd_core.o
       994         34          0          1          0       7676   usbd_ctlreq.o
       212        116          0         50        512       4771   usbd_desc.o
       140          0          0          0          0       4240   usbd_ioreq.o

    ----------------------------------------------------------------------
     12492        882        240        364       4328     586023   Object Totals
         0          0         32          0          0          0   (incl. Generated)
        22          0          0          6          4          0   (incl. Padding)

    ----------------------------------------------------------------------

      Code (inc. data)   RO Data    RW Data    ZI Data      Debug   Library Member Name

        86          0          0          0          0          0   __dczerorl2.o
         0          0          0          0          0          0   entry.o
         0          0          0          0          0          0   entry10a.o
         0          0          0          0          0          0   entry11a.o
         8          4          0          0          0          0   entry2.o
         4          0          0          0          0          0   entry5.o
         0          0          0          0          0          0   entry7b.o
         0          0          0          0          0          0   entry8b.o
         8          4          0          0          0          0   entry9a.o
        30          0          0          0          0          0   handlers.o
        36          8          0          0          0         68   init.o
        36          0          0          0          0        100   memseta.o
       242          8          0          0          0        168   printf2.o
         0          0          0          4          0          0   stdout.o
        18          0          0          0          0         60   strcpy.o
        44          0          0          0          0         72   uidiv.o

    ----------------------------------------------------------------------
       516         24          0          4          0        468   Library Totals
         4          0          0          0          0          0   (incl. Padding)

    ----------------------------------------------------------------------

      Code (inc. data)   RO Data    RW Data    ZI Data      Debug   Library Name

       512         24          0          4          0        468   mc_p.l

    ----------------------------------------------------------------------
       516         24          0          4          0        468   Library Totals

    ----------------------------------------------------------------------

==============================================================================


      Code (inc. data)   RO Data    RW Data    ZI Data      Debug   

     13008        906        240        368       4328     580203   Grand Totals
     13008        906        240        192       4328     580203   ELF Image Totals (compressed)
     13008        906        240        192          0          0   ROM Totals

==============================================================================

    Total RO  Size (Code + RO Data)                13248 (  12.94kB)
    Total RW  Size (RW Data + ZI Data)              4696 (   4.59kB)
    Total ROM Size (Code + RO Data + RW Data)      13440 (  13.13kB)

==============================================================================

