Component: ARM Compiler 5.06 update 1 (build 61) Tool: armlink [4d35a8]

==============================================================================

Section Cross References

    system_stm32f0xx.o(i.SystemCoreClockUpdate) refers to uidiv.o(.text) for __aeabi_uidivmod
    system_stm32f0xx.o(i.SystemCoreClockUpdate) refers to system_stm32f0xx.o(.data) for .data
    system_stm32f0xx.o(i.SystemCoreClockUpdate) refers to system_stm32f0xx.o(.constdata) for .constdata
    usbd_core.o(i.USBD_DeInit) refers to usbd_conf.o(i.USBD_LL_Stop) for USBD_LL_Stop
    usbd_core.o(i.USBD_DeInit) refers to usbd_conf.o(i.USBD_LL_DeInit) for USBD_LL_DeInit
    usbd_core.o(i.USBD_Init) refers to usbd_conf.o(i.USBD_LL_Init) for USBD_LL_Init
    usbd_core.o(i.USBD_LL_DataInStage) refers to usbd_ioreq.o(i.USBD_CtlContinueSendData) for USBD_CtlContinueSendData
    usbd_core.o(i.USBD_LL_DataInStage) refers to uidiv.o(.text) for __aeabi_uidivmod
    usbd_core.o(i.USBD_LL_DataInStage) refers to usbd_conf.o(i.USBD_LL_PrepareReceive) for USBD_LL_PrepareReceive
    usbd_core.o(i.USBD_LL_DataInStage) refers to usbd_ioreq.o(i.USBD_CtlReceiveStatus) for USBD_CtlReceiveStatus
    usbd_core.o(i.USBD_LL_DataOutStage) refers to usbd_ioreq.o(i.USBD_CtlContinueRx) for USBD_CtlContinueRx
    usbd_core.o(i.USBD_LL_DataOutStage) refers to usbd_ioreq.o(i.USBD_CtlSendStatus) for USBD_CtlSendStatus
    usbd_core.o(i.USBD_LL_Reset) refers to usbd_conf.o(i.USBD_LL_OpenEP) for USBD_LL_OpenEP
    usbd_core.o(i.USBD_LL_SetupStage) refers to usbd_ctlreq.o(i.USBD_ParseSetupRequest) for USBD_ParseSetupRequest
    usbd_core.o(i.USBD_LL_SetupStage) refers to usbd_conf.o(i.USBD_LL_StallEP) for USBD_LL_StallEP
    usbd_core.o(i.USBD_LL_SetupStage) refers to usbd_ctlreq.o(i.USBD_StdDevReq) for USBD_StdDevReq
    usbd_core.o(i.USBD_LL_SetupStage) refers to usbd_ctlreq.o(i.USBD_StdItfReq) for USBD_StdItfReq
    usbd_core.o(i.USBD_LL_SetupStage) refers to usbd_ctlreq.o(i.USBD_StdEPReq) for USBD_StdEPReq
    usbd_core.o(i.USBD_Start) refers to usbd_conf.o(i.USBD_LL_Start) for USBD_LL_Start
    usbd_core.o(i.USBD_Stop) refers to usbd_conf.o(i.USBD_LL_Stop) for USBD_LL_Stop
    usbd_cdc.o(i.USBD_CDC_DataOut) refers to usbd_conf.o(i.USBD_LL_GetRxDataSize) for USBD_LL_GetRxDataSize
    usbd_cdc.o(i.USBD_CDC_DeInit) refers to usbd_conf.o(i.USBD_LL_CloseEP) for USBD_LL_CloseEP
    usbd_cdc.o(i.USBD_CDC_DeInit) refers to usbd_conf.o(i.USBD_static_free) for USBD_static_free
    usbd_cdc.o(i.USBD_CDC_GetDeviceQualifierDescriptor) refers to usbd_cdc.o(.data) for .data
    usbd_cdc.o(i.USBD_CDC_GetFSCfgDesc) refers to usbd_cdc.o(.data) for .data
    usbd_cdc.o(i.USBD_CDC_GetHSCfgDesc) refers to usbd_cdc.o(.data) for .data
    usbd_cdc.o(i.USBD_CDC_GetOtherSpeedCfgDesc) refers to usbd_cdc.o(.data) for .data
    usbd_cdc.o(i.USBD_CDC_Init) refers to usbd_conf.o(i.USBD_LL_OpenEP) for USBD_LL_OpenEP
    usbd_cdc.o(i.USBD_CDC_Init) refers to usbd_conf.o(i.USBD_static_malloc) for USBD_static_malloc
    usbd_cdc.o(i.USBD_CDC_Init) refers to usbd_conf.o(i.USBD_LL_PrepareReceive) for USBD_LL_PrepareReceive
    usbd_cdc.o(i.USBD_CDC_ReceivePacket) refers to usbd_conf.o(i.USBD_LL_PrepareReceive) for USBD_LL_PrepareReceive
    usbd_cdc.o(i.USBD_CDC_Setup) refers to usbd_ioreq.o(i.USBD_CtlPrepareRx) for USBD_CtlPrepareRx
    usbd_cdc.o(i.USBD_CDC_Setup) refers to usbd_ioreq.o(i.USBD_CtlSendData) for USBD_CtlSendData
    usbd_cdc.o(i.USBD_CDC_Setup) refers to usbd_cdc.o(.data) for .data
    usbd_cdc.o(i.USBD_CDC_TransmitPacket) refers to usbd_conf.o(i.USBD_LL_Transmit) for USBD_LL_Transmit
    usbd_cdc.o(.data) refers to usbd_cdc.o(i.USBD_CDC_Init) for USBD_CDC_Init
    usbd_cdc.o(.data) refers to usbd_cdc.o(i.USBD_CDC_DeInit) for USBD_CDC_DeInit
    usbd_cdc.o(.data) refers to usbd_cdc.o(i.USBD_CDC_Setup) for USBD_CDC_Setup
    usbd_cdc.o(.data) refers to usbd_cdc.o(i.USBD_CDC_EP0_RxReady) for USBD_CDC_EP0_RxReady
    usbd_cdc.o(.data) refers to usbd_cdc.o(i.USBD_CDC_DataIn) for USBD_CDC_DataIn
    usbd_cdc.o(.data) refers to usbd_cdc.o(i.USBD_CDC_DataOut) for USBD_CDC_DataOut
    usbd_cdc.o(.data) refers to usbd_cdc.o(i.USBD_CDC_GetHSCfgDesc) for USBD_CDC_GetHSCfgDesc
    usbd_cdc.o(.data) refers to usbd_cdc.o(i.USBD_CDC_GetFSCfgDesc) for USBD_CDC_GetFSCfgDesc
    usbd_cdc.o(.data) refers to usbd_cdc.o(i.USBD_CDC_GetOtherSpeedCfgDesc) for USBD_CDC_GetOtherSpeedCfgDesc
    usbd_cdc.o(.data) refers to usbd_cdc.o(i.USBD_CDC_GetDeviceQualifierDescriptor) for USBD_CDC_GetDeviceQualifierDescriptor
    usbd_ioreq.o(i.USBD_CtlContinueRx) refers to usbd_conf.o(i.USBD_LL_PrepareReceive) for USBD_LL_PrepareReceive
    usbd_ioreq.o(i.USBD_CtlContinueSendData) refers to usbd_conf.o(i.USBD_LL_Transmit) for USBD_LL_Transmit
    usbd_ioreq.o(i.USBD_CtlPrepareRx) refers to usbd_conf.o(i.USBD_LL_PrepareReceive) for USBD_LL_PrepareReceive
    usbd_ioreq.o(i.USBD_CtlReceiveStatus) refers to usbd_conf.o(i.USBD_LL_PrepareReceive) for USBD_LL_PrepareReceive
[...]
    ..\Src\helpers.c                         0x00000000   Number         0  helpers.o ABSOLUTE
    ..\Src\main.c                            0x00000000   Number         0  main.o ABSOLUTE
    ..\Src\my_usb.c                          0x00000000   Number         0  my_usb.o ABSOLUTE
    ..\Src\stm32f0xx_hal_msp.c               0x00000000   Number         0  stm32f0xx_hal_msp.o ABSOLUTE
    ..\Src\stm32f0xx_it.c                    0x00000000   Number         0  stm32f0xx_it.o ABSOLUTE
    ..\Src\system_stm32f0xx.c                0x00000000   Number         0  system_stm32f0xx.o ABSOLUTE
    ..\Src\usb_device.c                      0x00000000   Number         0  usb_device.o ABSOLUTE
    ..\Src\usbd_cdc_if.c                     0x00000000   Number         0  usbd_cdc_if.o ABSOLUTE
    ..\Src\usbd_conf.c                       0x00000000   Number         0  usbd_conf.o ABSOLUTE
    ..\Src\usbd_desc.c                       0x00000000   Number         0  usbd_desc.o ABSOLUTE
    ..\\Src\\cmd_parser.c                    0x00000000   Number         0  cmd_parser.o ABSOLUTE
    ..\\Src\\eeprom.c                        0x00000000   Number         0  eeprom.o ABSOLUTE
    ..\\Src\\helpers.c                       0x00000000   Number         0  helpers.o ABSOLUTE
    ..\\Src\\my_usb.c                        0x00000000   Number         0  my_usb.o ABSOLUTE
    cdrcmple.s                               0x00000000   Number         0  cdrcmple.o ABSOLUTE
    dc.s                                     0x00000000   Number         0  dc.o ABSOLUTE
    handlers.s                               0x00000000   Number         0  handlers.o ABSOLUTE
    init.s                                   0x00000000   Number         0  init.o ABSOLUTE
    startup_stm32f072xb.s                    0x00000000   Number         0  startup_stm32f072xb.o ABSOLUTE
    RESET                                    0x08000000   Section      192  startup_stm32f072xb.o(RESET)
    .ARM.Collect$$$$00000000                 0x080000c0   Section        0  entry.o(.ARM.Collect$$$$00000000)
    .ARM.Collect$$$$00000001                 0x080000c0   Section        4  entry2.o(.ARM.Collect$$$$00000001)
    .ARM.Collect$$$$00000004                 0x080000c4   Section        4  entry5.o(.ARM.Collect$$$$00000004)
    .ARM.Collect$$$$00000008                 0x080000c8   Section        0  entry7b.o(.ARM.Collect$$$$00000008)
    .ARM.Collect$$$$0000000A                 0x080000c8   Section        0  entry8b.o(.ARM.Collect$$$$0000000A)
    .ARM.Collect$$$$0000000B                 0x080000c8   Section        8  entry9a.o(.ARM.Collect$$$$0000000B)
    .ARM.Collect$$$$0000000D                 0x080000d0   Section        0  entry10a.o(.ARM.Collect$$$$0000000D)
    .ARM.Collect$$$$0000000F                 0x080000d0   Section        0  entry11a.o(.ARM.Collect$$$$0000000F)
    .ARM.Collect$$$$00002712                 0x080000d0   Section        4  entry2.o(.ARM.Collect$$$$00002712)
    __lit__00000000                          0x080000d0   Data           4  entry2.o(.ARM.Collect$$$$00002712)
    .text                                    0x080000d4   Section       28  startup_stm32f072xb.o(.text)
    .text                                    0x080000f0   Section        0  uidiv.o(.text)
    .text                                    0x0800011c   Section        0  llushr.o(.text)
    .text                                    0x0800013e   Section        0  memseta.o(.text)
    .text                                    0x08000162   Section        0  strlen.o(.text)
    .text                                    0x08000170   Section        0  strcmp.o(.text)
    .text                                    0x0800018c   Section        0  strcpy.o(.text)
    .text                                    0x0800019e   Section        0  strncmp.o(.text)
    .text                                    0x080001bc   Section        0  atoi.o(.text)
    .text                                    0x080001d8   Section        0  dmul.o(.text)
    .text                                    0x080002a8   Section        0  ffltui.o(.text)
    .text                                    0x080002b8   Section        0  dfixui.o(.text)
    .text                                    0x080002f4   Section        0  f2d.o(.text)
    .text                                    0x0800031c   Section        0  strtol.o(.text)
    .text                                    0x0800038c   Section        0  iusefp.o(.text)
    .text                                    0x0800038c   Section        0  fepilogue.o(.text)
    .text                                    0x0800040e   Section        0  depilogue.o(.text)
    .text                                    0x080004cc   Section       36  init.o(.text)
    .text                                    0x080004f0   Section        0  llshl.o(.text)
    .text                                    0x08000510   Section        0  ctype_o.o(.text)
    .text                                    0x08000518   Section        0  _strtoul.o(.text)
    .text                                    0x080005be   Section        0  _chval.o(.text)
    .text                                    0x080005dc   Section        0  __dczerorl2.o(.text)
    i.CDC_Control_FS                         0x08000634   Section        0  usbd_cdc_if.o(i.CDC_Control_FS)
    CDC_Control_FS                           0x08000635   Thumb Code    50  usbd_cdc_if.o(i.CDC_Control_FS)
    i.CDC_DeInit_FS                          0x0800066c   Section        0  usbd_cdc_if.o(i.CDC_DeInit_FS)
    CDC_DeInit_FS                            0x0800066d   Thumb Code     4  usbd_cdc_if.o(i.CDC_DeInit_FS)
    i.CDC_Init_FS                            0x08000670   Section        0  usbd_cdc_if.o(i.CDC_Init_FS)
    CDC_Init_FS                              0x08000671   Thumb Code    24  usbd_cdc_if.o(i.CDC_Init_FS)
    i.CDC_Receive_FS                         0x08000694   Section        0  usbd_cdc_if.o(i.CDC_Receive_FS)
    CDC_Receive_FS                           0x08000695   Thumb Code    32  usbd_cdc_if.o(i.CDC_Receive_FS)
    i.CDC_Transmit_FS                        0x080006bc   Section        0  usbd_cdc_if.o(i.CDC_Transmit_FS)
    i.Error_Handler                          0x080006fc   Section        0  main.o(i.Error_Handler)
    i.HAL_DACEx_DualSetValue                 0x080006fe   Section        0  stm32f0xx_hal_dac_ex.o(i.HAL_DACEx_DualSetValue)
    i.HAL_DAC_ConfigChannel                  0x08000714   Section        0  stm32f0xx_hal_dac_ex.o(i.HAL_DAC_ConfigChannel)
    i.HAL_DAC_DeInit                         0x0800074c   Section        0  stm32f0xx_hal_dac.o(i.HAL_DAC_DeInit)
    i.HAL_DAC_Init                           0x0800076a   Section        0  stm32f0xx_hal_dac.o(i.HAL_DAC_Init)
    i.HAL_DAC_MspDeInit                      0x08000794   Section        0  stm32f0xx_hal_msp.o(i.HAL_DAC_MspDeInit)
    i.HAL_DAC_MspInit                        0x080007bc   Section        0  stm32f0xx_hal_msp.o(i.HAL_DAC_MspInit)
    i.HAL_DAC_Start                          0x080007fc   Section        0  stm32f0xx_hal_dac_ex.o(i.HAL_DAC_Start)
    i.HAL_DAC_Stop                           0x08000850   Section        0  stm32f0xx_hal_dac.o(i.HAL_DAC_Stop)
    i.HAL_Delay                              0x08000866   Section        0  stm32f0xx_hal.o(i.HAL_Delay)
    i.HAL_GPIO_DeInit                        0x0800087c   Section        0  stm32f0xx_hal_gpio.o(i.HAL_GPIO_DeInit)
    i.HAL_GPIO_Init                          0x08000960   Section        0  stm32f0xx_hal_gpio.o(i.HAL_GPIO_Init)
    i.HAL_GPIO_ReadPin                       0x08000ab8   Section        0  stm32f0xx_hal_gpio.o(i.HAL_GPIO_ReadPin)
    i.HAL_GPIO_TogglePin                     0x08000ac2   Section        0  stm32f0xx_hal_gpio.o(i.HAL_GPIO_TogglePin)
    i.HAL_GPIO_WritePin                      0x08000aca   Section        0  stm32f0xx_hal_gpio.o(i.HAL_GPIO_WritePin)
    i.HAL_GetTick                            0x08000ad8   Section        0  stm32f0xx_hal.o(i.HAL_GetTick)
    i.HAL_I2CEx_ConfigAnalogFilter           0x08000ae4   Section        0  stm32f0xx_hal_i2c_ex.o(i.HAL_I2CEx_ConfigAnalogFilter)
    i.HAL_I2C_Init                           0x08000b30   Section        0  stm32f0xx_hal_i2c.o(i.HAL_I2C_Init)
    i.HAL_I2C_IsDeviceReady                  0x08000be4   Section        0  stm32f0xx_hal_i2c.o(i.HAL_I2C_IsDeviceReady)
    i.HAL_I2C_Master_Receive                 0x08000d00   Section        0  stm32f0xx_hal_i2c.o(i.HAL_I2C_Master_Receive)
    i.HAL_I2C_Master_Transmit                0x08000e18   Section        0  stm32f0xx_hal_i2c.o(i.HAL_I2C_Master_Transmit)
    i.HAL_I2C_MspInit                        0x08000f30   Section        0  stm32f0xx_hal_msp.o(i.HAL_I2C_MspInit)
    i.HAL_IWDG_Init                          0x08000f7c   Section        0  stm32f0xx_hal_iwdg.o(i.HAL_IWDG_Init)
    i.HAL_IWDG_Refresh                       0x08000fe0   Section        0  stm32f0xx_hal_iwdg.o(i.HAL_IWDG_Refresh)
    i.HAL_IncTick                            0x08000ff0   Section        0  stm32f0xx_hal.o(i.HAL_IncTick)
    i.HAL_Init                               0x08001000   Section        0  stm32f0xx_hal.o(i.HAL_Init)
    i.HAL_InitTick                           0x08001020   Section        0  stm32f0xx_hal.o(i.HAL_InitTick)
    i.HAL_MspInit                            0x08001044   Section        0  stm32f0xx_hal_msp.o(i.HAL_MspInit)
    i.HAL_NVIC_EnableIRQ                     0x0800107c   Section        0  stm32f0xx_hal_cortex.o(i.HAL_NVIC_EnableIRQ)
    i.HAL_NVIC_SetPriority                   0x08001090   Section        0  stm32f0xx_hal_cortex.o(i.HAL_NVIC_SetPriority)
    i.HAL_PCDEx_PMAConfig                    0x08001098   Section        0  stm32f0xx_hal_pcd_ex.o(i.HAL_PCDEx_PMAConfig)
    i.HAL_PCD_DataInStageCallback            0x080010d2   Section        0  usbd_conf.o(i.HAL_PCD_DataInStageCallback)
    i.HAL_PCD_DataOutStageCallback           0x080010ea   Section        0  usbd_conf.o(i.HAL_PCD_DataOutStageCallback)
    i.HAL_PCD_EP_Close                       0x08001108   Section        0  stm32f0xx_hal_pcd.o(i.HAL_PCD_EP_Close)
    i.HAL_PCD_EP_ClrStall                    0x08001270   Section        0  stm32f0xx_hal_pcd.o(i.HAL_PCD_EP_ClrStall)
    i.HAL_PCD_EP_GetRxCount                  0x08001324   Section        0  stm32f0xx_hal_pcd.o(i.HAL_PCD_EP_GetRxCount)
    i.HAL_PCD_EP_Open                        0x08001338   Section        0  stm32f0xx_hal_pcd.o(i.HAL_PCD_EP_Open)
    i.HAL_PCD_EP_Receive                     0x080015dc   Section        0  stm32f0xx_hal_pcd.o(i.HAL_PCD_EP_Receive)
    i.HAL_PCD_EP_SetStall                    0x08001714   Section        0  stm32f0xx_hal_pcd.o(i.HAL_PCD_EP_SetStall)
    i.HAL_PCD_EP_Transmit                    0x080017a8   Section        0  stm32f0xx_hal_pcd.o(i.HAL_PCD_EP_Transmit)
    i.HAL_PCD_IRQHandler                     0x0800193c   Section        0  stm32f0xx_hal_pcd.o(i.HAL_PCD_IRQHandler)
    i.HAL_PCD_Init                           0x08001a48   Section        0  stm32f0xx_hal_pcd.o(i.HAL_PCD_Init)
    i.HAL_PCD_MspInit                        0x08001ae4   Section        0  usbd_conf.o(i.HAL_PCD_MspInit)
    i.HAL_PCD_ResetCallback                  0x08001b1c   Section        0  usbd_conf.o(i.HAL_PCD_ResetCallback)
    i.HAL_PCD_ResumeCallback                 0x08001b34   Section        0  usbd_conf.o(i.HAL_PCD_ResumeCallback)
    i.HAL_PCD_SOFCallback                    0x08001b60   Section        0  usbd_conf.o(i.HAL_PCD_SOFCallback)
    i.HAL_PCD_SetAddress                     0x08001b70   Section        0  stm32f0xx_hal_pcd.o(i.HAL_PCD_SetAddress)
    i.HAL_PCD_SetupStageCallback             0x08001b9c   Section        0  usbd_conf.o(i.HAL_PCD_SetupStageCallback)
    i.HAL_PCD_Start                          0x08001bb2   Section        0  stm32f0xx_hal_pcd.o(i.HAL_PCD_Start)
    i.HAL_PCD_SuspendCallback                0x08001bc4   Section        0  usbd_conf.o(i.HAL_PCD_SuspendCallback)
    i.HAL_PWR_DisableWakeUpPin               0x08001bec   Section        0  stm32f0xx_hal_pwr.o(i.HAL_PWR_DisableWakeUpPin)
    i.HAL_PWR_EnableWakeUpPin                0x08001bfc   Section        0  stm32f0xx_hal_pwr.o(i.HAL_PWR_EnableWakeUpPin)
    i.HAL_PWR_EnterSTANDBYMode               0x08001c0c   Section        0  stm32f0xx_hal_pwr.o(i.HAL_PWR_EnterSTANDBYMode)
    i.HAL_RCCEx_PeriphCLKConfig              0x08001c2c   Section        0  stm32f0xx_hal_rcc_ex.o(i.HAL_RCCEx_PeriphCLKConfig)
    i.HAL_RCC_ClockConfig                    0x08001d4c   Section        0  stm32f0xx_hal_rcc.o(i.HAL_RCC_ClockConfig)
    i.HAL_RCC_GetHCLKFreq                    0x08001ea0   Section        0  stm32f0xx_hal_rcc.o(i.HAL_RCC_GetHCLKFreq)
    i.HAL_RCC_GetSysClockFreq                0x08001eac   Section        0  stm32f0xx_hal_rcc.o(i.HAL_RCC_GetSysClockFreq)
    i.HAL_RCC_OscConfig                      0x08001f34   Section        0  stm32f0xx_hal_rcc.o(i.HAL_RCC_OscConfig)
    i.HAL_SYSTICK_CLKSourceConfig            0x0800230c   Section        0  stm32f0xx_hal_cortex.o(i.HAL_SYSTICK_CLKSourceConfig)
    i.HAL_SYSTICK_Callback                   0x08002324   Section        0  stm32f0xx_hal_cortex.o(i.HAL_SYSTICK_Callback)
    i.HAL_SYSTICK_Config                     0x08002328   Section        0  stm32f0xx_hal_cortex.o(i.HAL_SYSTICK_Config)
    i.HAL_SYSTICK_IRQHandler                 0x08002358   Section        0  stm32f0xx_hal_cortex.o(i.HAL_SYSTICK_IRQHandler)
    i.HardFault_Handler                      0x08002360   Section        0  stm32f0xx_it.o(i.HardFault_Handler)
    i.I2C_Flush_TXDR                         0x08002362   Section        0  stm32f0xx_hal_i2c.o(i.I2C_Flush_TXDR)
    I2C_Flush_TXDR                           0x08002363   Thumb Code    34  stm32f0xx_hal_i2c.o(i.I2C_Flush_TXDR)
    i.I2C_IsAcknowledgeFailed                0x08002384   Section        0  stm32f0xx_hal_i2c.o(i.I2C_IsAcknowledgeFailed)
    I2C_IsAcknowledgeFailed                  0x08002385   Thumb Code   110  stm32f0xx_hal_i2c.o(i.I2C_IsAcknowledgeFailed)
    i.I2C_TransferConfig                     0x080023f8   Section        0  stm32f0xx_hal_i2c.o(i.I2C_TransferConfig)
    I2C_TransferConfig                       0x080023f9   Thumb Code    30  stm32f0xx_hal_i2c.o(i.I2C_TransferConfig)
    i.I2C_WaitOnFlagUntilTimeout             0x0800241c   Section        0  stm32f0xx_hal_i2c.o(i.I2C_WaitOnFlagUntilTimeout)
    I2C_WaitOnFlagUntilTimeout               0x0800241d   Thumb Code    72  stm32f0xx_hal_i2c.o(i.I2C_WaitOnFlagUntilTimeout)
    i.I2C_WaitOnRXNEFlagUntilTimeout         0x08002464   Section        0  stm32f0xx_hal_i2c.o(i.I2C_WaitOnRXNEFlagUntilTimeout)
    I2C_WaitOnRXNEFlagUntilTimeout           0x08002465   Thumb Code   114  stm32f0xx_hal_i2c.o(i.I2C_WaitOnRXNEFlagUntilTimeout)
    i.I2C_WaitOnSTOPFlagUntilTimeout         0x080024dc   Section        0  stm32f0xx_hal_i2c.o(i.I2C_WaitOnSTOPFlagUntilTimeout)
    I2C_WaitOnSTOPFlagUntilTimeout           0x080024dd   Thumb Code    78  stm32f0xx_hal_i2c.o(i.I2C_WaitOnSTOPFlagUntilTimeout)
    i.I2C_WaitOnTXISFlagUntilTimeout         0x0800252a   Section        0  stm32f0xx_hal_i2c.o(i.I2C_WaitOnTXISFlagUntilTimeout)
    I2C_WaitOnTXISFlagUntilTimeout           0x0800252b   Thumb Code    82  stm32f0xx_hal_i2c.o(i.I2C_WaitOnTXISFlagUntilTimeout)
    i.MX_GPIO_Init                           0x0800257c   Section        0  main.o(i.MX_GPIO_Init)
    MX_GPIO_Init                             0x0800257d   Thumb Code   122  main.o(i.MX_GPIO_Init)
    i.MX_I2C2_Init                           0x08002604   Section        0  main.o(i.MX_I2C2_Init)
    MX_I2C2_Init                             0x08002605   Thumb Code    56  main.o(i.MX_I2C2_Init)
    i.MX_USB_DEVICE_Init                     0x08002648   Section        0  usb_device.o(i.MX_USB_DEVICE_Init)
    i.NMI_Handler                            0x0800267c   Section        0  stm32f0xx_it.o(i.NMI_Handler)
    i.NVIC_SetPriority                       0x08002680   Section        0  stm32f0xx_hal_cortex.o(i.NVIC_SetPriority)
    NVIC_SetPriority                         0x08002681   Thumb Code    60  stm32f0xx_hal_cortex.o(i.NVIC_SetPriority)
    i.PCD_EP_ISR_Handler                     0x080026c4   Section        0  stm32f0xx_hal_pcd.o(i.PCD_EP_ISR_Handler)
    PCD_EP_ISR_Handler                       0x080026c5   Thumb Code   802  stm32f0xx_hal_pcd.o(i.PCD_EP_ISR_Handler)
    i.PCD_ReadPMA                            0x080029fc   Section        0  stm32f0xx_hal_pcd.o(i.PCD_ReadPMA)
    i.PCD_WritePMA                           0x08002a1a   Section        0  stm32f0xx_hal_pcd.o(i.PCD_WritePMA)
    i.PendSV_Handler                         0x08002a40   Section        0  stm32f0xx_it.o(i.PendSV_Handler)
    i.SVC_Handler                            0x08002a42   Section        0  stm32f0xx_it.o(i.SVC_Handler)
    i.SysTick_Handler                        0x08002a44   Section        0  stm32f0xx_it.o(i.SysTick_Handler)
    i.SystemClock_Config                     0x08002a50   Section        0  main.o(i.SystemClock_Config)
    i.SystemInit                             0x08002ad0   Section        0  system_stm32f0xx.o(i.SystemInit)
    i.USBD_CDC_DataIn                        0x08002b2c   Section        0  usbd_cdc.o(i.USBD_CDC_DataIn)
    USBD_CDC_DataIn                          0x08002b2d   Thumb Code    30  usbd_cdc.o(i.USBD_CDC_DataIn)
    i.USBD_CDC_DataOut                       0x08002b4a   Section        0  usbd_cdc.o(i.USBD_CDC_DataOut)
    USBD_CDC_DataOut                         0x08002b4b   Thumb Code    52  usbd_cdc.o(i.USBD_CDC_DataOut)
    i.USBD_CDC_DeInit                        0x08002b7e   Section        0  usbd_cdc.o(i.USBD_CDC_DeInit)
    USBD_CDC_DeInit                          0x08002b7f   Thumb Code    60  usbd_cdc.o(i.USBD_CDC_DeInit)
    i.USBD_CDC_EP0_RxReady                   0x08002bba   Section        0  usbd_cdc.o(i.USBD_CDC_EP0_RxReady)
    USBD_CDC_EP0_RxReady                     0x08002bbb   Thumb Code    40  usbd_cdc.o(i.USBD_CDC_EP0_RxReady)
    i.USBD_CDC_GetDeviceQualifierDescriptor  0x08002be4   Section        0  usbd_cdc.o(i.USBD_CDC_GetDeviceQualifierDescriptor)
    i.USBD_CDC_GetFSCfgDesc                  0x08002bf0   Section        0  usbd_cdc.o(i.USBD_CDC_GetFSCfgDesc)
    USBD_CDC_GetFSCfgDesc                    0x08002bf1   Thumb Code     8  usbd_cdc.o(i.USBD_CDC_GetFSCfgDesc)
    i.USBD_CDC_GetHSCfgDesc                  0x08002bfc   Section        0  usbd_cdc.o(i.USBD_CDC_GetHSCfgDesc)
    USBD_CDC_GetHSCfgDesc                    0x08002bfd   Thumb Code     8  usbd_cdc.o(i.USBD_CDC_GetHSCfgDesc)
    i.USBD_CDC_GetOtherSpeedCfgDesc          0x08002c08   Section        0  usbd_cdc.o(i.USBD_CDC_GetOtherSpeedCfgDesc)
    USBD_CDC_GetOtherSpeedCfgDesc            0x08002c09   Thumb Code     8  usbd_cdc.o(i.USBD_CDC_GetOtherSpeedCfgDesc)
    i.USBD_CDC_Init                          0x08002c14   Section        0  usbd_cdc.o(i.USBD_CDC_Init)
    USBD_CDC_Init                            0x08002c15   Thumb Code   138  usbd_cdc.o(i.USBD_CDC_Init)
    i.USBD_CDC_ReceivePacket                 0x08002c9e   Section        0  usbd_cdc.o(i.USBD_CDC_ReceivePacket)
    i.USBD_CDC_RegisterInterface             0x08002cd6   Section        0  usbd_cdc.o(i.USBD_CDC_RegisterInterface)
    i.USBD_CDC_SetRxBuffer                   0x08002cea   Section        0  usbd_cdc.o(i.USBD_CDC_SetRxBuffer)
    i.USBD_CDC_SetTxBuffer                   0x08002cfe   Section        0  usbd_cdc.o(i.USBD_CDC_SetTxBuffer)
    i.USBD_CDC_Setup                         0x08002d14   Section        0  usbd_cdc.o(i.USBD_CDC_Setup)
    USBD_CDC_Setup                           0x08002d15   Thumb Code   112  usbd_cdc.o(i.USBD_CDC_Setup)
    i.USBD_CDC_TransmitPacket                0x08002d88   Section        0  usbd_cdc.o(i.USBD_CDC_TransmitPacket)
    i.USBD_ClrClassConfig                    0x08002dbc   Section        0  usbd_core.o(i.USBD_ClrClassConfig)
    i.USBD_CtlContinueRx                     0x08002dcc   Section        0  usbd_ioreq.o(i.USBD_CtlContinueRx)
    i.USBD_CtlContinueSendData               0x08002ddc   Section        0  usbd_ioreq.o(i.USBD_CtlContinueSendData)
    i.USBD_CtlError                          0x08002dec   Section        0  usbd_ctlreq.o(i.USBD_CtlError)
    i.USBD_CtlPrepareRx                      0x08002e00   Section        0  usbd_ioreq.o(i.USBD_CtlPrepareRx)
    i.USBD_CtlReceiveStatus                  0x08002e20   Section        0  usbd_ioreq.o(i.USBD_CtlReceiveStatus)
    i.USBD_CtlSendData                       0x08002e38   Section        0  usbd_ioreq.o(i.USBD_CtlSendData)
    i.USBD_CtlSendStatus                     0x08002e54   Section        0  usbd_ioreq.o(i.USBD_CtlSendStatus)
    i.USBD_FS_ConfigStrDescriptor            0x08002e6c   Section        0  usbd_desc.o(i.USBD_FS_ConfigStrDescriptor)
    i.USBD_FS_DeviceDescriptor               0x08002e8c   Section        0  usbd_desc.o(i.USBD_FS_DeviceDescriptor)
    i.USBD_FS_InterfaceStrDescriptor         0x08002e98   Section        0  usbd_desc.o(i.USBD_FS_InterfaceStrDescriptor)
    i.USBD_FS_LangIDStrDescriptor            0x08002ebc   Section        0  usbd_desc.o(i.USBD_FS_LangIDStrDescriptor)
    i.USBD_FS_ManufacturerStrDescriptor      0x08002ec8   Section        0  usbd_desc.o(i.USBD_FS_ManufacturerStrDescriptor)
    i.USBD_FS_ProductStrDescriptor           0x08002ef0   Section        0  usbd_desc.o(i.USBD_FS_ProductStrDescriptor)
    i.USBD_FS_SerialStrDescriptor            0x08002f1c   Section        0  usbd_desc.o(i.USBD_FS_SerialStrDescriptor)
    i.USBD_GetDescriptor                     0x08002f40   Section        0  usbd_ctlreq.o(i.USBD_GetDescriptor)
    USBD_GetDescriptor                       0x08002f41   Thumb Code   224  usbd_ctlreq.o(i.USBD_GetDescriptor)
    i.USBD_GetString                         0x08003020   Section        0  usbd_ctlreq.o(i.USBD_GetString)
    i.USBD_Init                              0x08003064   Section        0  usbd_core.o(i.USBD_Init)
    i.USBD_LL_ClearStallEP                   0x08003096   Section        0  usbd_conf.o(i.USBD_LL_ClearStallEP)
    i.USBD_LL_CloseEP                        0x080030bc   Section        0  usbd_conf.o(i.USBD_LL_CloseEP)
    i.USBD_LL_DataInStage                    0x080030e2   Section        0  usbd_core.o(i.USBD_LL_DataInStage)
    i.USBD_LL_DataOutStage                   0x08003198   Section        0  usbd_core.o(i.USBD_LL_DataOutStage)
    i.USBD_LL_GetRxDataSize                  0x0800320c   Section        0  usbd_conf.o(i.USBD_LL_GetRxDataSize)
    i.USBD_LL_Init                           0x0800321c   Section        0  usbd_conf.o(i.USBD_LL_Init)
    i.USBD_LL_IsStallEP                      0x080032a4   Section        0  usbd_conf.o(i.USBD_LL_IsStallEP)
    i.USBD_LL_OpenEP                         0x080032c8   Section        0  usbd_conf.o(i.USBD_LL_OpenEP)
    i.USBD_LL_PrepareReceive                 0x080032f4   Section        0  usbd_conf.o(i.USBD_LL_PrepareReceive)
    i.USBD_LL_Reset                          0x0800331a   Section        0  usbd_core.o(i.USBD_LL_Reset)
    i.USBD_LL_Resume                         0x08003360   Section        0  usbd_core.o(i.USBD_LL_Resume)
    i.USBD_LL_SOF                            0x0800336c   Section        0  usbd_core.o(i.USBD_LL_SOF)
    i.USBD_LL_SetSpeed                       0x0800338a   Section        0  usbd_core.o(i.USBD_LL_SetSpeed)
    i.USBD_LL_SetUSBAddress                  0x08003390   Section        0  usbd_conf.o(i.USBD_LL_SetUSBAddress)
    i.USBD_LL_SetupStage                     0x080033b6   Section        0  usbd_core.o(i.USBD_LL_SetupStage)
    i.USBD_LL_StallEP                        0x08003414   Section        0  usbd_conf.o(i.USBD_LL_StallEP)
    i.USBD_LL_Start                          0x0800343a   Section        0  usbd_conf.o(i.USBD_LL_Start)
    i.USBD_LL_Suspend                        0x08003460   Section        0  usbd_core.o(i.USBD_LL_Suspend)
    i.USBD_LL_Transmit                       0x08003470   Section        0  usbd_conf.o(i.USBD_LL_Transmit)
    i.USBD_ParseSetupRequest                 0x08003496   Section        0  usbd_ctlreq.o(i.USBD_ParseSetupRequest)
    i.USBD_RegisterClass                     0x080034be   Section        0  usbd_core.o(i.USBD_RegisterClass)
    i.USBD_SetClassConfig                    0x080034d4   Section        0  usbd_core.o(i.USBD_SetClassConfig)
    i.USBD_SetConfig                         0x080034f0   Section        0  usbd_ctlreq.o(i.USBD_SetConfig)
    USBD_SetConfig                           0x080034f1   Thumb Code   108  usbd_ctlreq.o(i.USBD_SetConfig)
    i.USBD_Start                             0x08003560   Section        0  usbd_core.o(i.USBD_Start)
    i.USBD_StdDevReq                         0x0800356a   Section        0  usbd_ctlreq.o(i.USBD_StdDevReq)
    i.USBD_StdEPReq                          0x08003658   Section        0  usbd_ctlreq.o(i.USBD_StdEPReq)
    i.USBD_StdItfReq                         0x08003742   Section        0  usbd_ctlreq.o(i.USBD_StdItfReq)
    i.USBD_static_free                       0x0800377c   Section        0  usbd_conf.o(i.USBD_static_free)
    i.USBD_static_malloc                     0x08003780   Section        0  usbd_conf.o(i.USBD_static_malloc)
    i.USB_IRQHandler                         0x08003788   Section        0  stm32f0xx_it.o(i.USB_IRQHandler)
    i.__0printf$bare                         0x08003798   Section        0  printfb.o(i.__0printf$bare)
    i.__ARM_clz                              0x080037ac   Section        0  depilogue.o(i.__ARM_clz)
    i.__ARM_common_switch8                   0x080037da   Section        0  usbd_ctlreq.o(i.__ARM_common_switch8)
    i.__aeabi_errno_addr                     0x080037f4   Section        0  errno.o(i.__aeabi_errno_addr)
    i.__scatterload_copy                     0x080037fc   Section       14  handlers.o(i.__scatterload_copy)
    i.__scatterload_null                     0x0800380a   Section        2  handlers.o(i.__scatterload_null)
    i.__scatterload_zeroinit                 0x0800380c   Section       14  handlers.o(i.__scatterload_zeroinit)
    i._printf_core                           0x0800381a   Section        0  printfb.o(i._printf_core)
    _printf_core                             0x0800381b   Thumb Code    30  printfb.o(i._printf_core)
    i.arg_to_button_index                    0x08003838   Section        0  cmd_parser.o(i.arg_to_button_index)
    i.blink                                  0x08003a98   Section        0  main.o(i.blink)
    i.button_ctrl                            0x08003abc   Section        0  cmd_parser.o(i.button_ctrl)
    i.button_hold                            0x08003ae8   Section        0  cmd_parser.o(i.button_hold)
    i.button_release                         0x08003afe   Section        0  cmd_parser.o(i.button_release)
    i.eeprom_erase                           0x08003b16   Section        0  eeprom.o(i.eeprom_erase)
    i.eeprom_read                            0x08003b30   Section        0  eeprom.o(i.eeprom_read)
    i.eeprom_write                           0x08003b78   Section        0  eeprom.o(i.eeprom_write)
    i.fputc                                  0x08003bbc   Section        0  main.o(i.fputc)
    i.goto_next_arg                          0x08003bca   Section        0  cmd_parser.o(i.goto_next_arg)
    i.idwg_kick                              0x08003c04   Section        0  helpers.o(i.idwg_kick)
    i.linear_buf_add                         0x08003c30   Section        0  helpers.o(i.linear_buf_add)
    i.linear_buf_add_str                     0x08003c56   Section        0  helpers.o(i.linear_buf_add_str)
    i.linear_buf_init                        0x08003c84   Section        0  helpers.o(i.linear_buf_init)
    i.linear_buf_reset                       0x08003c9a   Section        0  helpers.o(i.linear_buf_reset)
    i.main                                   0x08003cc0   Section        0  main.o(i.main)
    i.my_usb_init                            0x08003d38   Section        0  my_usb.o(i.my_usb_init)
    i.my_usb_putchar                         0x08003d50   Section        0  my_usb.o(i.my_usb_putchar)
    i.my_usb_readline                        0x08003d70   Section        0  my_usb.o(i.my_usb_readline)
    i.parse_cmd                              0x08003ddc   Section        0  cmd_parser.o(i.parse_cmd)
    i.process_multiarg                       0x0800417c   Section        0  cmd_parser.o(i.process_multiarg)
    i.puts                                   0x080041e4   Section        0  puts.o(i.puts)
    i.release_all_button                     0x08004204   Section        0  cmd_parser.o(i.release_all_button)
    i.standby_check                          0x08004228   Section        0  helpers.o(i.standby_check)
    i.stick_disengage                        0x080042a4   Section        0  cmd_parser.o(i.stick_disengage)
    i.stick_hold                             0x080042cc   Section        0  cmd_parser.o(i.stick_hold)
    i.stick_release                          0x08004364   Section        0  cmd_parser.o(i.stick_release)
    i.stm32_dac_init                         0x08004388   Section        0  main.o(i.stm32_dac_init)
    .constdata                               0x080043dc   Section       16  system_stm32f0xx.o(.constdata)
    .constdata                               0x080043ec   Section      129  ctype_o.o(.constdata)
    .constdata                               0x08004470   Section        4  ctype_o.o(.constdata)
    table                                    0x08004470   Data           4  ctype_o.o(.constdata)
    .data                                    0x20000000   Section        4  system_stm32f0xx.o(.data)
    .data                                    0x20000004   Section      219  usbd_cdc.o(.data)
    ifalt                                    0x20000004   Data           1  usbd_cdc.o(.data)
    USBD_CDC_DeviceQualifierDesc             0x20000008   Data          10  usbd_cdc.o(.data)
    .data                                    0x200000e0   Section       56  usbd_cdc.o(.data)
    .data                                    0x20000118   Section        1  usbd_ctlreq.o(.data)
    cfgidx                                   0x20000118   Data           1  usbd_ctlreq.o(.data)
    .data                                    0x2000011c   Section        4  stm32f0xx_hal.o(.data)
    .data                                    0x20000120   Section        8  main.o(.data)
    .data                                    0x20000128   Section       28  usbd_desc.o(.data)
    .data                                    0x20000144   Section       22  usbd_desc.o(.data)
    .data                                    0x2000015c   Section       16  usbd_cdc_if.o(.data)
    .data                                    0x2000016c   Section      144  cmd_parser.o(.data)
    .data                                    0x200001fc   Section        4  my_usb.o(.data)
    .data                                    0x20000200   Section        4  my_usb.o(.data)
    .data                                    0x20000204   Section        4  stdout.o(.data)
    .data                                    0x20000208   Section        4  errno.o(.data)
    _errno                                   0x20000208   Data           4  errno.o(.data)
    .bss                                     0x2000020c   Section      112  main.o(.bss)
    .bss                                     0x2000027c   Section     1088  usbd_conf.o(.bss)
    mem                                      0x2000027c   Data         544  usbd_conf.o(.bss)
    .bss                                     0x200006bc   Section      548  usb_device.o(.bss)
    .bss                                     0x200008e0   Section      512  usbd_desc.o(.bss)
    .bss                                     0x20000ae0   Section      512  usbd_cdc_if.o(.bss)
    .bss                                     0x20000ce0   Section       96  cmd_parser.o(.bss)
    .bss                                     0x20000d40   Section      524  my_usb.o(.bss)
    STACK                                    0x20000f50   Section     1024  startup_stm32f072xb.o(STACK)

    Global Symbols

    Symbol Name                              Value     Ov Type        Size  Object(Section)

    BuildAttributes$$THM_ISAv3M$S$PE$A:L22$X:L11$S22$IEEE1$IW$USESV6$~STKCKD$USESV7$~SHL$OTIME$ROPI$EBA8$MICROLIB$REQ8$PRES8$EABIv2 0x00000000   Number         0  anon$$obj.o ABSOLUTE
    __ARM_use_no_argv                        0x00000000   Number         0  main.o ABSOLUTE
    __cpp_initialize__aeabi_                  - Undefined Weak Reference
    __cxa_finalize                            - Undefined Weak Reference
    _clock_init                               - Undefined Weak Reference
    _microlib_exit                            - Undefined Weak Reference
    __Vectors_Size                           0x000000c0   Number         0  startup_stm32f072xb.o ABSOLUTE
    __Vectors                                0x08000000   Data           4  startup_stm32f072xb.o(RESET)
    __Vectors_End                            0x080000c0   Data           0  startup_stm32f072xb.o(RESET)
    __main                                   0x080000c1   Thumb Code     0  entry.o(.ARM.Collect$$$$00000000)
    _main_stk                                0x080000c1   Thumb Code     0  entry2.o(.ARM.Collect$$$$00000001)
    _main_scatterload                        0x080000c5   Thumb Code     0  entry5.o(.ARM.Collect$$$$00000004)
    __main_after_scatterload                 0x080000c9   Thumb Code     0  entry5.o(.ARM.Collect$$$$00000004)
    _main_clock                              0x080000c9   Thumb Code     0  entry7b.o(.ARM.Collect$$$$00000008)
    _main_cpp_init                           0x080000c9   Thumb Code     0  entry8b.o(.ARM.Collect$$$$0000000A)
    _main_init                               0x080000c9   Thumb Code     0  entry9a.o(.ARM.Collect$$$$0000000B)
    __rt_final_cpp                           0x080000d1   Thumb Code     0  entry10a.o(.ARM.Collect$$$$0000000D)
    __rt_final_exit                          0x080000d1   Thumb Code     0  entry11a.o(.ARM.Collect$$$$0000000F)
    Reset_Handler                            0x080000d5   Thumb Code     8  startup_stm32f072xb.o(.text)
    ADC1_COMP_IRQHandler                     0x080000e7   Thumb Code     0  startup_stm32f072xb.o(.text)
    CEC_CAN_IRQHandler                       0x080000e7   Thumb Code     0  startup_stm32f072xb.o(.text)
    DMA1_Channel1_IRQHandler                 0x080000e7   Thumb Code     0  startup_stm32f072xb.o(.text)
    DMA1_Channel2_3_IRQHandler               0x080000e7   Thumb Code     0  startup_stm32f072xb.o(.text)
    DMA1_Channel4_5_6_7_IRQHandler           0x080000e7   Thumb Code     0  startup_stm32f072xb.o(.text)
    EXTI0_1_IRQHandler                       0x080000e7   Thumb Code     0  startup_stm32f072xb.o(.text)
    EXTI2_3_IRQHandler                       0x080000e7   Thumb Code     0  startup_stm32f072xb.o(.text)
    EXTI4_15_IRQHandler                      0x080000e7   Thumb Code     0  startup_stm32f072xb.o(.text)
    FLASH_IRQHandler                         0x080000e7   Thumb Code     0  startup_stm32f072xb.o(.text)
    I2C1_IRQHandler                          0x080000e7   Thumb Code     0  startup_stm32f072xb.o(.text)
    I2C2_IRQHandler                          0x080000e7   Thumb Code     0  startup_stm32f072xb.o(.text)
    PVD_VDDIO2_IRQHandler                    0x080000e7   Thumb Code     0  startup_stm32f072xb.o(.text)
    RCC_CRS_IRQHandler                       0x080000e7   Thumb Code     0  startup_stm32f072xb.o(.text)
    RTC_IRQHandler                           0x080000e7   Thumb Code     0  startup_stm32f072xb.o(.text)
    SPI1_IRQHandler                          0x080000e7   Thumb Code     0  startup_stm32f072xb.o(.text)
    SPI2_IRQHandler                          0x080000e7   Thumb Code     0  startup_stm32f072xb.o(.text)
    TIM14_IRQHandler                         0x080000e7   Thumb Code     0  startup_stm32f072xb.o(.text)
    TIM15_IRQHandler                         0x080000e7   Thumb Code     0  startup_stm32f072xb.o(.text)
    TIM16_IRQHandler                         0x080000e7   Thumb Code     0  startup_stm32f072xb.o(.text)
    TIM17_IRQHandler                         0x080000e7   Thumb Code     0  startup_stm32f072xb.o(.text)
    TIM1_BRK_UP_TRG_COM_IRQHandler           0x080000e7   Thumb Code     0  startup_stm32f072xb.o(.text)
    TIM1_CC_IRQHandler                       0x080000e7   Thumb Code     0  startup_stm32f072xb.o(.text)
    TIM2_IRQHandler                          0x080000e7   Thumb Code     0  startup_stm32f072xb.o(.text)
    TIM3_IRQHandler                          0x080000e7   Thumb Code     0  startup_stm32f072xb.o(.text)
    TIM6_DAC_IRQHandler                      0x080000e7   Thumb Code     0  startup_stm32f072xb.o(.text)
    TIM7_IRQHandler                          0x080000e7   Thumb Code     0  startup_stm32f072xb.o(.text)
    TSC_IRQHandler                           0x080000e7   Thumb Code     0  startup_stm32f072xb.o(.text)
    USART1_IRQHandler                        0x080000e7   Thumb Code     0  startup_stm32f072xb.o(.text)
    USART2_IRQHandler                        0x080000e7   Thumb Code     0  startup_stm32f072xb.o(.text)
    USART3_4_IRQHandler                      0x080000e7   Thumb Code     0  startup_stm32f072xb.o(.text)
    WWDG_IRQHandler                          0x080000e7   Thumb Code     0  startup_stm32f072xb.o(.text)
    __aeabi_uidiv                            0x080000f1   Thumb Code     0  uidiv.o(.text)
    __aeabi_uidivmod                         0x080000f1   Thumb Code    44  uidiv.o(.text)
    __aeabi_llsr                             0x0800011d   Thumb Code    34  llushr.o(.text)
    _ll_ushift_r                             0x0800011d   Thumb Code     0  llushr.o(.text)
    __aeabi_memset                           0x0800013f   Thumb Code    14  memseta.o(.text)
    __aeabi_memset4                          0x0800013f   Thumb Code     0  memseta.o(.text)
    __aeabi_memset8                          0x0800013f   Thumb Code     0  memseta.o(.text)
    __aeabi_memclr                           0x0800014d   Thumb Code     4  memseta.o(.text)
    __aeabi_memclr4                          0x0800014d   Thumb Code     0  memseta.o(.text)
    __aeabi_memclr8                          0x0800014d   Thumb Code     0  memseta.o(.text)
    _memset$wrapper                          0x08000151   Thumb Code    18  memseta.o(.text)
    strlen                                   0x08000163   Thumb Code    14  strlen.o(.text)
    strcmp                                   0x08000171   Thumb Code    28  strcmp.o(.text)
    strcpy                                   0x0800018d   Thumb Code    18  strcpy.o(.text)
    strncmp                                  0x0800019f   Thumb Code    30  strncmp.o(.text)
    atoi                                     0x080001bd   Thumb Code    26  atoi.o(.text)
    __aeabi_dmul                             0x080001d9   Thumb Code   202  dmul.o(.text)
    __aeabi_ui2f                             0x080002a9   Thumb Code    14  ffltui.o(.text)
    __aeabi_d2uiz                            0x080002b9   Thumb Code    50  dfixui.o(.text)
    __aeabi_f2d                              0x080002f5   Thumb Code    40  f2d.o(.text)
    strtol                                   0x0800031d   Thumb Code   108  strtol.o(.text)
    __I$use$fp                               0x0800038d   Thumb Code     0  iusefp.o(.text)
    _float_round                             0x0800038d   Thumb Code    16  fepilogue.o(.text)
    _float_epilogue                          0x0800039d   Thumb Code   114  fepilogue.o(.text)
    _double_round                            0x0800040f   Thumb Code    26  depilogue.o(.text)
    _double_epilogue                         0x08000429   Thumb Code   164  depilogue.o(.text)
    __scatterload                            0x080004cd   Thumb Code    28  init.o(.text)
    __scatterload_rt2                        0x080004cd   Thumb Code     0  init.o(.text)
    __aeabi_llsl                             0x080004f1   Thumb Code    32  llshl.o(.text)
    _ll_shift_l                              0x080004f1   Thumb Code     0  llshl.o(.text)
    __rt_ctype_table                         0x08000511   Thumb Code     4  ctype_o.o(.text)
    _strtoul                                 0x08000519   Thumb Code   166  _strtoul.o(.text)
    _chval                                   0x080005bf   Thumb Code    30  _chval.o(.text)
    __decompress                             0x080005dd   Thumb Code     0  __dczerorl2.o(.text)
    __decompress1                            0x080005dd   Thumb Code    86  __dczerorl2.o(.text)
    CDC_Transmit_FS                          0x080006bd   Thumb Code    54  usbd_cdc_if.o(i.CDC_Transmit_FS)
    Error_Handler                            0x080006fd   Thumb Code     2  main.o(i.Error_Handler)
    HAL_DACEx_DualSetValue                   0x080006ff   Thumb Code    22  stm32f0xx_hal_dac_ex.o(i.HAL_DACEx_DualSetValue)
    HAL_DAC_ConfigChannel                    0x08000715   Thumb Code    52  stm32f0xx_hal_dac_ex.o(i.HAL_DAC_ConfigChannel)
    HAL_DAC_DeInit                           0x0800074d   Thumb Code    30  stm32f0xx_hal_dac.o(i.HAL_DAC_DeInit)
    HAL_DAC_Init                             0x0800076b   Thumb Code    42  stm32f0xx_hal_dac.o(i.HAL_DAC_Init)
    HAL_DAC_MspDeInit                        0x08000795   Thumb Code    32  stm32f0xx_hal_msp.o(i.HAL_DAC_MspDeInit)
    HAL_DAC_MspInit                          0x080007bd   Thumb Code    54  stm32f0xx_hal_msp.o(i.HAL_DAC_MspInit)
    HAL_DAC_Start                            0x080007fd   Thumb Code    84  stm32f0xx_hal_dac_ex.o(i.HAL_DAC_Start)
    HAL_DAC_Stop                             0x08000851   Thumb Code    22  stm32f0xx_hal_dac.o(i.HAL_DAC_Stop)
    HAL_Delay                                0x08000867   Thumb Code    22  stm32f0xx_hal.o(i.HAL_Delay)
    HAL_GPIO_DeInit                          0x0800087d   Thumb Code   202  stm32f0xx_hal_gpio.o(i.HAL_GPIO_DeInit)
    HAL_GPIO_Init                            0x08000961   Thumb Code   314  stm32f0xx_hal_gpio.o(i.HAL_GPIO_Init)
    HAL_GPIO_ReadPin                         0x08000ab9   Thumb Code    10  stm32f0xx_hal_gpio.o(i.HAL_GPIO_ReadPin)
    HAL_GPIO_TogglePin                       0x08000ac3   Thumb Code     8  stm32f0xx_hal_gpio.o(i.HAL_GPIO_TogglePin)
    HAL_GPIO_WritePin                        0x08000acb   Thumb Code    12  stm32f0xx_hal_gpio.o(i.HAL_GPIO_WritePin)
    HAL_GetTick                              0x08000ad9   Thumb Code     6  stm32f0xx_hal.o(i.HAL_GetTick)
    HAL_I2CEx_ConfigAnalogFilter             0x08000ae5   Thumb Code    74  stm32f0xx_hal_i2c_ex.o(i.HAL_I2CEx_ConfigAnalogFilter)
    HAL_I2C_Init                             0x08000b31   Thumb Code   176  stm32f0xx_hal_i2c.o(i.HAL_I2C_Init)
    HAL_I2C_IsDeviceReady                    0x08000be5   Thumb Code   280  stm32f0xx_hal_i2c.o(i.HAL_I2C_IsDeviceReady)
    HAL_I2C_Master_Receive                   0x08000d01   Thumb Code   274  stm32f0xx_hal_i2c.o(i.HAL_I2C_Master_Receive)
    HAL_I2C_Master_Transmit                  0x08000e19   Thumb Code   274  stm32f0xx_hal_i2c.o(i.HAL_I2C_Master_Transmit)
    HAL_I2C_MspInit                          0x08000f31   Thumb Code    62  stm32f0xx_hal_msp.o(i.HAL_I2C_MspInit)
    HAL_IWDG_Init                            0x08000f7d   Thumb Code    86  stm32f0xx_hal_iwdg.o(i.HAL_IWDG_Init)
    HAL_IWDG_Refresh                         0x08000fe1   Thumb Code    10  stm32f0xx_hal_iwdg.o(i.HAL_IWDG_Refresh)
    HAL_IncTick                              0x08000ff1   Thumb Code    10  stm32f0xx_hal.o(i.HAL_IncTick)
    HAL_Init                                 0x08001001   Thumb Code    26  stm32f0xx_hal.o(i.HAL_Init)
    HAL_InitTick                             0x08001021   Thumb Code    34  stm32f0xx_hal.o(i.HAL_InitTick)
    HAL_MspInit                              0x08001045   Thumb Code    50  stm32f0xx_hal_msp.o(i.HAL_MspInit)
    HAL_NVIC_EnableIRQ                       0x0800107d   Thumb Code    14  stm32f0xx_hal_cortex.o(i.HAL_NVIC_EnableIRQ)
    HAL_NVIC_SetPriority                     0x08001091   Thumb Code     8  stm32f0xx_hal_cortex.o(i.HAL_NVIC_SetPriority)
    HAL_PCDEx_PMAConfig                      0x08001099   Thumb Code    58  stm32f0xx_hal_pcd_ex.o(i.HAL_PCDEx_PMAConfig)
    HAL_PCD_DataInStageCallback              0x080010d3   Thumb Code    24  usbd_conf.o(i.HAL_PCD_DataInStageCallback)
    HAL_PCD_DataOutStageCallback             0x080010eb   Thumb Code    28  usbd_conf.o(i.HAL_PCD_DataOutStageCallback)
    HAL_PCD_EP_Close                         0x08001109   Thumb Code   346  stm32f0xx_hal_pcd.o(i.HAL_PCD_EP_Close)
    HAL_PCD_EP_ClrStall                      0x08001271   Thumb Code   166  stm32f0xx_hal_pcd.o(i.HAL_PCD_EP_ClrStall)
    HAL_PCD_EP_GetRxCount                    0x08001325   Thumb Code    20  stm32f0xx_hal_pcd.o(i.HAL_PCD_EP_GetRxCount)
    HAL_PCD_EP_Open                          0x08001339   Thumb Code   652  stm32f0xx_hal_pcd.o(i.HAL_PCD_EP_Open)
    HAL_PCD_EP_Receive                       0x080015dd   Thumb Code   298  stm32f0xx_hal_pcd.o(i.HAL_PCD_EP_Receive)
    HAL_PCD_EP_SetStall                      0x08001715   Thumb Code   136  stm32f0xx_hal_pcd.o(i.HAL_PCD_EP_SetStall)
    HAL_PCD_EP_Transmit                      0x080017a9   Thumb Code   386  stm32f0xx_hal_pcd.o(i.HAL_PCD_EP_Transmit)
    HAL_PCD_IRQHandler                       0x0800193d   Thumb Code   238  stm32f0xx_hal_pcd.o(i.HAL_PCD_IRQHandler)
    HAL_PCD_Init                             0x08001a49   Thumb Code   154  stm32f0xx_hal_pcd.o(i.HAL_PCD_Init)
    HAL_PCD_MspInit                          0x08001ae5   Thumb Code    46  usbd_conf.o(i.HAL_PCD_MspInit)
    HAL_PCD_ResetCallback                    0x08001b1d   Thumb Code    24  usbd_conf.o(i.HAL_PCD_ResetCallback)
    HAL_PCD_ResumeCallback                   0x08001b35   Thumb Code    38  usbd_conf.o(i.HAL_PCD_ResumeCallback)
    HAL_PCD_SOFCallback                      0x08001b61   Thumb Code    16  usbd_conf.o(i.HAL_PCD_SOFCallback)
    HAL_PCD_SetAddress                       0x08001b71   Thumb Code    44  stm32f0xx_hal_pcd.o(i.HAL_PCD_SetAddress)
    HAL_PCD_SetupStageCallback               0x08001b9d   Thumb Code    22  usbd_conf.o(i.HAL_PCD_SetupStageCallback)
    HAL_PCD_Start                            0x08001bb3   Thumb Code    18  stm32f0xx_hal_pcd.o(i.HAL_PCD_Start)
    HAL_PCD_SuspendCallback                  0x08001bc5   Thumb Code    34  usbd_conf.o(i.HAL_PCD_SuspendCallback)
    HAL_PWR_DisableWakeUpPin                 0x08001bed   Thumb Code    10  stm32f0xx_hal_pwr.o(i.HAL_PWR_DisableWakeUpPin)
    HAL_PWR_EnableWakeUpPin                  0x08001bfd   Thumb Code    10  stm32f0xx_hal_pwr.o(i.HAL_PWR_EnableWakeUpPin)
    HAL_PWR_EnterSTANDBYMode                 0x08001c0d   Thumb Code    24  stm32f0xx_hal_pwr.o(i.HAL_PWR_EnterSTANDBYMode)
    HAL_RCCEx_PeriphCLKConfig                0x08001c2d   Thumb Code   274  stm32f0xx_hal_rcc_ex.o(i.HAL_RCCEx_PeriphCLKConfig)
    HAL_RCC_ClockConfig                      0x08001d4d   Thumb Code   320  stm32f0xx_hal_rcc.o(i.HAL_RCC_ClockConfig)
    HAL_RCC_GetHCLKFreq                      0x08001ea1   Thumb Code     6  stm32f0xx_hal_rcc.o(i.HAL_RCC_GetHCLKFreq)
    HAL_RCC_GetSysClockFreq                  0x08001ead   Thumb Code    90  stm32f0xx_hal_rcc.o(i.HAL_RCC_GetSysClockFreq)
    HAL_RCC_OscConfig                        0x08001f35   Thumb Code   966  stm32f0xx_hal_rcc.o(i.HAL_RCC_OscConfig)
    HAL_SYSTICK_CLKSourceConfig              0x0800230d   Thumb Code    20  stm32f0xx_hal_cortex.o(i.HAL_SYSTICK_CLKSourceConfig)
    HAL_SYSTICK_Callback                     0x08002325   Thumb Code     2  stm32f0xx_hal_cortex.o(i.HAL_SYSTICK_Callback)
    HAL_SYSTICK_Config                       0x08002329   Thumb Code    38  stm32f0xx_hal_cortex.o(i.HAL_SYSTICK_Config)
    HAL_SYSTICK_IRQHandler                   0x08002359   Thumb Code     8  stm32f0xx_hal_cortex.o(i.HAL_SYSTICK_IRQHandler)
    HardFault_Handler                        0x08002361   Thumb Code     2  stm32f0xx_it.o(i.HardFault_Handler)
    MX_USB_DEVICE_Init                       0x08002649   Thumb Code    36  usb_device.o(i.MX_USB_DEVICE_Init)
    NMI_Handler                              0x0800267d   Thumb Code     2  stm32f0xx_it.o(i.NMI_Handler)
    PCD_ReadPMA                              0x080029fd   Thumb Code    30  stm32f0xx_hal_pcd.o(i.PCD_ReadPMA)
    PCD_WritePMA                             0x08002a1b   Thumb Code    38  stm32f0xx_hal_pcd.o(i.PCD_WritePMA)
    PendSV_Handler                           0x08002a41   Thumb Code     2  stm32f0xx_it.o(i.PendSV_Handler)
    SVC_Handler                              0x08002a43   Thumb Code     2  stm32f0xx_it.o(i.SVC_Handler)
    SysTick_Handler                          0x08002a45   Thumb Code    12  stm32f0xx_it.o(i.SysTick_Handler)
    SystemClock_Config                       0x08002a51   Thumb Code   126  main.o(i.SystemClock_Config)
    SystemInit                               0x08002ad1   Thumb Code    76  system_stm32f0xx.o(i.SystemInit)
    USBD_CDC_GetDeviceQualifierDescriptor    0x08002be5   Thumb Code     8  usbd_cdc.o(i.USBD_CDC_GetDeviceQualifierDescriptor)
    USBD_CDC_ReceivePacket                   0x08002c9f   Thumb Code    56  usbd_cdc.o(i.USBD_CDC_ReceivePacket)
    USBD_CDC_RegisterInterface               0x08002cd7   Thumb Code    20  usbd_cdc.o(i.USBD_CDC_RegisterInterface)
    USBD_CDC_SetRxBuffer                     0x08002ceb   Thumb Code    20  usbd_cdc.o(i.USBD_CDC_SetRxBuffer)
    USBD_CDC_SetTxBuffer                     0x08002cff   Thumb Code    22  usbd_cdc.o(i.USBD_CDC_SetTxBuffer)
    USBD_CDC_TransmitPacket                  0x08002d89   Thumb Code    52  usbd_cdc.o(i.USBD_CDC_TransmitPacket)
    USBD_ClrClassConfig                      0x08002dbd   Thumb Code    16  usbd_core.o(i.USBD_ClrClassConfig)
    USBD_CtlContinueRx                       0x08002dcd   Thumb Code    16  usbd_ioreq.o(i.USBD_CtlContinueRx)
    USBD_CtlContinueSendData                 0x08002ddd   Thumb Code    16  usbd_ioreq.o(i.USBD_CtlContinueSendData)
    USBD_CtlError                            0x08002ded   Thumb Code    20  usbd_ctlreq.o(i.USBD_CtlError)
    USBD_CtlPrepareRx                        0x08002e01   Thumb Code    32  usbd_ioreq.o(i.USBD_CtlPrepareRx)
    USBD_CtlReceiveStatus                    0x08002e21   Thumb Code    24  usbd_ioreq.o(i.USBD_CtlReceiveStatus)
    USBD_CtlSendData                         0x08002e39   Thumb Code    28  usbd_ioreq.o(i.USBD_CtlSendData)
    USBD_CtlSendStatus                       0x08002e55   Thumb Code    24  usbd_ioreq.o(i.USBD_CtlSendStatus)
    USBD_FS_ConfigStrDescriptor              0x08002e6d   Thumb Code    16  usbd_desc.o(i.USBD_FS_ConfigStrDescriptor)
    USBD_FS_DeviceDescriptor                 0x08002e8d   Thumb Code     8  usbd_desc.o(i.USBD_FS_DeviceDescriptor)
    USBD_FS_InterfaceStrDescriptor           0x08002e99   Thumb Code    16  usbd_desc.o(i.USBD_FS_InterfaceStrDescriptor)
    USBD_FS_LangIDStrDescriptor              0x08002ebd   Thumb Code     8  usbd_desc.o(i.USBD_FS_LangIDStrDescriptor)
    USBD_FS_ManufacturerStrDescriptor        0x08002ec9   Thumb Code    16  usbd_desc.o(i.USBD_FS_ManufacturerStrDescriptor)
    USBD_FS_ProductStrDescriptor             0x08002ef1   Thumb Code    16  usbd_desc.o(i.USBD_FS_ProductStrDescriptor)
    USBD_FS_SerialStrDescriptor              0x08002f1d   Thumb Code    16  usbd_desc.o(i.USBD_FS_SerialStrDescriptor)
    USBD_GetString                           0x08003021   Thumb Code    68  usbd_ctlreq.o(i.USBD_GetString)
    USBD_Init                                0x08003065   Thumb Code    50  usbd_core.o(i.USBD_Init)
    USBD_LL_ClearStallEP                     0x08003097   Thumb Code    38  usbd_conf.o(i.USBD_LL_ClearStallEP)
    USBD_LL_CloseEP                          0x080030bd   Thumb Code    38  usbd_conf.o(i.USBD_LL_CloseEP)
    USBD_LL_DataInStage                      0x080030e3   Thumb Code   182  usbd_core.o(i.USBD_LL_DataInStage)
    USBD_LL_DataOutStage                     0x08003199   Thumb Code   116  usbd_core.o(i.USBD_LL_DataOutStage)
    USBD_LL_GetRxDataSize                    0x0800320d   Thumb Code    16  usbd_conf.o(i.USBD_LL_GetRxDataSize)
    USBD_LL_Init                             0x0800321d   Thumb Code   122  usbd_conf.o(i.USBD_LL_Init)
    USBD_LL_IsStallEP                        0x080032a5   Thumb Code    36  usbd_conf.o(i.USBD_LL_IsStallEP)
    USBD_LL_OpenEP                           0x080032c9   Thumb Code    44  usbd_conf.o(i.USBD_LL_OpenEP)
    USBD_LL_PrepareReceive                   0x080032f5   Thumb Code    38  usbd_conf.o(i.USBD_LL_PrepareReceive)
    USBD_LL_Reset                            0x0800331b   Thumb Code    70  usbd_core.o(i.USBD_LL_Reset)
    USBD_LL_Resume                           0x08003361   Thumb Code    12  usbd_core.o(i.USBD_LL_Resume)
    USBD_LL_SOF                              0x0800336d   Thumb Code    30  usbd_core.o(i.USBD_LL_SOF)
    USBD_LL_SetSpeed                         0x0800338b   Thumb Code     6  usbd_core.o(i.USBD_LL_SetSpeed)
    USBD_LL_SetUSBAddress                    0x08003391   Thumb Code    38  usbd_conf.o(i.USBD_LL_SetUSBAddress)
    USBD_LL_SetupStage                       0x080033b7   Thumb Code    94  usbd_core.o(i.USBD_LL_SetupStage)
    USBD_LL_StallEP                          0x08003415   Thumb Code    38  usbd_conf.o(i.USBD_LL_StallEP)
    USBD_LL_Start                            0x0800343b   Thumb Code    38  usbd_conf.o(i.USBD_LL_Start)
    USBD_LL_Suspend                          0x08003461   Thumb Code    16  usbd_core.o(i.USBD_LL_Suspend)
    USBD_LL_Transmit                         0x08003471   Thumb Code    38  usbd_conf.o(i.USBD_LL_Transmit)
    USBD_ParseSetupRequest                   0x08003497   Thumb Code    40  usbd_ctlreq.o(i.USBD_ParseSetupRequest)
    USBD_RegisterClass                       0x080034bf   Thumb Code    22  usbd_core.o(i.USBD_RegisterClass)
    USBD_SetClassConfig                      0x080034d5   Thumb Code    28  usbd_core.o(i.USBD_SetClassConfig)
    USBD_Start                               0x08003561   Thumb Code    10  usbd_core.o(i.USBD_Start)
    USBD_StdDevReq                           0x0800356b   Thumb Code   238  usbd_ctlreq.o(i.USBD_StdDevReq)
    USBD_StdEPReq                            0x08003659   Thumb Code   234  usbd_ctlreq.o(i.USBD_StdEPReq)
    USBD_StdItfReq                           0x08003743   Thumb Code    58  usbd_ctlreq.o(i.USBD_StdItfReq)
    USBD_static_free                         0x0800377d   Thumb Code     2  usbd_conf.o(i.USBD_static_free)
    USBD_static_malloc                       0x08003781   Thumb Code     4  usbd_conf.o(i.USBD_static_malloc)
    USB_IRQHandler                           0x08003789   Thumb Code    10  stm32f0xx_it.o(i.USB_IRQHandler)
    __0printf$bare                           0x08003799   Thumb Code    12  printfb.o(i.__0printf$bare)
    __1printf$bare                           0x08003799   Thumb Code     0  printfb.o(i.__0printf$bare)
    __2printf                                0x08003799   Thumb Code     0  printfb.o(i.__0printf$bare)
    __ARM_clz                                0x080037ad   Thumb Code    46  depilogue.o(i.__ARM_clz)
    __ARM_common_switch8                     0x080037db   Thumb Code    26  usbd_ctlreq.o(i.__ARM_common_switch8)
    __aeabi_errno_addr                       0x080037f5   Thumb Code     4  errno.o(i.__aeabi_errno_addr)
    __rt_errno_addr                          0x080037f5   Thumb Code     0  errno.o(i.__aeabi_errno_addr)
    __scatterload_copy                       0x080037fd   Thumb Code    14  handlers.o(i.__scatterload_copy)
    __scatterload_null                       0x0800380b   Thumb Code     2  handlers.o(i.__scatterload_null)
    __scatterload_zeroinit                   0x0800380d   Thumb Code    14  handlers.o(i.__scatterload_zeroinit)
    arg_to_button_index                      0x08003839   Thumb Code   498  cmd_parser.o(i.arg_to_button_index)
    blink                                    0x08003a99   Thumb Code    32  main.o(i.blink)
    button_ctrl                              0x08003abd   Thumb Code    38  cmd_parser.o(i.button_ctrl)
    button_hold                              0x08003ae9   Thumb Code    22  cmd_parser.o(i.button_hold)
    button_release                           0x08003aff   Thumb Code    24  cmd_parser.o(i.button_release)
    eeprom_erase                             0x08003b17   Thumb Code    24  eeprom.o(i.eeprom_erase)
    eeprom_read                              0x08003b31   Thumb Code    66  eeprom.o(i.eeprom_read)
    eeprom_write                             0x08003b79   Thumb Code    64  eeprom.o(i.eeprom_write)
    fputc                                    0x08003bbd   Thumb Code    14  main.o(i.fputc)
    goto_next_arg                            0x08003bcb   Thumb Code    56  cmd_parser.o(i.goto_next_arg)
    idwg_kick                                0x08003c05   Thumb Code    36  helpers.o(i.idwg_kick)
    linear_buf_add                           0x08003c31   Thumb Code    38  helpers.o(i.linear_buf_add)
    linear_buf_add_str                       0x08003c57   Thumb Code    46  helpers.o(i.linear_buf_add_str)
    linear_buf_init                          0x08003c85   Thumb Code    22  helpers.o(i.linear_buf_init)
    linear_buf_reset                         0x08003c9b   Thumb Code    36  helpers.o(i.linear_buf_reset)
    main                                     0x08003cc1   Thumb Code   100  main.o(i.main)
    my_usb_init                              0x08003d39   Thumb Code    16  my_usb.o(i.my_usb_init)
    my_usb_putchar                           0x08003d51   Thumb Code    28  my_usb.o(i.my_usb_putchar)
    my_usb_readline                          0x08003d71   Thumb Code   100  my_usb.o(i.my_usb_readline)
    parse_cmd                                0x08003ddd   Thumb Code   382  cmd_parser.o(i.parse_cmd)
    process_multiarg                         0x0800417d   Thumb Code    94  cmd_parser.o(i.process_multiarg)
    puts                                     0x080041e5   Thumb Code    28  puts.o(i.puts)
    release_all_button                       0x08004205   Thumb Code    32  cmd_parser.o(i.release_all_button)
    standby_check                            0x08004229   Thumb Code   108  helpers.o(i.standby_check)
    stick_disengage                          0x080042a5   Thumb Code    34  cmd_parser.o(i.stick_disengage)
    stick_hold                               0x080042cd   Thumb Code   138  cmd_parser.o(i.stick_hold)
    stick_release                            0x08004365   Thumb Code    28  cmd_parser.o(i.stick_release)
    stm32_dac_init                           0x08004389   Thumb Code    76  main.o(i.stm32_dac_init)
    AHBPrescTable                            0x080043dc   Data          16  system_stm32f0xx.o(.constdata)
    __ctype_table                            0x080043ec   Data         129  ctype_o.o(.constdata)
    Region$$Table$$Base                      0x08004474   Number         0  anon$$obj.o(Region$$Table)
    Region$$Table$$Limit                     0x08004494   Number         0  anon$$obj.o(Region$$Table)
    SystemCoreClock                          0x20000000   Data           4  system_stm32f0xx.o(.data)
    USBD_CDC_CfgHSDesc                       0x20000014   Data          67  usbd_cdc.o(.data)
    USBD_CDC_CfgFSDesc                       0x20000058   Data          67  usbd_cdc.o(.data)
    USBD_CDC_OtherSpeedCfgDesc               0x2000009c   Data          67  usbd_cdc.o(.data)
    USBD_CDC                                 0x200000e0   Data          56  usbd_cdc.o(.data)
    uwTick                                   0x2000011c   Data           4  stm32f0xx_hal.o(.data)
    next_iwdg_kick                           0x20000120   Data           4  main.o(.data)
    board_type                               0x20000124   Data           4  main.o(.data)
    FS_Desc                                  0x20000128   Data          28  usbd_desc.o(.data)
    USBD_LangIDDesc                          0x20000144   Data           4  usbd_desc.o(.data)
    USBD_FS_DeviceDesc                       0x20000148   Data          18  usbd_desc.o(.data)
    USBD_Interface_fops_FS                   0x2000015c   Data          16  usbd_cdc_if.o(.data)
    gpio_pin_map                             0x2000016c   Data          48  cmd_parser.o(.data)
    gpio_port_map                            0x2000019c   Data          96  cmd_parser.o(.data)
    usb_data                                 0x200001fc   Data           4  my_usb.o(.data)
    is_port_open                             0x20000200   Data           4  my_usb.o(.data)
    __stdout                                 0x20000204   Data           4  stdout.o(.data)
    hdac                                     0x2000020c   Data          20  main.o(.bss)
    hi2c2                                    0x20000220   Data          76  main.o(.bss)
    hiwdg                                    0x2000026c   Data          16  main.o(.bss)
    hpcd_USB_FS                              0x2000049c   Data         544  usbd_conf.o(.bss)
    hUsbDeviceFS                             0x200006bc   Data         548  usb_device.o(.bss)
    USBD_StrDesc                             0x200008e0   Data         512  usbd_desc.o(.bss)
    UserRxBufferFS                           0x20000ae0   Data         256  usbd_cdc_if.o(.bss)
    UserTxBufferFS                           0x20000be0   Data         256  usbd_cdc_if.o(.bss)
    gpio_pin_queue                           0x20000ce0   Data          32  cmd_parser.o(.bss)
    gpio_port_queue                          0x20000d00   Data          64  cmd_parser.o(.bss)
    usb_line_buf                             0x20000d40   Data         256  my_usb.o(.bss)
    usb_recv_buf                             0x20000e40   Data         268  my_usb.o(.bss)
    __initial_sp                             0x20001350   Data           0  startup_stm32f072xb.o(STACK)



==============================================================================

Memory Map of the image

  Image Entry point : 0x080000c1

  Load Region LR_IROM1 (Base: 0x08000000, Size: 0x000046a0, Max: 0x00010000, ABSOLUTE, COMPRESSED[0x0000455c])

    Execution Region ER_IROM1 (Base: 0x08000000, Size: 0x00004494, Max: 0x00010000, ABSOLUTE)

    Base Addr    Size         Type   Attr      Idx    E Section Name        Object

    0x08000000   0x000000c0   Data   RO         2416    RESET               startup_stm32f072xb.o
    0x080000c0   0x00000000   Code   RO         3168  * .ARM.Collect$$$$00000000  mc_p.l(entry.o)
    0x080000c0   0x00000004   Code   RO         3459    .ARM.Collect$$$$00000001  mc_p.l(entry2.o)
    0x080000c4   0x00000004   Code   RO         3462    .ARM.Collect$$$$00000004  mc_p.l(entry5.o)
    0x080000c8   0x00000000   Code   RO         3464    .ARM.Collect$$$$00000008  mc_p.l(entry7b.o)
    0x080000c8   0x00000000   Code   RO         3466    .ARM.Collect$$$$0000000A  mc_p.l(entry8b.o)
    0x080000c8   0x00000008   Code   RO         3467    .ARM.Collect$$$$0000000B  mc_p.l(entry9a.o)
    0x080000d0   0x00000000   Code   RO         3469    .ARM.Collect$$$$0000000D  mc_p.l(entry10a.o)
    0x080000d0   0x00000000   Code   RO         3471    .ARM.Collect$$$$0000000F  mc_p.l(entry11a.o)
    0x080000d0   0x00000004   Code   RO         3460    .ARM.Collect$$$$00002712  mc_p.l(entry2.o)
    0x080000d4   0x0000001c   Code   RO         2417    .text               startup_stm32f072xb.o
    0x080000f0   0x0000002c   Code   RO         3175    .text               mc_p.l(uidiv.o)
    0x0800011c   0x00000022   Code   RO         3177    .text               mc_p.l(llushr.o)
    0x0800013e   0x00000024   Code   RO         3179    .text               mc_p.l(memseta.o)
    0x08000162   0x0000000e   Code   RO         3181    .text               mc_p.l(strlen.o)
    0x08000170   0x0000001c   Code   RO         3183    .text               mc_p.l(strcmp.o)
    0x0800018c   0x00000012   Code   RO         3185    .text               mc_p.l(strcpy.o)
    0x0800019e   0x0000001e   Code   RO         3187    .text               mc_p.l(strncmp.o)
    0x080001bc   0x0000001a   Code   RO         3449    .text               mc_p.l(atoi.o)
    0x080001d6   0x00000002   PAD
    0x080001d8   0x000000d0   Code   RO         3451    .text               mf_p.l(dmul.o)
    0x080002a8   0x0000000e   Code   RO         3453    .text               mf_p.l(ffltui.o)
    0x080002b6   0x00000002   PAD
    0x080002b8   0x0000003c   Code   RO         3455    .text               mf_p.l(dfixui.o)
    0x080002f4   0x00000028   Code   RO         3457    .text               mf_p.l(f2d.o)
    0x0800031c   0x00000070   Code   RO         3483    .text               mc_p.l(strtol.o)
    0x0800038c   0x00000000   Code   RO         3485    .text               mc_p.l(iusefp.o)
    0x0800038c   0x00000082   Code   RO         3486    .text               mf_p.l(fepilogue.o)
    0x0800040e   0x000000be   Code   RO         3488    .text               mf_p.l(depilogue.o)
    0x080004cc   0x00000024   Code   RO         3500    .text               mc_p.l(init.o)
    0x080004f0   0x00000020   Code   RO         3502    .text               mc_p.l(llshl.o)
    0x08000510   0x00000008   Code   RO         3506    .text               mc_p.l(ctype_o.o)
    0x08000518   0x000000a6   Code   RO         3534    .text               mc_p.l(_strtoul.o)
    0x080005be   0x0000001e   Code   RO         3536    .text               mc_p.l(_chval.o)
    0x080005dc   0x00000056   Code   RO         3546    .text               mc_p.l(__dczerorl2.o)
    0x08000632   0x00000002   PAD
    0x08000634   0x00000038   Code   RO         2905    i.CDC_Control_FS    usbd_cdc_if.o
    0x0800066c   0x00000004   Code   RO         2906    i.CDC_DeInit_FS     usbd_cdc_if.o
    0x08000670   0x00000024   Code   RO         2907    i.CDC_Init_FS       usbd_cdc_if.o
    0x08000694   0x00000028   Code   RO         2908    i.CDC_Receive_FS    usbd_cdc_if.o
    0x080006bc   0x00000040   Code   RO         2909    i.CDC_Transmit_FS   usbd_cdc_if.o
    0x080006fc   0x00000002   Code   RO         2477    i.Error_Handler     main.o
    0x080006fe   0x00000016   Code   RO          950    i.HAL_DACEx_DualSetValue  stm32f0xx_hal_dac_ex.o
    0x08000714   0x00000038   Code   RO          954    i.HAL_DAC_ConfigChannel  stm32f0xx_hal_dac_ex.o
    0x0800074c   0x0000001e   Code   RO         1555    i.HAL_DAC_DeInit    stm32f0xx_hal_dac.o
    0x0800076a   0x0000002a   Code   RO         1561    i.HAL_DAC_Init      stm32f0xx_hal_dac.o
    0x08000794   0x00000028   Code   RO         2861    i.HAL_DAC_MspDeInit  stm32f0xx_hal_msp.o
    0x080007bc   0x00000040   Code   RO         2862    i.HAL_DAC_MspInit   stm32f0xx_hal_msp.o
    0x080007fc   0x00000054   Code   RO          957    i.HAL_DAC_Start     stm32f0xx_hal_dac_ex.o
    0x08000850   0x00000016   Code   RO         1567    i.HAL_DAC_Stop      stm32f0xx_hal_dac.o
    0x08000866   0x00000016   Code   RO         1678    i.HAL_Delay         stm32f0xx_hal.o
    0x0800087c   0x000000e4   Code   RO         1065    i.HAL_GPIO_DeInit   stm32f0xx_hal_gpio.o
    0x08000960   0x00000158   Code   RO         1068    i.HAL_GPIO_Init     stm32f0xx_hal_gpio.o
    0x08000ab8   0x0000000a   Code   RO         1070    i.HAL_GPIO_ReadPin  stm32f0xx_hal_gpio.o
    0x08000ac2   0x00000008   Code   RO         1071    i.HAL_GPIO_TogglePin  stm32f0xx_hal_gpio.o
    0x08000aca   0x0000000c   Code   RO         1072    i.HAL_GPIO_WritePin  stm32f0xx_hal_gpio.o
    0x08000ad6   0x00000002   PAD
    0x08000ad8   0x0000000c   Code   RO         1682    i.HAL_GetTick       stm32f0xx_hal.o
    0x08000ae4   0x0000004a   Code   RO         1501    i.HAL_I2CEx_ConfigAnalogFilter  stm32f0xx_hal_i2c_ex.o
    0x08000b2e   0x00000002   PAD
    0x08000b30   0x000000b4   Code   RO         1911    i.HAL_I2C_Init      stm32f0xx_hal_i2c.o
    0x08000be4   0x0000011c   Code   RO         1912    i.HAL_I2C_IsDeviceReady  stm32f0xx_hal_i2c.o
    0x08000d00   0x00000118   Code   RO         1917    i.HAL_I2C_Master_Receive  stm32f0xx_hal_i2c.o
    0x08000e18   0x00000118   Code   RO         1922    i.HAL_I2C_Master_Transmit  stm32f0xx_hal_i2c.o
    0x08000f30   0x0000004c   Code   RO         2864    i.HAL_I2C_MspInit   stm32f0xx_hal_msp.o
    0x08000f7c   0x00000064   Code   RO         1326    i.HAL_IWDG_Init     stm32f0xx_hal_iwdg.o
    0x08000fe0   0x00000010   Code   RO         1327    i.HAL_IWDG_Refresh  stm32f0xx_hal_iwdg.o
    0x08000ff0   0x00000010   Code   RO         1683    i.HAL_IncTick       stm32f0xx_hal.o
    0x08001000   0x00000020   Code   RO         1684    i.HAL_Init          stm32f0xx_hal.o
    0x08001020   0x00000022   Code   RO         1685    i.HAL_InitTick      stm32f0xx_hal.o
    0x08001042   0x00000002   PAD
    0x08001044   0x00000038   Code   RO         2865    i.HAL_MspInit       stm32f0xx_hal_msp.o
    0x0800107c   0x00000014   Code   RO         1794    i.HAL_NVIC_EnableIRQ  stm32f0xx_hal_cortex.o
    0x08001090   0x00000008   Code   RO         1798    i.HAL_NVIC_SetPriority  stm32f0xx_hal_cortex.o
    0x08001098   0x0000003a   Code   RO          518    i.HAL_PCDEx_PMAConfig  stm32f0xx_hal_pcd_ex.o
    0x080010d2   0x00000018   Code   RO         2562    i.HAL_PCD_DataInStageCallback  usbd_conf.o
    0x080010ea   0x0000001c   Code   RO         2563    i.HAL_PCD_DataOutStageCallback  usbd_conf.o
    0x08001106   0x00000002   PAD
    0x08001108   0x00000168   Code   RO          729    i.HAL_PCD_EP_Close  stm32f0xx_hal_pcd.o
    0x08001270   0x000000b4   Code   RO          730    i.HAL_PCD_EP_ClrStall  stm32f0xx_hal_pcd.o
    0x08001324   0x00000014   Code   RO          732    i.HAL_PCD_EP_GetRxCount  stm32f0xx_hal_pcd.o
    0x08001338   0x000002a4   Code   RO          733    i.HAL_PCD_EP_Open   stm32f0xx_hal_pcd.o
    0x080015dc   0x00000138   Code   RO          734    i.HAL_PCD_EP_Receive  stm32f0xx_hal_pcd.o
    0x08001714   0x00000094   Code   RO          735    i.HAL_PCD_EP_SetStall  stm32f0xx_hal_pcd.o
    0x080017a8   0x00000194   Code   RO          736    i.HAL_PCD_EP_Transmit  stm32f0xx_hal_pcd.o
    0x0800193c   0x0000010c   Code   RO          738    i.HAL_PCD_IRQHandler  stm32f0xx_hal_pcd.o
    0x08001a48   0x0000009a   Code   RO          741    i.HAL_PCD_Init      stm32f0xx_hal_pcd.o
    0x08001ae2   0x00000002   PAD
    0x08001ae4   0x00000038   Code   RO         2568    i.HAL_PCD_MspInit   usbd_conf.o
    0x08001b1c   0x00000018   Code   RO         2569    i.HAL_PCD_ResetCallback  usbd_conf.o
    0x08001b34   0x0000002c   Code   RO         2570    i.HAL_PCD_ResumeCallback  usbd_conf.o
    0x08001b60   0x00000010   Code   RO         2571    i.HAL_PCD_SOFCallback  usbd_conf.o
    0x08001b70   0x0000002c   Code   RO          747    i.HAL_PCD_SetAddress  stm32f0xx_hal_pcd.o
    0x08001b9c   0x00000016   Code   RO         2572    i.HAL_PCD_SetupStageCallback  usbd_conf.o
    0x08001bb2   0x00000012   Code   RO          749    i.HAL_PCD_Start     stm32f0xx_hal_pcd.o
    0x08001bc4   0x00000028   Code   RO         2573    i.HAL_PCD_SuspendCallback  usbd_conf.o
    0x08001bec   0x00000010   Code   RO          638    i.HAL_PWR_DisableWakeUpPin  stm32f0xx_hal_pwr.o
    0x08001bfc   0x00000010   Code   RO          642    i.HAL_PWR_EnableWakeUpPin  stm32f0xx_hal_pwr.o
    0x08001c0c   0x00000020   Code   RO          644    i.HAL_PWR_EnterSTANDBYMode  stm32f0xx_hal_pwr.o
    0x08001c2c   0x00000120   Code   RO         1251    i.HAL_RCCEx_PeriphCLKConfig  stm32f0xx_hal_rcc_ex.o
    0x08001d4c   0x00000154   Code   RO         2325    i.HAL_RCC_ClockConfig  stm32f0xx_hal_rcc.o
    0x08001ea0   0x0000000c   Code   RO         2330    i.HAL_RCC_GetHCLKFreq  stm32f0xx_hal_rcc.o
    0x08001eac   0x00000088   Code   RO         2333    i.HAL_RCC_GetSysClockFreq  stm32f0xx_hal_rcc.o
    0x08001f34   0x000003d8   Code   RO         2336    i.HAL_RCC_OscConfig  stm32f0xx_hal_rcc.o
    0x0800230c   0x00000018   Code   RO         1800    i.HAL_SYSTICK_CLKSourceConfig  stm32f0xx_hal_cortex.o
    0x08002324   0x00000002   Code   RO         1801    i.HAL_SYSTICK_Callback  stm32f0xx_hal_cortex.o
    0x08002326   0x00000002   PAD
    0x08002328   0x00000030   Code   RO         1802    i.HAL_SYSTICK_Config  stm32f0xx_hal_cortex.o
    0x08002358   0x00000008   Code   RO         1803    i.HAL_SYSTICK_IRQHandler  stm32f0xx_hal_cortex.o
    0x08002360   0x00000002   Code   RO         2423    i.HardFault_Handler  stm32f0xx_it.o
    0x08002362   0x00000022   Code   RO         1953    i.I2C_Flush_TXDR    stm32f0xx_hal_i2c.o
    0x08002384   0x00000074   Code   RO         1961    i.I2C_IsAcknowledgeFailed  stm32f0xx_hal_i2c.o
    0x080023f8   0x00000024   Code   RO         1968    i.I2C_TransferConfig  stm32f0xx_hal_i2c.o
    0x0800241c   0x00000048   Code   RO         1969    i.I2C_WaitOnFlagUntilTimeout  stm32f0xx_hal_i2c.o
    0x08002464   0x00000078   Code   RO         1970    i.I2C_WaitOnRXNEFlagUntilTimeout  stm32f0xx_hal_i2c.o
    0x080024dc   0x0000004e   Code   RO         1971    i.I2C_WaitOnSTOPFlagUntilTimeout  stm32f0xx_hal_i2c.o
    0x0800252a   0x00000052   Code   RO         1972    i.I2C_WaitOnTXISFlagUntilTimeout  stm32f0xx_hal_i2c.o
    0x0800257c   0x00000088   Code   RO         2478    i.MX_GPIO_Init      main.o
    0x08002604   0x00000044   Code   RO         2479    i.MX_I2C2_Init      main.o
    0x08002648   0x00000034   Code   RO         2767    i.MX_USB_DEVICE_Init  usb_device.o
    0x0800267c   0x00000002   Code   RO         2424    i.NMI_Handler       stm32f0xx_it.o
    0x0800267e   0x00000002   PAD
    0x08002680   0x00000044   Code   RO         1804    i.NVIC_SetPriority  stm32f0xx_hal_cortex.o
    0x080026c4   0x00000338   Code   RO          752    i.PCD_EP_ISR_Handler  stm32f0xx_hal_pcd.o
    0x080029fc   0x0000001e   Code   RO          753    i.PCD_ReadPMA       stm32f0xx_hal_pcd.o
    0x08002a1a   0x00000026   Code   RO          754    i.PCD_WritePMA      stm32f0xx_hal_pcd.o
    0x08002a40   0x00000002   Code   RO         2425    i.PendSV_Handler    stm32f0xx_it.o
    0x08002a42   0x00000002   Code   RO         2426    i.SVC_Handler       stm32f0xx_it.o
    0x08002a44   0x0000000c   Code   RO         2427    i.SysTick_Handler   stm32f0xx_it.o
    0x08002a50   0x0000007e   Code   RO         2480    i.SystemClock_Config  main.o
    0x08002ace   0x00000002   PAD
    0x08002ad0   0x0000005c   Code   RO            4    i.SystemInit        system_stm32f0xx.o
    0x08002b2c   0x0000001e   Code   RO          293    i.USBD_CDC_DataIn   usbd_cdc.o
    0x08002b4a   0x00000034   Code   RO          294    i.USBD_CDC_DataOut  usbd_cdc.o
    0x08002b7e   0x0000003c   Code   RO          295    i.USBD_CDC_DeInit   usbd_cdc.o
    0x08002bba   0x00000028   Code   RO          296    i.USBD_CDC_EP0_RxReady  usbd_cdc.o
    0x08002be2   0x00000002   PAD
    0x08002be4   0x0000000c   Code   RO          297    i.USBD_CDC_GetDeviceQualifierDescriptor  usbd_cdc.o
    0x08002bf0   0x0000000c   Code   RO          298    i.USBD_CDC_GetFSCfgDesc  usbd_cdc.o
    0x08002bfc   0x0000000c   Code   RO          299    i.USBD_CDC_GetHSCfgDesc  usbd_cdc.o
    0x08002c08   0x0000000c   Code   RO          300    i.USBD_CDC_GetOtherSpeedCfgDesc  usbd_cdc.o
    0x08002c14   0x0000008a   Code   RO          301    i.USBD_CDC_Init     usbd_cdc.o
    0x08002c9e   0x00000038   Code   RO          302    i.USBD_CDC_ReceivePacket  usbd_cdc.o
    0x08002cd6   0x00000014   Code   RO          303    i.USBD_CDC_RegisterInterface  usbd_cdc.o
    0x08002cea   0x00000014   Code   RO          304    i.USBD_CDC_SetRxBuffer  usbd_cdc.o
    0x08002cfe   0x00000016   Code   RO          305    i.USBD_CDC_SetTxBuffer  usbd_cdc.o
    0x08002d14   0x00000074   Code   RO          306    i.USBD_CDC_Setup    usbd_cdc.o
    0x08002d88   0x00000034   Code   RO          307    i.USBD_CDC_TransmitPacket  usbd_cdc.o
    0x08002dbc   0x00000010   Code   RO          134    i.USBD_ClrClassConfig  usbd_core.o
    0x08002dcc   0x00000010   Code   RO          399    i.USBD_CtlContinueRx  usbd_ioreq.o
    0x08002ddc   0x00000010   Code   RO          400    i.USBD_CtlContinueSendData  usbd_ioreq.o
    0x08002dec   0x00000014   Code   RO          455    i.USBD_CtlError     usbd_ctlreq.o
    0x08002e00   0x00000020   Code   RO          401    i.USBD_CtlPrepareRx  usbd_ioreq.o
    0x08002e20   0x00000018   Code   RO          402    i.USBD_CtlReceiveStatus  usbd_ioreq.o
    0x08002e38   0x0000001c   Code   RO          403    i.USBD_CtlSendData  usbd_ioreq.o
    0x08002e54   0x00000018   Code   RO          404    i.USBD_CtlSendStatus  usbd_ioreq.o
    0x08002e6c   0x00000020   Code   RO         2797    i.USBD_FS_ConfigStrDescriptor  usbd_desc.o
    0x08002e8c   0x0000000c   Code   RO         2798    i.USBD_FS_DeviceDescriptor  usbd_desc.o
    0x08002e98   0x00000024   Code   RO         2799    i.USBD_FS_InterfaceStrDescriptor  usbd_desc.o
    0x08002ebc   0x0000000c   Code   RO         2800    i.USBD_FS_LangIDStrDescriptor  usbd_desc.o
    0x08002ec8   0x00000028   Code   RO         2801    i.USBD_FS_ManufacturerStrDescriptor  usbd_desc.o
    0x08002ef0   0x0000002c   Code   RO         2802    i.USBD_FS_ProductStrDescriptor  usbd_desc.o
    0x08002f1c   0x00000024   Code   RO         2803    i.USBD_FS_SerialStrDescriptor  usbd_desc.o
    0x08002f40   0x000000e0   Code   RO          456    i.USBD_GetDescriptor  usbd_ctlreq.o
    0x08003020   0x00000044   Code   RO          457    i.USBD_GetString    usbd_ctlreq.o
    0x08003064   0x00000032   Code   RO          136    i.USBD_Init         usbd_core.o
    0x08003096   0x00000026   Code   RO         2574    i.USBD_LL_ClearStallEP  usbd_conf.o
    0x080030bc   0x00000026   Code   RO         2575    i.USBD_LL_CloseEP   usbd_conf.o
    0x080030e2   0x000000b6   Code   RO          137    i.USBD_LL_DataInStage  usbd_core.o
    0x08003198   0x00000074   Code   RO          138    i.USBD_LL_DataOutStage  usbd_core.o
    0x0800320c   0x00000010   Code   RO         2579    i.USBD_LL_GetRxDataSize  usbd_conf.o
    0x0800321c   0x00000088   Code   RO         2580    i.USBD_LL_Init      usbd_conf.o
    0x080032a4   0x00000024   Code   RO         2581    i.USBD_LL_IsStallEP  usbd_conf.o
    0x080032c8   0x0000002c   Code   RO         2582    i.USBD_LL_OpenEP    usbd_conf.o
    0x080032f4   0x00000026   Code   RO         2583    i.USBD_LL_PrepareReceive  usbd_conf.o
    0x0800331a   0x00000046   Code   RO          143    i.USBD_LL_Reset     usbd_core.o
    0x08003360   0x0000000c   Code   RO          144    i.USBD_LL_Resume    usbd_core.o
    0x0800336c   0x0000001e   Code   RO          145    i.USBD_LL_SOF       usbd_core.o
    0x0800338a   0x00000006   Code   RO          146    i.USBD_LL_SetSpeed  usbd_core.o
    0x08003390   0x00000026   Code   RO         2584    i.USBD_LL_SetUSBAddress  usbd_conf.o
    0x080033b6   0x0000005e   Code   RO          147    i.USBD_LL_SetupStage  usbd_core.o
    0x08003414   0x00000026   Code   RO         2585    i.USBD_LL_StallEP   usbd_conf.o
    0x0800343a   0x00000026   Code   RO         2586    i.USBD_LL_Start     usbd_conf.o
    0x08003460   0x00000010   Code   RO          148    i.USBD_LL_Suspend   usbd_core.o
    0x08003470   0x00000026   Code   RO         2588    i.USBD_LL_Transmit  usbd_conf.o
    0x08003496   0x00000028   Code   RO          458    i.USBD_ParseSetupRequest  usbd_ctlreq.o
    0x080034be   0x00000016   Code   RO          149    i.USBD_RegisterClass  usbd_core.o
    0x080034d4   0x0000001c   Code   RO          151    i.USBD_SetClassConfig  usbd_core.o
    0x080034f0   0x00000070   Code   RO          459    i.USBD_SetConfig    usbd_ctlreq.o
    0x08003560   0x0000000a   Code   RO          152    i.USBD_Start        usbd_core.o
    0x0800356a   0x000000ee   Code   RO          460    i.USBD_StdDevReq    usbd_ctlreq.o
    0x08003658   0x000000ea   Code   RO          461    i.USBD_StdEPReq     usbd_ctlreq.o
    0x08003742   0x0000003a   Code   RO          462    i.USBD_StdItfReq    usbd_ctlreq.o
    0x0800377c   0x00000002   Code   RO         2589    i.USBD_static_free  usbd_conf.o
    0x0800377e   0x00000002   PAD
    0x08003780   0x00000008   Code   RO         2590    i.USBD_static_malloc  usbd_conf.o
    0x08003788   0x00000010   Code   RO         2428    i.USB_IRQHandler    stm32f0xx_it.o
    0x08003798   0x00000014   Code   RO         3190    i.__0printf$bare    mc_p.l(printfb.o)
    0x080037ac   0x0000002e   Code   RO         3490    i.__ARM_clz         mf_p.l(depilogue.o)
    0x080037da   0x0000001a   Code   RO          510    i.__ARM_common_switch8  usbd_ctlreq.o
    0x080037f4   0x00000008   Code   RO         3476    i.__aeabi_errno_addr  mc_p.l(errno.o)
    0x080037fc   0x0000000e   Code   RO         3540    i.__scatterload_copy  mc_p.l(handlers.o)
    0x0800380a   0x00000002   Code   RO         3541    i.__scatterload_null  mc_p.l(handlers.o)
    0x0800380c   0x0000000e   Code   RO         3542    i.__scatterload_zeroinit  mc_p.l(handlers.o)
    0x0800381a   0x0000001e   Code   RO         3197    i._printf_core      mc_p.l(printfb.o)
    0x08003838   0x00000260   Code   RO         2953    i.arg_to_button_index  cmd_parser.o
    0x08003a98   0x00000024   Code   RO         2481    i.blink             main.o
    0x08003abc   0x0000002c   Code   RO         2954    i.button_ctrl       cmd_parser.o
    0x08003ae8   0x00000016   Code   RO         2955    i.button_hold       cmd_parser.o
    0x08003afe   0x00000018   Code   RO         2956    i.button_release    cmd_parser.o
    0x08003b16   0x00000018   Code   RO         3138    i.eeprom_erase      eeprom.o
    0x08003b2e   0x00000002   PAD
    0x08003b30   0x00000048   Code   RO         3139    i.eeprom_read       eeprom.o
    0x08003b78   0x00000044   Code   RO         3140    i.eeprom_write      eeprom.o
    0x08003bbc   0x0000000e   Code   RO         2482    i.fputc             main.o
    0x08003bca   0x00000038   Code   RO         2957    i.goto_next_arg     cmd_parser.o
    0x08003c02   0x00000002   PAD
    0x08003c04   0x0000002c   Code   RO         3037    i.idwg_kick         helpers.o
    0x08003c30   0x00000026   Code   RO         3038    i.linear_buf_add    helpers.o
    0x08003c56   0x0000002e   Code   RO         3039    i.linear_buf_add_str  helpers.o
    0x08003c84   0x00000016   Code   RO         3041    i.linear_buf_init   helpers.o
    0x08003c9a   0x00000024   Code   RO         3043    i.linear_buf_reset  helpers.o
    0x08003cbe   0x00000002   PAD
    0x08003cc0   0x00000078   Code   RO         2483    i.main              main.o
    0x08003d38   0x00000018   Code   RO         3098    i.my_usb_init       my_usb.o
    0x08003d50   0x00000020   Code   RO         3099    i.my_usb_putchar    my_usb.o
    0x08003d70   0x0000006c   Code   RO         3100    i.my_usb_readline   my_usb.o
    0x08003ddc   0x000003a0   Code   RO         2958    i.parse_cmd         cmd_parser.o
    0x0800417c   0x00000068   Code   RO         2959    i.process_multiarg  cmd_parser.o
    0x080041e4   0x00000020   Code   RO         3171    i.puts              mc_p.l(puts.o)
    0x08004204   0x00000024   Code   RO         2960    i.release_all_button  cmd_parser.o
    0x08004228   0x0000007c   Code   RO         3044    i.standby_check     helpers.o
    0x080042a4   0x00000028   Code   RO         2961    i.stick_disengage   cmd_parser.o
    0x080042cc   0x00000098   Code   RO         2962    i.stick_hold        cmd_parser.o
    0x08004364   0x00000024   Code   RO         2963    i.stick_release     cmd_parser.o
    0x08004388   0x00000054   Code   RO         2484    i.stm32_dac_init    main.o
    0x080043dc   0x00000010   Data   RO            5    .constdata          system_stm32f0xx.o
    0x080043ec   0x00000081   Data   RO         3507    .constdata          mc_p.l(ctype_o.o)
    0x0800446d   0x00000003   PAD
    0x08004470   0x00000004   Data   RO         3508    .constdata          mc_p.l(ctype_o.o)
    0x08004474   0x00000020   Data   RO         3538    Region$$Table       anon$$obj.o


    Execution Region RW_IRAM1 (Base: 0x20000000, Size: 0x00001350, Max: 0x00004000, ABSOLUTE, COMPRESSED[0x000000c8])

    Base Addr    Size         Type   Attr      Idx    E Section Name        Object

    0x20000000   0x00000004   Data   RW            7    .data               system_stm32f0xx.o
    0x20000004   0x000000db   Data   RW          308    .data               usbd_cdc.o
    0x200000df   0x00000001   PAD
    0x200000e0   0x00000038   Data   RW          309    .data               usbd_cdc.o
    0x20000118   0x00000001   Data   RW          463    .data               usbd_ctlreq.o
    0x20000119   0x00000003   PAD
    0x2000011c   0x00000004   Data   RW         1690    .data               stm32f0xx_hal.o
    0x20000120   0x00000008   Data   RW         2486    .data               main.o
    0x20000128   0x0000001c   Data   RW         2805    .data               usbd_desc.o
    0x20000144   0x00000016   Data   RW         2806    .data               usbd_desc.o
    0x2000015a   0x00000002   PAD
    0x2000015c   0x00000010   Data   RW         2911    .data               usbd_cdc_if.o
    0x2000016c   0x00000090   Data   RW         2965    .data               cmd_parser.o
    0x200001fc   0x00000004   Data   RW         3102    .data               my_usb.o
    0x20000200   0x00000004   Data   RW         3103    .data               my_usb.o
    0x20000204   0x00000004   Data   RW         3473    .data               mc_p.l(stdout.o)
    0x20000208   0x00000004   Data   RW         3479    .data               mc_p.l(errno.o)
    0x2000020c   0x00000070   Zero   RW         2485    .bss                main.o
    0x2000027c   0x00000440   Zero   RW         2591    .bss                usbd_conf.o
    0x200006bc   0x00000224   Zero   RW         2768    .bss                usb_device.o
    0x200008e0   0x00000200   Zero   RW         2804    .bss                usbd_desc.o
    0x20000ae0   0x00000200   Zero   RW         2910    .bss                usbd_cdc_if.o
    0x20000ce0   0x00000060   Zero   RW         2964    .bss                cmd_parser.o
    0x20000d40   0x0000020c   Zero   RW         3101    .bss                my_usb.o
    0x20000f4c   0x00000004   PAD
    0x20000f50   0x00000400   Zero   RW         2414    STACK               startup_stm32f072xb.o


==============================================================================

Image component sizes


      Code (inc. data)   RO Data    RW Data    ZI Data      Debug   Object Name

      2050        704          0        144         96       8174   cmd_parser.o
       164         10          0          0          0       1708   eeprom.o
       310         24          0          0          0       3833   helpers.o
       586         58          0          8        112       5700   main.o
       164         20          0          8        524       2359   my_usb.o
        28          8        192          0       1024        608   startup_stm32f072xb.o
       116         18          0          4          0       3651   stm32f0xx_hal.o
       178         28          0          0          0      10591   stm32f0xx_hal_cortex.o
        94          0          0          0          0       2319   stm32f0xx_hal_dac.o
       162          4          0          0          0       2753   stm32f0xx_hal_dac_ex.o
       602         56          0          0          0       4342   stm32f0xx_hal_gpio.o
      1562         38          0          0          0      11966   stm32f0xx_hal_i2c.o
        74          0          0          0          0       1155   stm32f0xx_hal_i2c_ex.o
       116         20          0          0          0       1739   stm32f0xx_hal_iwdg.o
       236         38          0          0          0       2618   stm32f0xx_hal_msp.o
      3476        148          0          0          0      13823   stm32f0xx_hal_pcd.o
        58          0          0          0          0       1258   stm32f0xx_hal_pcd_ex.o
        64         20          0          0          0       1632   stm32f0xx_hal_pwr.o
      1472         90          0          0          0       4650   stm32f0xx_hal_rcc.o
       288         14          0          0          0       1528   stm32f0xx_hal_rcc_ex.o
        36          6          0          0          0       2576   stm32f0xx_it.o
        92         16         16          4          0     463555   system_stm32f0xx.o
        52         16          0          0        548        704   usb_device.o
       654         20          0        275          0      12802   usbd_cdc.o
       200         36          0         16        512       3420   usbd_cdc_if.o
       762         40          0          0       1088      14693   usbd_conf.o
       652          0          0          0          0      13724   usbd_core.o
      1020         34          0          1          0       7932   usbd_ctlreq.o
       212        116          0         50        512       4959   usbd_desc.o
       140          0          0          0          0       4384   usbd_ioreq.o

    ----------------------------------------------------------------------
     15646       1582        240        516       4420     615156   Object Totals
         0          0         32          0          0          0   (incl. Generated)
        26          0          0          6          4          0   (incl. Padding)

    ----------------------------------------------------------------------

      Code (inc. data)   RO Data    RW Data    ZI Data      Debug   Library Member Name

        86          0          0          0          0          0   __dczerorl2.o
        30          0          0          0          0         60   _chval.o
       166          0          0          0          0         84   _strtoul.o
        26          0          0          0          0         72   atoi.o
         8          4        133          0          0         60   ctype_o.o
         0          0          0          0          0          0   entry.o
         0          0          0          0          0          0   entry10a.o
         0          0          0          0          0          0   entry11a.o
         8          4          0          0          0          0   entry2.o
         4          0          0          0          0          0   entry5.o
         0          0          0          0          0          0   entry7b.o
         0          0          0          0          0          0   entry8b.o
         8          4          0          0          0          0   entry9a.o
         8          4          0          4          0         60   errno.o
        30          0          0          0          0          0   handlers.o
        36          8          0          0          0         68   init.o
         0          0          0          0          0          0   iusefp.o
        32          0          0          0          0         68   llshl.o
        34          0          0          0          0         68   llushr.o
        36          0          0          0          0        100   memseta.o
        50          8          0          0          0        144   printfb.o
        32          4          0          0          0         68   puts.o
         0          0          0          4          0          0   stdout.o
        28          0          0          0          0         68   strcmp.o
        18          0          0          0          0         60   strcpy.o
        14          0          0          0          0         60   strlen.o
        30          0          0          0          0         72   strncmp.o
       112          4          0          0          0         76   strtol.o
        44          0          0          0          0         72   uidiv.o
       236          0          0          0          0        216   depilogue.o
        60         10          0          0          0         68   dfixui.o
       208          6          0          0          0         88   dmul.o
        40          0          0          0          0         60   f2d.o
       130          0          0          0          0        144   fepilogue.o
        14          0          0          0          0         68   ffltui.o

    ----------------------------------------------------------------------
      1534         56        136          8          0       1904   Library Totals
         6          0          3          0          0          0   (incl. Padding)

    ----------------------------------------------------------------------

      Code (inc. data)   RO Data    RW Data    ZI Data      Debug   Library Name

       840         40        133          8          0       1260   mc_p.l
       688         16          0          0          0        644   mf_p.l

    ----------------------------------------------------------------------
      1534         56        136          8          0       1904   Library Totals

    ----------------------------------------------------------------------

==============================================================================


      Code (inc. data)   RO Data    RW Data    ZI Data      Debug   

     17180       1638        376        524       4420     608528   Grand Totals
     17180       1638        376        200       4420     608528   ELF Image Totals (compressed)
     17180       1638        376        200          0          0   ROM Totals

==============================================================================

    Total RO  Size (Code + RO Data)                17556 (  17.14kB)
    Total RW  Size (RW Data + ZI Data)              4944 (   4.83kB)
    Total ROM Size (Code + RO Data + RW Data)      17756 (  17.34kB)

==============================================================================

