Component: ARM Compiler 5.06 update 4 (build 422) Tool: armlink [4d35d2]

==============================================================================

Section Cross References

    system_stm32f0xx.o(i.SystemCoreClockUpdate) refers to uidiv.o(.text) for __aeabi_uidivmod
    system_stm32f0xx.o(i.SystemCoreClockUpdate) refers to system_stm32f0xx.o(.data) for .data
    system_stm32f0xx.o(i.SystemCoreClockUpdate) refers to system_stm32f0xx.o(.constdata) for .constdata
    startup_stm32f072xb.o(RESET) refers to startup_stm32f072xb.o(STACK) for __initial_sp
    startup_stm32f072xb.o(RESET) refers to startup_stm32f072xb.o(.text) for Reset_Handler
    startup_stm32f072xb.o(RESET) refers to stm32f0xx_it.o(i.NMI_Handler) for NMI_Handler
    startup_stm32f072xb.o(RESET) refers to stm32f0xx_it.o(i.HardFault_Handler) for HardFault_Handler
    startup_stm32f072xb.o(RESET) refers to stm32f0xx_it.o(i.SVC_Handler) for SVC_Handler
    startup_stm32f072xb.o(RESET) refers to stm32f0xx_it.o(i.PendSV_Handler) for PendSV_Handler
    startup_stm32f072xb.o(RESET) refers to stm32f0xx_it.o(i.SysTick_Handler) for SysTick_Handler
    startup_stm32f072xb.o(RESET) refers to stm32f0xx_it.o(i.USB_IRQHandler) for USB_IRQHandler
    startup_stm32f072xb.o(.text) refers to system_stm32f0xx.o(i.SystemInit) for SystemInit
    startup_stm32f072xb.o(.text) refers to entry.o(.ARM.Collect$$$$00000000) for __main
    stm32f0xx_hal_spi.o(i.HAL_SPI_Abort) refers to stm32f0xx_hal_dma.o(i.HAL_DMA_Abort) for HAL_DMA_Abort
    stm32f0xx_hal_spi.o(i.HAL_SPI_Abort) refers to stm32f0xx_hal.o(i.HAL_GetTick) for HAL_GetTick
    stm32f0xx_hal_spi.o(i.HAL_SPI_Abort) refers to stm32f0xx_hal_spi.o(i.SPI_EndRxTxTransaction) for SPI_EndRxTxTransaction
    stm32f0xx_hal_spi.o(i.HAL_SPI_Abort) refers to stm32f0xx_hal_spi.o(i.SPI_WaitFifoStateUntilTimeout) for SPI_WaitFifoStateUntilTimeout
    stm32f0xx_hal_spi.o(i.HAL_SPI_Abort) refers to stm32f0xx_hal_spi.o(i.SPI_WaitFlagStateUntilTimeout) for SPI_WaitFlagStateUntilTimeout
    stm32f0xx_hal_spi.o(i.HAL_SPI_Abort) refers to stm32f0xx_hal_spi.o(i.SPI_AbortTx_ISR) for SPI_AbortTx_ISR
    stm32f0xx_hal_spi.o(i.HAL_SPI_Abort) refers to stm32f0xx_hal_spi.o(i.SPI_AbortRx_ISR) for SPI_AbortRx_ISR
    stm32f0xx_hal_spi.o(i.HAL_SPI_Abort_IT) refers to stm32f0xx_hal_dma.o(i.HAL_DMA_Abort_IT) for HAL_DMA_Abort_IT
    stm32f0xx_hal_spi.o(i.HAL_SPI_Abort_IT) refers to stm32f0xx_hal_spi.o(i.HAL_SPI_AbortCpltCallback) for HAL_SPI_AbortCpltCallback
    stm32f0xx_hal_spi.o(i.HAL_SPI_Abort_IT) refers to stm32f0xx_hal_spi.o(i.SPI_AbortTx_ISR) for SPI_AbortTx_ISR
    stm32f0xx_hal_spi.o(i.HAL_SPI_Abort_IT) refers to stm32f0xx_hal_spi.o(i.SPI_AbortRx_ISR) for SPI_AbortRx_ISR
    stm32f0xx_hal_spi.o(i.HAL_SPI_Abort_IT) refers to stm32f0xx_hal_spi.o(i.SPI_DMATxAbortCallback) for SPI_DMATxAbortCallback
    stm32f0xx_hal_spi.o(i.HAL_SPI_Abort_IT) refers to stm32f0xx_hal_spi.o(i.SPI_DMARxAbortCallback) for SPI_DMARxAbortCallback
    stm32f0xx_hal_spi.o(i.HAL_SPI_DMAStop) refers to stm32f0xx_hal_dma.o(i.HAL_DMA_Abort) for HAL_DMA_Abort
    stm32f0xx_hal_spi.o(i.HAL_SPI_DeInit) refers to stm32f0xx_hal_msp.o(i.HAL_SPI_MspDeInit) for HAL_SPI_MspDeInit
    stm32f0xx_hal_spi.o(i.HAL_SPI_IRQHandler) refers to stm32f0xx_hal_dma.o(i.HAL_DMA_Abort_IT) for HAL_DMA_Abort_IT
    stm32f0xx_hal_spi.o(i.HAL_SPI_IRQHandler) refers to stm32f0xx_hal_spi.o(i.HAL_SPI_ErrorCallback) for HAL_SPI_ErrorCallback
    stm32f0xx_hal_spi.o(i.HAL_SPI_IRQHandler) refers to stm32f0xx_hal_spi.o(i.SPI_DMAAbortOnError) for SPI_DMAAbortOnError
    stm32f0xx_hal_spi.o(i.HAL_SPI_Init) refers to stm32f0xx_hal_msp.o(i.HAL_SPI_MspInit) for HAL_SPI_MspInit
    stm32f0xx_hal_spi.o(i.HAL_SPI_Receive) refers to stm32f0xx_hal.o(i.HAL_GetTick) for HAL_GetTick
    stm32f0xx_hal_spi.o(i.HAL_SPI_Receive) refers to stm32f0xx_hal_spi.o(i.HAL_SPI_TransmitReceive) for HAL_SPI_TransmitReceive
    stm32f0xx_hal_spi.o(i.HAL_SPI_Receive) refers to stm32f0xx_hal_spi.o(i.SPI_EndRxTransaction) for SPI_EndRxTransaction
    stm32f0xx_hal_spi.o(i.HAL_SPI_Receive_DMA) refers to stm32f0xx_hal_spi.o(i.HAL_SPI_TransmitReceive_DMA) for HAL_SPI_TransmitReceive_DMA
    stm32f0xx_hal_spi.o(i.HAL_SPI_Receive_DMA) refers to stm32f0xx_hal_dma.o(i.HAL_DMA_Start_IT) for HAL_DMA_Start_IT
    stm32f0xx_hal_spi.o(i.HAL_SPI_Receive_DMA) refers to stm32f0xx_hal_spi.o(i.SPI_DMAHalfReceiveCplt) for SPI_DMAHalfReceiveCplt
    stm32f0xx_hal_spi.o(i.HAL_SPI_Receive_DMA) refers to stm32f0xx_hal_spi.o(i.SPI_DMAReceiveCplt) for SPI_DMAReceiveCplt
    stm32f0xx_hal_spi.o(i.HAL_SPI_Receive_DMA) refers to stm32f0xx_hal_spi.o(i.SPI_DMAError) for SPI_DMAError
    stm32f0xx_hal_spi.o(i.HAL_SPI_Receive_IT) refers to stm32f0xx_hal_spi.o(i.HAL_SPI_TransmitReceive_IT) for HAL_SPI_TransmitReceive_IT
    stm32f0xx_hal_spi.o(i.HAL_SPI_Receive_IT) refers to stm32f0xx_hal_spi.o(i.SPI_RxISR_16BIT) for SPI_RxISR_16BIT
[...]
    .text                                    0x080004a6   Section        0  _chval.o(.text)
    .text                                    0x080004c4   Section        0  __dczerorl2.o(.text)
    i.ADC_ConversionStop                     0x0800051a   Section        0  stm32f0xx_hal_adc.o(i.ADC_ConversionStop)
    ADC_ConversionStop                       0x0800051b   Thumb Code    82  stm32f0xx_hal_adc.o(i.ADC_ConversionStop)
    i.ADC_Disable                            0x0800056c   Section        0  stm32f0xx_hal_adc.o(i.ADC_Disable)
    ADC_Disable                              0x0800056d   Thumb Code   102  stm32f0xx_hal_adc.o(i.ADC_Disable)
    i.ADC_Enable                             0x080005d4   Section        0  stm32f0xx_hal_adc.o(i.ADC_Enable)
    ADC_Enable                               0x080005d5   Thumb Code   120  stm32f0xx_hal_adc.o(i.ADC_Enable)
    i.CDC_Control_FS                         0x08000658   Section        0  usbd_cdc_if.o(i.CDC_Control_FS)
    CDC_Control_FS                           0x08000659   Thumb Code    50  usbd_cdc_if.o(i.CDC_Control_FS)
    i.CDC_DeInit_FS                          0x08000690   Section        0  usbd_cdc_if.o(i.CDC_DeInit_FS)
    CDC_DeInit_FS                            0x08000691   Thumb Code     4  usbd_cdc_if.o(i.CDC_DeInit_FS)
    i.CDC_Init_FS                            0x08000694   Section        0  usbd_cdc_if.o(i.CDC_Init_FS)
    CDC_Init_FS                              0x08000695   Thumb Code    26  usbd_cdc_if.o(i.CDC_Init_FS)
    i.CDC_Receive_FS                         0x080006b8   Section        0  usbd_cdc_if.o(i.CDC_Receive_FS)
    CDC_Receive_FS                           0x080006b9   Thumb Code    32  usbd_cdc_if.o(i.CDC_Receive_FS)
    i.CDC_Transmit_FS                        0x080006e0   Section        0  usbd_cdc_if.o(i.CDC_Transmit_FS)
    i.Error_Handler                          0x08000720   Section        0  main.o(i.Error_Handler)
    i.HAL_ADC_ConfigChannel                  0x08000724   Section        0  stm32f0xx_hal_adc.o(i.HAL_ADC_ConfigChannel)
    i.HAL_ADC_GetValue                       0x08000850   Section        0  stm32f0xx_hal_adc.o(i.HAL_ADC_GetValue)
    i.HAL_ADC_Init                           0x08000858   Section        0  stm32f0xx_hal_adc.o(i.HAL_ADC_Init)
    i.HAL_ADC_MspInit                        0x080009cc   Section        0  stm32f0xx_hal_msp.o(i.HAL_ADC_MspInit)
    i.HAL_ADC_PollForConversion              0x080009f0   Section        0  stm32f0xx_hal_adc.o(i.HAL_ADC_PollForConversion)
    i.HAL_ADC_Start                          0x08000ab0   Section        0  stm32f0xx_hal_adc.o(i.HAL_ADC_Start)
    i.HAL_ADC_Stop                           0x08000b0c   Section        0  stm32f0xx_hal_adc.o(i.HAL_ADC_Stop)
    i.HAL_DACEx_DualSetValue                 0x08000b4a   Section        0  stm32f0xx_hal_dac_ex.o(i.HAL_DACEx_DualSetValue)
    i.HAL_DAC_ConfigChannel                  0x08000b60   Section        0  stm32f0xx_hal_dac_ex.o(i.HAL_DAC_ConfigChannel)
    i.HAL_DAC_DeInit                         0x08000b98   Section        0  stm32f0xx_hal_dac.o(i.HAL_DAC_DeInit)
    i.HAL_DAC_Init                           0x08000bb6   Section        0  stm32f0xx_hal_dac.o(i.HAL_DAC_Init)
    i.HAL_DAC_MspDeInit                      0x08000be0   Section        0  stm32f0xx_hal_msp.o(i.HAL_DAC_MspDeInit)
    i.HAL_DAC_MspInit                        0x08000c08   Section        0  stm32f0xx_hal_msp.o(i.HAL_DAC_MspInit)
    i.HAL_DAC_Start                          0x08000c48   Section        0  stm32f0xx_hal_dac_ex.o(i.HAL_DAC_Start)
    i.HAL_DAC_Stop                           0x08000c9c   Section        0  stm32f0xx_hal_dac.o(i.HAL_DAC_Stop)
    i.HAL_Delay                              0x08000cb2   Section        0  stm32f0xx_hal.o(i.HAL_Delay)
    i.HAL_GPIO_DeInit                        0x08000cc8   Section        0  stm32f0xx_hal_gpio.o(i.HAL_GPIO_DeInit)
    i.HAL_GPIO_Init                          0x08000dac   Section        0  stm32f0xx_hal_gpio.o(i.HAL_GPIO_Init)
    i.HAL_GPIO_TogglePin                     0x08000f04   Section        0  stm32f0xx_hal_gpio.o(i.HAL_GPIO_TogglePin)
    i.HAL_GPIO_WritePin                      0x08000f0c   Section        0  stm32f0xx_hal_gpio.o(i.HAL_GPIO_WritePin)
    i.HAL_GetTick                            0x08000f18   Section        0  stm32f0xx_hal.o(i.HAL_GetTick)
    i.HAL_I2CEx_ConfigAnalogFilter           0x08000f24   Section        0  stm32f0xx_hal_i2c_ex.o(i.HAL_I2CEx_ConfigAnalogFilter)
    i.HAL_I2CEx_ConfigDigitalFilter          0x08000f6e   Section        0  stm32f0xx_hal_i2c_ex.o(i.HAL_I2CEx_ConfigDigitalFilter)
    i.HAL_I2C_Init                           0x08000fb8   Section        0  stm32f0xx_hal_i2c.o(i.HAL_I2C_Init)
    i.HAL_I2C_IsDeviceReady                  0x0800106c   Section        0  stm32f0xx_hal_i2c.o(i.HAL_I2C_IsDeviceReady)
    i.HAL_I2C_Master_Receive                 0x08001188   Section        0  stm32f0xx_hal_i2c.o(i.HAL_I2C_Master_Receive)
    i.HAL_I2C_Master_Transmit                0x080012a0   Section        0  stm32f0xx_hal_i2c.o(i.HAL_I2C_Master_Transmit)
    i.HAL_I2C_MspInit                        0x080013b8   Section        0  stm32f0xx_hal_msp.o(i.HAL_I2C_MspInit)
    i.HAL_IWDG_Init                          0x08001400   Section        0  stm32f0xx_hal_iwdg.o(i.HAL_IWDG_Init)
    i.HAL_IWDG_Refresh                       0x08001464   Section        0  stm32f0xx_hal_iwdg.o(i.HAL_IWDG_Refresh)
    i.HAL_IncTick                            0x08001474   Section        0  stm32f0xx_hal.o(i.HAL_IncTick)
    i.HAL_Init                               0x08001484   Section        0  stm32f0xx_hal.o(i.HAL_Init)
    i.HAL_InitTick                           0x080014a4   Section        0  stm32f0xx_hal.o(i.HAL_InitTick)
    i.HAL_MspInit                            0x080014c8   Section        0  stm32f0xx_hal_msp.o(i.HAL_MspInit)
    i.HAL_NVIC_EnableIRQ                     0x08001500   Section        0  stm32f0xx_hal_cortex.o(i.HAL_NVIC_EnableIRQ)
    i.HAL_NVIC_SetPriority                   0x08001514   Section        0  stm32f0xx_hal_cortex.o(i.HAL_NVIC_SetPriority)
    i.HAL_PCDEx_PMAConfig                    0x0800151c   Section        0  stm32f0xx_hal_pcd_ex.o(i.HAL_PCDEx_PMAConfig)
    i.HAL_PCD_DataInStageCallback            0x08001556   Section        0  usbd_conf.o(i.HAL_PCD_DataInStageCallback)
    i.HAL_PCD_DataOutStageCallback           0x0800156e   Section        0  usbd_conf.o(i.HAL_PCD_DataOutStageCallback)
    i.HAL_PCD_EP_Close                       0x0800158c   Section        0  stm32f0xx_hal_pcd.o(i.HAL_PCD_EP_Close)
    i.HAL_PCD_EP_ClrStall                    0x080016f4   Section        0  stm32f0xx_hal_pcd.o(i.HAL_PCD_EP_ClrStall)
    i.HAL_PCD_EP_GetRxCount                  0x080017a8   Section        0  stm32f0xx_hal_pcd.o(i.HAL_PCD_EP_GetRxCount)
    i.HAL_PCD_EP_Open                        0x080017bc   Section        0  stm32f0xx_hal_pcd.o(i.HAL_PCD_EP_Open)
    i.HAL_PCD_EP_Receive                     0x08001a60   Section        0  stm32f0xx_hal_pcd.o(i.HAL_PCD_EP_Receive)
    i.HAL_PCD_EP_SetStall                    0x08001b98   Section        0  stm32f0xx_hal_pcd.o(i.HAL_PCD_EP_SetStall)
    i.HAL_PCD_EP_Transmit                    0x08001c2c   Section        0  stm32f0xx_hal_pcd.o(i.HAL_PCD_EP_Transmit)
    i.HAL_PCD_IRQHandler                     0x08001dc0   Section        0  stm32f0xx_hal_pcd.o(i.HAL_PCD_IRQHandler)
    i.HAL_PCD_Init                           0x08001ecc   Section        0  stm32f0xx_hal_pcd.o(i.HAL_PCD_Init)
    i.HAL_PCD_MspInit                        0x08001f68   Section        0  usbd_conf.o(i.HAL_PCD_MspInit)
    i.HAL_PCD_ResetCallback                  0x08001fa0   Section        0  usbd_conf.o(i.HAL_PCD_ResetCallback)
    i.HAL_PCD_ResumeCallback                 0x08001fb8   Section        0  usbd_conf.o(i.HAL_PCD_ResumeCallback)
    i.HAL_PCD_SOFCallback                    0x08001fe4   Section        0  usbd_conf.o(i.HAL_PCD_SOFCallback)
    i.HAL_PCD_SetAddress                     0x08001ff4   Section        0  stm32f0xx_hal_pcd.o(i.HAL_PCD_SetAddress)
    i.HAL_PCD_SetupStageCallback             0x08002020   Section        0  usbd_conf.o(i.HAL_PCD_SetupStageCallback)
    i.HAL_PCD_Start                          0x08002036   Section        0  stm32f0xx_hal_pcd.o(i.HAL_PCD_Start)
    i.HAL_PCD_SuspendCallback                0x08002048   Section        0  usbd_conf.o(i.HAL_PCD_SuspendCallback)
    i.HAL_RCCEx_PeriphCLKConfig              0x08002070   Section        0  stm32f0xx_hal_rcc_ex.o(i.HAL_RCCEx_PeriphCLKConfig)
    i.HAL_RCC_ClockConfig                    0x08002190   Section        0  stm32f0xx_hal_rcc.o(i.HAL_RCC_ClockConfig)
    i.HAL_RCC_GetHCLKFreq                    0x080022e4   Section        0  stm32f0xx_hal_rcc.o(i.HAL_RCC_GetHCLKFreq)
    i.HAL_RCC_GetSysClockFreq                0x080022f0   Section        0  stm32f0xx_hal_rcc.o(i.HAL_RCC_GetSysClockFreq)
    i.HAL_RCC_OscConfig                      0x08002378   Section        0  stm32f0xx_hal_rcc.o(i.HAL_RCC_OscConfig)
    i.HAL_SPI_Init                           0x08002750   Section        0  stm32f0xx_hal_spi.o(i.HAL_SPI_Init)
    i.HAL_SPI_MspInit                        0x08002808   Section        0  stm32f0xx_hal_msp.o(i.HAL_SPI_MspInit)
    i.HAL_SPI_Transmit                       0x0800287c   Section        0  stm32f0xx_hal_spi.o(i.HAL_SPI_Transmit)
    i.HAL_SYSTICK_CLKSourceConfig            0x080029ec   Section        0  stm32f0xx_hal_cortex.o(i.HAL_SYSTICK_CLKSourceConfig)
    i.HAL_SYSTICK_Callback                   0x08002a04   Section        0  stm32f0xx_hal_cortex.o(i.HAL_SYSTICK_Callback)
    i.HAL_SYSTICK_Config                     0x08002a08   Section        0  stm32f0xx_hal_cortex.o(i.HAL_SYSTICK_Config)
    i.HAL_SYSTICK_IRQHandler                 0x08002a38   Section        0  stm32f0xx_hal_cortex.o(i.HAL_SYSTICK_IRQHandler)
    i.HardFault_Handler                      0x08002a40   Section        0  stm32f0xx_it.o(i.HardFault_Handler)
    i.I2C_Flush_TXDR                         0x08002a42   Section        0  stm32f0xx_hal_i2c.o(i.I2C_Flush_TXDR)
    I2C_Flush_TXDR                           0x08002a43   Thumb Code    34  stm32f0xx_hal_i2c.o(i.I2C_Flush_TXDR)
    i.I2C_IsAcknowledgeFailed                0x08002a64   Section        0  stm32f0xx_hal_i2c.o(i.I2C_IsAcknowledgeFailed)
    I2C_IsAcknowledgeFailed                  0x08002a65   Thumb Code   110  stm32f0xx_hal_i2c.o(i.I2C_IsAcknowledgeFailed)
    i.I2C_TransferConfig                     0x08002ad8   Section        0  stm32f0xx_hal_i2c.o(i.I2C_TransferConfig)
    I2C_TransferConfig                       0x08002ad9   Thumb Code    30  stm32f0xx_hal_i2c.o(i.I2C_TransferConfig)
    i.I2C_WaitOnFlagUntilTimeout             0x08002afc   Section        0  stm32f0xx_hal_i2c.o(i.I2C_WaitOnFlagUntilTimeout)
    I2C_WaitOnFlagUntilTimeout               0x08002afd   Thumb Code    72  stm32f0xx_hal_i2c.o(i.I2C_WaitOnFlagUntilTimeout)
    i.I2C_WaitOnRXNEFlagUntilTimeout         0x08002b44   Section        0  stm32f0xx_hal_i2c.o(i.I2C_WaitOnRXNEFlagUntilTimeout)
    I2C_WaitOnRXNEFlagUntilTimeout           0x08002b45   Thumb Code   114  stm32f0xx_hal_i2c.o(i.I2C_WaitOnRXNEFlagUntilTimeout)
    i.I2C_WaitOnSTOPFlagUntilTimeout         0x08002bbc   Section        0  stm32f0xx_hal_i2c.o(i.I2C_WaitOnSTOPFlagUntilTimeout)
    I2C_WaitOnSTOPFlagUntilTimeout           0x08002bbd   Thumb Code    78  stm32f0xx_hal_i2c.o(i.I2C_WaitOnSTOPFlagUntilTimeout)
    i.I2C_WaitOnTXISFlagUntilTimeout         0x08002c0a   Section        0  stm32f0xx_hal_i2c.o(i.I2C_WaitOnTXISFlagUntilTimeout)
    I2C_WaitOnTXISFlagUntilTimeout           0x08002c0b   Thumb Code    82  stm32f0xx_hal_i2c.o(i.I2C_WaitOnTXISFlagUntilTimeout)
    i.MX_ADC_Init                            0x08002c5c   Section        0  main.o(i.MX_ADC_Init)
    MX_ADC_Init                              0x08002c5d   Thumb Code    84  main.o(i.MX_ADC_Init)
    i.MX_GPIO_Init                           0x08002cb8   Section        0  main.o(i.MX_GPIO_Init)
    MX_GPIO_Init                             0x08002cb9   Thumb Code   138  main.o(i.MX_GPIO_Init)
    i.MX_I2C1_Init                           0x08002d4c   Section        0  main.o(i.MX_I2C1_Init)
    MX_I2C1_Init                             0x08002d4d   Thumb Code    70  main.o(i.MX_I2C1_Init)
    i.MX_SPI1_Init                           0x08002da0   Section        0  main.o(i.MX_SPI1_Init)
    MX_SPI1_Init                             0x08002da1   Thumb Code    64  main.o(i.MX_SPI1_Init)
    i.MX_USB_DEVICE_Init                     0x08002de8   Section        0  usb_device.o(i.MX_USB_DEVICE_Init)
    i.NMI_Handler                            0x08002e1c   Section        0  stm32f0xx_it.o(i.NMI_Handler)
    i.NVIC_SetPriority                       0x08002e20   Section        0  stm32f0xx_hal_cortex.o(i.NVIC_SetPriority)
    NVIC_SetPriority                         0x08002e21   Thumb Code    60  stm32f0xx_hal_cortex.o(i.NVIC_SetPriority)
    i.PCD_EP_ISR_Handler                     0x08002e64   Section        0  stm32f0xx_hal_pcd.o(i.PCD_EP_ISR_Handler)
    PCD_EP_ISR_Handler                       0x08002e65   Thumb Code   802  stm32f0xx_hal_pcd.o(i.PCD_EP_ISR_Handler)
    i.PCD_ReadPMA                            0x0800319c   Section        0  stm32f0xx_hal_pcd.o(i.PCD_ReadPMA)
    i.PCD_WritePMA                           0x080031ba   Section        0  stm32f0xx_hal_pcd.o(i.PCD_WritePMA)
    i.PendSV_Handler                         0x080031e0   Section        0  stm32f0xx_it.o(i.PendSV_Handler)
    i.SPI_EndRxTxTransaction                 0x080031e2   Section        0  stm32f0xx_hal_spi.o(i.SPI_EndRxTxTransaction)
    SPI_EndRxTxTransaction                   0x080031e3   Thumb Code    56  stm32f0xx_hal_spi.o(i.SPI_EndRxTxTransaction)
    i.SPI_WaitFifoStateUntilTimeout          0x0800321c   Section        0  stm32f0xx_hal_spi.o(i.SPI_WaitFifoStateUntilTimeout)
    SPI_WaitFifoStateUntilTimeout            0x0800321d   Thumb Code   152  stm32f0xx_hal_spi.o(i.SPI_WaitFifoStateUntilTimeout)
    i.SPI_WaitFlagStateUntilTimeout          0x080032b8   Section        0  stm32f0xx_hal_spi.o(i.SPI_WaitFlagStateUntilTimeout)
    SPI_WaitFlagStateUntilTimeout            0x080032b9   Thumb Code   142  stm32f0xx_hal_spi.o(i.SPI_WaitFlagStateUntilTimeout)
    i.SVC_Handler                            0x0800334c   Section        0  stm32f0xx_it.o(i.SVC_Handler)
    i.SysTick_Handler                        0x0800334e   Section        0  stm32f0xx_it.o(i.SysTick_Handler)
    i.SystemClock_Config                     0x0800335c   Section        0  main.o(i.SystemClock_Config)
    i.SystemInit                             0x080033d8   Section        0  system_stm32f0xx.o(i.SystemInit)
    i.USBD_CDC_DataIn                        0x08003434   Section        0  usbd_cdc.o(i.USBD_CDC_DataIn)
    USBD_CDC_DataIn                          0x08003435   Thumb Code    30  usbd_cdc.o(i.USBD_CDC_DataIn)
    i.USBD_CDC_DataOut                       0x08003452   Section        0  usbd_cdc.o(i.USBD_CDC_DataOut)
    USBD_CDC_DataOut                         0x08003453   Thumb Code    52  usbd_cdc.o(i.USBD_CDC_DataOut)
    i.USBD_CDC_DeInit                        0x08003486   Section        0  usbd_cdc.o(i.USBD_CDC_DeInit)
    USBD_CDC_DeInit                          0x08003487   Thumb Code    60  usbd_cdc.o(i.USBD_CDC_DeInit)
    i.USBD_CDC_EP0_RxReady                   0x080034c2   Section        0  usbd_cdc.o(i.USBD_CDC_EP0_RxReady)
    USBD_CDC_EP0_RxReady                     0x080034c3   Thumb Code    40  usbd_cdc.o(i.USBD_CDC_EP0_RxReady)
    i.USBD_CDC_GetDeviceQualifierDescriptor  0x080034ec   Section        0  usbd_cdc.o(i.USBD_CDC_GetDeviceQualifierDescriptor)
    i.USBD_CDC_GetFSCfgDesc                  0x080034f8   Section        0  usbd_cdc.o(i.USBD_CDC_GetFSCfgDesc)
    USBD_CDC_GetFSCfgDesc                    0x080034f9   Thumb Code     8  usbd_cdc.o(i.USBD_CDC_GetFSCfgDesc)
    i.USBD_CDC_GetHSCfgDesc                  0x08003504   Section        0  usbd_cdc.o(i.USBD_CDC_GetHSCfgDesc)
    USBD_CDC_GetHSCfgDesc                    0x08003505   Thumb Code     8  usbd_cdc.o(i.USBD_CDC_GetHSCfgDesc)
    i.USBD_CDC_GetOtherSpeedCfgDesc          0x08003510   Section        0  usbd_cdc.o(i.USBD_CDC_GetOtherSpeedCfgDesc)
    USBD_CDC_GetOtherSpeedCfgDesc            0x08003511   Thumb Code     8  usbd_cdc.o(i.USBD_CDC_GetOtherSpeedCfgDesc)
    i.USBD_CDC_Init                          0x0800351c   Section        0  usbd_cdc.o(i.USBD_CDC_Init)
    USBD_CDC_Init                            0x0800351d   Thumb Code   138  usbd_cdc.o(i.USBD_CDC_Init)
    i.USBD_CDC_ReceivePacket                 0x080035a6   Section        0  usbd_cdc.o(i.USBD_CDC_ReceivePacket)
    i.USBD_CDC_RegisterInterface             0x080035de   Section        0  usbd_cdc.o(i.USBD_CDC_RegisterInterface)
    i.USBD_CDC_SetRxBuffer                   0x080035f2   Section        0  usbd_cdc.o(i.USBD_CDC_SetRxBuffer)
    i.USBD_CDC_SetTxBuffer                   0x08003606   Section        0  usbd_cdc.o(i.USBD_CDC_SetTxBuffer)
    i.USBD_CDC_Setup                         0x0800361c   Section        0  usbd_cdc.o(i.USBD_CDC_Setup)
    USBD_CDC_Setup                           0x0800361d   Thumb Code   112  usbd_cdc.o(i.USBD_CDC_Setup)
    i.USBD_CDC_TransmitPacket                0x08003690   Section        0  usbd_cdc.o(i.USBD_CDC_TransmitPacket)
    i.USBD_ClrClassConfig                    0x080036c4   Section        0  usbd_core.o(i.USBD_ClrClassConfig)
    i.USBD_CtlContinueRx                     0x080036d4   Section        0  usbd_ioreq.o(i.USBD_CtlContinueRx)
    i.USBD_CtlContinueSendData               0x080036e4   Section        0  usbd_ioreq.o(i.USBD_CtlContinueSendData)
    i.USBD_CtlError                          0x080036f4   Section        0  usbd_ctlreq.o(i.USBD_CtlError)
    i.USBD_CtlPrepareRx                      0x08003708   Section        0  usbd_ioreq.o(i.USBD_CtlPrepareRx)
    i.USBD_CtlReceiveStatus                  0x08003728   Section        0  usbd_ioreq.o(i.USBD_CtlReceiveStatus)
    i.USBD_CtlSendData                       0x08003740   Section        0  usbd_ioreq.o(i.USBD_CtlSendData)
    i.USBD_CtlSendStatus                     0x0800375c   Section        0  usbd_ioreq.o(i.USBD_CtlSendStatus)
    i.USBD_FS_ConfigStrDescriptor            0x08003774   Section        0  usbd_desc.o(i.USBD_FS_ConfigStrDescriptor)
    i.USBD_FS_DeviceDescriptor               0x08003794   Section        0  usbd_desc.o(i.USBD_FS_DeviceDescriptor)
    i.USBD_FS_InterfaceStrDescriptor         0x080037a0   Section        0  usbd_desc.o(i.USBD_FS_InterfaceStrDescriptor)
    i.USBD_FS_LangIDStrDescriptor            0x080037c4   Section        0  usbd_desc.o(i.USBD_FS_LangIDStrDescriptor)
    i.USBD_FS_ManufacturerStrDescriptor      0x080037d0   Section        0  usbd_desc.o(i.USBD_FS_ManufacturerStrDescriptor)
    i.USBD_FS_ProductStrDescriptor           0x080037f8   Section        0  usbd_desc.o(i.USBD_FS_ProductStrDescriptor)
    i.USBD_FS_SerialStrDescriptor            0x08003824   Section        0  usbd_desc.o(i.USBD_FS_SerialStrDescriptor)
    i.USBD_GetDescriptor                     0x08003848   Section        0  usbd_ctlreq.o(i.USBD_GetDescriptor)
    USBD_GetDescriptor                       0x08003849   Thumb Code   224  usbd_ctlreq.o(i.USBD_GetDescriptor)
    i.USBD_GetString                         0x08003928   Section        0  usbd_ctlreq.o(i.USBD_GetString)
    i.USBD_Init                              0x0800396c   Section        0  usbd_core.o(i.USBD_Init)
    i.USBD_LL_ClearStallEP                   0x0800399e   Section        0  usbd_conf.o(i.USBD_LL_ClearStallEP)
    i.USBD_LL_CloseEP                        0x080039c4   Section        0  usbd_conf.o(i.USBD_LL_CloseEP)
    i.USBD_LL_DataInStage                    0x080039ea   Section        0  usbd_core.o(i.USBD_LL_DataInStage)
    i.USBD_LL_DataOutStage                   0x08003aa0   Section        0  usbd_core.o(i.USBD_LL_DataOutStage)
    i.USBD_LL_GetRxDataSize                  0x08003b14   Section        0  usbd_conf.o(i.USBD_LL_GetRxDataSize)
    i.USBD_LL_Init                           0x08003b24   Section        0  usbd_conf.o(i.USBD_LL_Init)
    i.USBD_LL_IsStallEP                      0x08003bac   Section        0  usbd_conf.o(i.USBD_LL_IsStallEP)
    i.USBD_LL_OpenEP                         0x08003bd0   Section        0  usbd_conf.o(i.USBD_LL_OpenEP)
    i.USBD_LL_PrepareReceive                 0x08003bfc   Section        0  usbd_conf.o(i.USBD_LL_PrepareReceive)
    i.USBD_LL_Reset                          0x08003c22   Section        0  usbd_core.o(i.USBD_LL_Reset)
    i.USBD_LL_Resume                         0x08003c68   Section        0  usbd_core.o(i.USBD_LL_Resume)
    i.USBD_LL_SOF                            0x08003c74   Section        0  usbd_core.o(i.USBD_LL_SOF)
    i.USBD_LL_SetSpeed                       0x08003c92   Section        0  usbd_core.o(i.USBD_LL_SetSpeed)
    i.USBD_LL_SetUSBAddress                  0x08003c98   Section        0  usbd_conf.o(i.USBD_LL_SetUSBAddress)
    i.USBD_LL_SetupStage                     0x08003cbe   Section        0  usbd_core.o(i.USBD_LL_SetupStage)
    i.USBD_LL_StallEP                        0x08003d1c   Section        0  usbd_conf.o(i.USBD_LL_StallEP)
    i.USBD_LL_Start                          0x08003d42   Section        0  usbd_conf.o(i.USBD_LL_Start)
    i.USBD_LL_Suspend                        0x08003d68   Section        0  usbd_core.o(i.USBD_LL_Suspend)
    i.USBD_LL_Transmit                       0x08003d78   Section        0  usbd_conf.o(i.USBD_LL_Transmit)
    i.USBD_ParseSetupRequest                 0x08003d9e   Section        0  usbd_ctlreq.o(i.USBD_ParseSetupRequest)
    i.USBD_RegisterClass                     0x08003dc6   Section        0  usbd_core.o(i.USBD_RegisterClass)
    i.USBD_SetClassConfig                    0x08003ddc   Section        0  usbd_core.o(i.USBD_SetClassConfig)
    i.USBD_SetConfig                         0x08003df8   Section        0  usbd_ctlreq.o(i.USBD_SetConfig)
    USBD_SetConfig                           0x08003df9   Thumb Code   108  usbd_ctlreq.o(i.USBD_SetConfig)
    i.USBD_Start                             0x08003e68   Section        0  usbd_core.o(i.USBD_Start)
    i.USBD_StdDevReq                         0x08003e72   Section        0  usbd_ctlreq.o(i.USBD_StdDevReq)
    i.USBD_StdEPReq                          0x08003f60   Section        0  usbd_ctlreq.o(i.USBD_StdEPReq)
    i.USBD_StdItfReq                         0x0800404a   Section        0  usbd_ctlreq.o(i.USBD_StdItfReq)
    i.USBD_static_free                       0x08004084   Section        0  usbd_conf.o(i.USBD_static_free)
    i.USBD_static_malloc                     0x08004088   Section        0  usbd_conf.o(i.USBD_static_malloc)
    i.USB_IRQHandler                         0x08004090   Section        0  stm32f0xx_it.o(i.USB_IRQHandler)
    i.__0printf$bare                         0x080040a0   Section        0  printfb.o(i.__0printf$bare)
    i.__ARM_common_switch8                   0x080040b4   Section        0  stm32f0xx_hal_dma.o(i.__ARM_common_switch8)
    i.__aeabi_errno_addr                     0x080040d0   Section        0  errno.o(i.__aeabi_errno_addr)
    i.__scatterload_copy                     0x080040d8   Section       14  handlers.o(i.__scatterload_copy)
    i.__scatterload_null                     0x080040e6   Section        2  handlers.o(i.__scatterload_null)
    i.__scatterload_zeroinit                 0x080040e8   Section       14  handlers.o(i.__scatterload_zeroinit)
    i._printf_core                           0x080040f6   Section        0  printfb.o(i._printf_core)
    _printf_core                             0x080040f7   Thumb Code    30  printfb.o(i._printf_core)
    i.arg_to_button_index                    0x08004114   Section        0  cmd_parser.o(i.arg_to_button_index)
    i.button_write                           0x0800437c   Section        0  jc_ctrl.o(i.button_write)
    i.dac_write                              0x080043c4   Section        0  jc_ctrl.o(i.dac_write)
    i.eeprom_erase                           0x08004410   Section        0  eeprom.o(i.eeprom_erase)
    i.eeprom_read                            0x08004428   Section        0  eeprom.o(i.eeprom_read)
    i.eeprom_write                           0x08004470   Section        0  eeprom.o(i.eeprom_write)
    i.fputc                                  0x080044b4   Section        0  main.o(i.fputc)
    i.get_vref                               0x080044c4   Section        0  helpers.o(i.get_vref)
    i.goto_next_arg                          0x080044f0   Section        0  cmd_parser.o(i.goto_next_arg)
    i.jc_ctrl_init                           0x08004528   Section        0  jc_ctrl.o(i.jc_ctrl_init)
    i.kick_dog                               0x08004568   Section        0  main.o(i.kick_dog)
    i.linear_buf_add                         0x08004590   Section        0  helpers.o(i.linear_buf_add)
    i.linear_buf_add_str                     0x080045ba   Section        0  helpers.o(i.linear_buf_add_str)
    i.linear_buf_init                        0x080045d8   Section        0  helpers.o(i.linear_buf_init)
    i.linear_buf_reset                       0x0800462c   Section        0  helpers.o(i.linear_buf_reset)
    i.main                                   0x0800463c   Section        0  main.o(i.main)
    i.malloc                                 0x080046d4   Section        0  malloc.o(i.malloc)
    i.my_usb_init                            0x08004740   Section        0  my_usb.o(i.my_usb_init)
    i.my_usb_putchar                         0x0800475c   Section        0  my_usb.o(i.my_usb_putchar)
    i.my_usb_readline                        0x08004794   Section        0  my_usb.o(i.my_usb_readline)
    i.parse_cmd                              0x08004800   Section        0  cmd_parser.o(i.parse_cmd)
    i.process_multiarg                       0x08004bec   Section        0  cmd_parser.o(i.process_multiarg)
    i.puts                                   0x08004c3c   Section        0  puts.o(i.puts)
    i.release_all_button                     0x08004c5c   Section        0  jc_ctrl.o(i.release_all_button)
    i.stick_disengage                        0x08004c70   Section        0  jc_ctrl.o(i.stick_disengage)
    i.stick_hold                             0x08004c98   Section        0  cmd_parser.o(i.stick_hold)
    i.stick_release                          0x08004cd4   Section        0  jc_ctrl.o(i.stick_release)
    i.stm32_dac_init                         0x08004cfc   Section        0  main.o(i.stm32_dac_init)
    i.tas_parse                              0x08004d50   Section        0  cmd_parser.o(i.tas_parse)
    .constdata                               0x08004dc4   Section       16  system_stm32f0xx.o(.constdata)
    .constdata                               0x08004dd4   Section      129  ctype_o.o(.constdata)
    .constdata                               0x08004e58   Section        4  ctype_o.o(.constdata)
    table                                    0x08004e58   Data           4  ctype_o.o(.constdata)
    .data                                    0x20000000   Section        4  system_stm32f0xx.o(.data)
    .data                                    0x20000004   Section        4  stm32f0xx_hal.o(.data)
    .data                                    0x20000008   Section        8  main.o(.data)
    .data                                    0x20000010   Section       28  usbd_desc.o(.data)
    .data                                    0x2000002c   Section       22  usbd_desc.o(.data)
    .data                                    0x20000044   Section       16  usbd_cdc_if.o(.data)
    .data                                    0x20000054   Section        4  my_usb.o(.data)
    .data                                    0x20000058   Section        4  my_usb.o(.data)
    .data                                    0x2000005c   Section        8  jc_ctrl.o(.data)
    .data                                    0x20000064   Section        1  usbd_ctlreq.o(.data)
    cfgidx                                   0x20000064   Data           1  usbd_ctlreq.o(.data)
    .data                                    0x20000068   Section      219  usbd_cdc.o(.data)
    ifalt                                    0x20000068   Data           1  usbd_cdc.o(.data)
    USBD_CDC_DeviceQualifierDesc             0x2000006c   Data          10  usbd_cdc.o(.data)
    .data                                    0x20000144   Section       56  usbd_cdc.o(.data)
    .data                                    0x2000017c   Section        4  stdout.o(.data)
    .data                                    0x20000180   Section        4  mvars.o(.data)
    .data                                    0x20000184   Section        4  mvars.o(.data)
    .data                                    0x20000188   Section        4  errno.o(.data)
    _errno                                   0x20000188   Data           4  errno.o(.data)
    .bss                                     0x2000018c   Section      288  main.o(.bss)
    .bss                                     0x200002ac   Section     1088  usbd_conf.o(.bss)
    mem                                      0x200002ac   Data         544  usbd_conf.o(.bss)
    .bss                                     0x200006ec   Section      512  usbd_desc.o(.bss)
    .bss                                     0x200008ec   Section      256  usbd_cdc_if.o(.bss)
    .bss                                     0x200009ec   Section      548  usb_device.o(.bss)
    .bss                                     0x20000c10   Section      144  my_usb.o(.bss)
    HEAP                                     0x20000ca0   Section      512  startup_stm32f072xb.o(HEAP)
    STACK                                    0x20000ea0   Section     1024  startup_stm32f072xb.o(STACK)

    Global Symbols

    Symbol Name                              Value     Ov Type        Size  Object(Section)

    BuildAttributes$$THM_ISAv3M$S$PE$A:L22$X:L11$S22$IEEE1$IW$USESV6$~STKCKD$USESV7$~SHL$OTIME$ROPI$EBA8$MICROLIB$REQ8$PRES8$EABIv2 0x00000000   Number         0  anon$$obj.o ABSOLUTE
    __ARM_use_no_argv                        0x00000000   Number         0  main.o ABSOLUTE
    __cpp_initialize__aeabi_                  - Undefined Weak Reference
    __cxa_finalize                            - Undefined Weak Reference
    _clock_init                               - Undefined Weak Reference
    _microlib_exit                            - Undefined Weak Reference
    __Vectors_Size                           0x000000c0   Number         0  startup_stm32f072xb.o ABSOLUTE
    __Vectors                                0x08000000   Data           4  startup_stm32f072xb.o(RESET)
    __Vectors_End                            0x080000c0   Data           0  startup_stm32f072xb.o(RESET)
    __main                                   0x080000c1   Thumb Code     0  entry.o(.ARM.Collect$$$$00000000)
    _main_stk                                0x080000c1   Thumb Code     0  entry2.o(.ARM.Collect$$$$00000001)
    _main_scatterload                        0x080000c5   Thumb Code     0  entry5.o(.ARM.Collect$$$$00000004)
    __main_after_scatterload                 0x080000c9   Thumb Code     0  entry5.o(.ARM.Collect$$$$00000004)
    _main_clock                              0x080000c9   Thumb Code     0  entry7b.o(.ARM.Collect$$$$00000008)
    _main_cpp_init                           0x080000c9   Thumb Code     0  entry8b.o(.ARM.Collect$$$$0000000A)
    _main_init                               0x080000c9   Thumb Code     0  entry9a.o(.ARM.Collect$$$$0000000B)
    __rt_final_cpp                           0x080000d1   Thumb Code     0  entry10a.o(.ARM.Collect$$$$0000000D)
    __rt_final_exit                          0x080000d1   Thumb Code     0  entry11a.o(.ARM.Collect$$$$0000000F)
    Reset_Handler                            0x080000d5   Thumb Code     8  startup_stm32f072xb.o(.text)
    ADC1_COMP_IRQHandler                     0x080000e7   Thumb Code     0  startup_stm32f072xb.o(.text)
    CEC_CAN_IRQHandler                       0x080000e7   Thumb Code     0  startup_stm32f072xb.o(.text)
    DMA1_Channel1_IRQHandler                 0x080000e7   Thumb Code     0  startup_stm32f072xb.o(.text)
    DMA1_Channel2_3_IRQHandler               0x080000e7   Thumb Code     0  startup_stm32f072xb.o(.text)
    DMA1_Channel4_5_6_7_IRQHandler           0x080000e7   Thumb Code     0  startup_stm32f072xb.o(.text)
    EXTI0_1_IRQHandler                       0x080000e7   Thumb Code     0  startup_stm32f072xb.o(.text)
    EXTI2_3_IRQHandler                       0x080000e7   Thumb Code     0  startup_stm32f072xb.o(.text)
    EXTI4_15_IRQHandler                      0x080000e7   Thumb Code     0  startup_stm32f072xb.o(.text)
    FLASH_IRQHandler                         0x080000e7   Thumb Code     0  startup_stm32f072xb.o(.text)
    I2C1_IRQHandler                          0x080000e7   Thumb Code     0  startup_stm32f072xb.o(.text)
    I2C2_IRQHandler                          0x080000e7   Thumb Code     0  startup_stm32f072xb.o(.text)
    PVD_VDDIO2_IRQHandler                    0x080000e7   Thumb Code     0  startup_stm32f072xb.o(.text)
    RCC_CRS_IRQHandler                       0x080000e7   Thumb Code     0  startup_stm32f072xb.o(.text)
    RTC_IRQHandler                           0x080000e7   Thumb Code     0  startup_stm32f072xb.o(.text)
    SPI1_IRQHandler                          0x080000e7   Thumb Code     0  startup_stm32f072xb.o(.text)
    SPI2_IRQHandler                          0x080000e7   Thumb Code     0  startup_stm32f072xb.o(.text)
    TIM14_IRQHandler                         0x080000e7   Thumb Code     0  startup_stm32f072xb.o(.text)
    TIM15_IRQHandler                         0x080000e7   Thumb Code     0  startup_stm32f072xb.o(.text)
    TIM16_IRQHandler                         0x080000e7   Thumb Code     0  startup_stm32f072xb.o(.text)
    TIM17_IRQHandler                         0x080000e7   Thumb Code     0  startup_stm32f072xb.o(.text)
    TIM1_BRK_UP_TRG_COM_IRQHandler           0x080000e7   Thumb Code     0  startup_stm32f072xb.o(.text)
    TIM1_CC_IRQHandler                       0x080000e7   Thumb Code     0  startup_stm32f072xb.o(.text)
    TIM2_IRQHandler                          0x080000e7   Thumb Code     0  startup_stm32f072xb.o(.text)
    TIM3_IRQHandler                          0x080000e7   Thumb Code     0  startup_stm32f072xb.o(.text)
    TIM6_DAC_IRQHandler                      0x080000e7   Thumb Code     0  startup_stm32f072xb.o(.text)
    TIM7_IRQHandler                          0x080000e7   Thumb Code     0  startup_stm32f072xb.o(.text)
    TSC_IRQHandler                           0x080000e7   Thumb Code     0  startup_stm32f072xb.o(.text)
    USART1_IRQHandler                        0x080000e7   Thumb Code     0  startup_stm32f072xb.o(.text)
    USART2_IRQHandler                        0x080000e7   Thumb Code     0  startup_stm32f072xb.o(.text)
    USART3_4_IRQHandler                      0x080000e7   Thumb Code     0  startup_stm32f072xb.o(.text)
    WWDG_IRQHandler                          0x080000e7   Thumb Code     0  startup_stm32f072xb.o(.text)
    __aeabi_uidiv                            0x080000f1   Thumb Code     0  uidiv.o(.text)
    __aeabi_uidivmod                         0x080000f1   Thumb Code    44  uidiv.o(.text)
    __aeabi_memset                           0x0800011d   Thumb Code    14  memseta.o(.text)
    __aeabi_memset4                          0x0800011d   Thumb Code     0  memseta.o(.text)
    __aeabi_memset8                          0x0800011d   Thumb Code     0  memseta.o(.text)
    __aeabi_memclr                           0x0800012b   Thumb Code     4  memseta.o(.text)
    __aeabi_memclr4                          0x0800012b   Thumb Code     0  memseta.o(.text)
    __aeabi_memclr8                          0x0800012b   Thumb Code     0  memseta.o(.text)
    _memset$wrapper                          0x0800012f   Thumb Code    18  memseta.o(.text)
    strlen                                   0x08000141   Thumb Code    14  strlen.o(.text)
    strcmp                                   0x0800014f   Thumb Code    28  strcmp.o(.text)
    strcpy                                   0x0800016b   Thumb Code    18  strcpy.o(.text)
    strncmp                                  0x0800017d   Thumb Code    30  strncmp.o(.text)
    atoi                                     0x0800019b   Thumb Code    26  atoi.o(.text)
    __aeabi_fmul                             0x080001b5   Thumb Code   122  fmul.o(.text)
    __aeabi_fdiv                             0x0800022f   Thumb Code   124  fdiv.o(.text)
    __aeabi_ui2f                             0x080002ab   Thumb Code    14  ffltui.o(.text)
    __aeabi_f2uiz                            0x080002b9   Thumb Code    40  ffixui.o(.text)
    strtol                                   0x080002e1   Thumb Code   108  strtol.o(.text)
    __I$use$fp                               0x08000351   Thumb Code     0  iusefp.o(.text)
    _float_round                             0x08000351   Thumb Code    16  fepilogue.o(.text)
    _float_epilogue                          0x08000361   Thumb Code   114  fepilogue.o(.text)
    __scatterload                            0x080003d5   Thumb Code    28  init.o(.text)
    __scatterload_rt2                        0x080003d5   Thumb Code     0  init.o(.text)
    __rt_ctype_table                         0x080003f9   Thumb Code     4  ctype_o.o(.text)
    _strtoul                                 0x08000401   Thumb Code   166  _strtoul.o(.text)
    _chval                                   0x080004a7   Thumb Code    30  _chval.o(.text)
    __decompress                             0x080004c5   Thumb Code     0  __dczerorl2.o(.text)
    __decompress1                            0x080004c5   Thumb Code    86  __dczerorl2.o(.text)
    CDC_Transmit_FS                          0x080006e1   Thumb Code    54  usbd_cdc_if.o(i.CDC_Transmit_FS)
    Error_Handler                            0x08000721   Thumb Code     2  main.o(i.Error_Handler)
    HAL_ADC_ConfigChannel                    0x08000725   Thumb Code   284  stm32f0xx_hal_adc.o(i.HAL_ADC_ConfigChannel)
    HAL_ADC_GetValue                         0x08000851   Thumb Code     6  stm32f0xx_hal_adc.o(i.HAL_ADC_GetValue)
    HAL_ADC_Init                             0x08000859   Thumb Code   364  stm32f0xx_hal_adc.o(i.HAL_ADC_Init)
    HAL_ADC_MspInit                          0x080009cd   Thumb Code    28  stm32f0xx_hal_msp.o(i.HAL_ADC_MspInit)
    HAL_ADC_PollForConversion                0x080009f1   Thumb Code   190  stm32f0xx_hal_adc.o(i.HAL_ADC_PollForConversion)
    HAL_ADC_Start                            0x08000ab1   Thumb Code    86  stm32f0xx_hal_adc.o(i.HAL_ADC_Start)
    HAL_ADC_Stop                             0x08000b0d   Thumb Code    62  stm32f0xx_hal_adc.o(i.HAL_ADC_Stop)
    HAL_DACEx_DualSetValue                   0x08000b4b   Thumb Code    22  stm32f0xx_hal_dac_ex.o(i.HAL_DACEx_DualSetValue)
    HAL_DAC_ConfigChannel                    0x08000b61   Thumb Code    52  stm32f0xx_hal_dac_ex.o(i.HAL_DAC_ConfigChannel)
    HAL_DAC_DeInit                           0x08000b99   Thumb Code    30  stm32f0xx_hal_dac.o(i.HAL_DAC_DeInit)
    HAL_DAC_Init                             0x08000bb7   Thumb Code    42  stm32f0xx_hal_dac.o(i.HAL_DAC_Init)
    HAL_DAC_MspDeInit                        0x08000be1   Thumb Code    32  stm32f0xx_hal_msp.o(i.HAL_DAC_MspDeInit)
    HAL_DAC_MspInit                          0x08000c09   Thumb Code    54  stm32f0xx_hal_msp.o(i.HAL_DAC_MspInit)
    HAL_DAC_Start                            0x08000c49   Thumb Code    84  stm32f0xx_hal_dac_ex.o(i.HAL_DAC_Start)
    HAL_DAC_Stop                             0x08000c9d   Thumb Code    22  stm32f0xx_hal_dac.o(i.HAL_DAC_Stop)
    HAL_Delay                                0x08000cb3   Thumb Code    22  stm32f0xx_hal.o(i.HAL_Delay)
    HAL_GPIO_DeInit                          0x08000cc9   Thumb Code   202  stm32f0xx_hal_gpio.o(i.HAL_GPIO_DeInit)
    HAL_GPIO_Init                            0x08000dad   Thumb Code   314  stm32f0xx_hal_gpio.o(i.HAL_GPIO_Init)
    HAL_GPIO_TogglePin                       0x08000f05   Thumb Code     8  stm32f0xx_hal_gpio.o(i.HAL_GPIO_TogglePin)
    HAL_GPIO_WritePin                        0x08000f0d   Thumb Code    12  stm32f0xx_hal_gpio.o(i.HAL_GPIO_WritePin)
    HAL_GetTick                              0x08000f19   Thumb Code     6  stm32f0xx_hal.o(i.HAL_GetTick)
    HAL_I2CEx_ConfigAnalogFilter             0x08000f25   Thumb Code    74  stm32f0xx_hal_i2c_ex.o(i.HAL_I2CEx_ConfigAnalogFilter)
    HAL_I2CEx_ConfigDigitalFilter            0x08000f6f   Thumb Code    72  stm32f0xx_hal_i2c_ex.o(i.HAL_I2CEx_ConfigDigitalFilter)
    HAL_I2C_Init                             0x08000fb9   Thumb Code   176  stm32f0xx_hal_i2c.o(i.HAL_I2C_Init)
    HAL_I2C_IsDeviceReady                    0x0800106d   Thumb Code   280  stm32f0xx_hal_i2c.o(i.HAL_I2C_IsDeviceReady)
    HAL_I2C_Master_Receive                   0x08001189   Thumb Code   274  stm32f0xx_hal_i2c.o(i.HAL_I2C_Master_Receive)
    HAL_I2C_Master_Transmit                  0x080012a1   Thumb Code   274  stm32f0xx_hal_i2c.o(i.HAL_I2C_Master_Transmit)
    HAL_I2C_MspInit                          0x080013b9   Thumb Code    60  stm32f0xx_hal_msp.o(i.HAL_I2C_MspInit)
    HAL_IWDG_Init                            0x08001401   Thumb Code    86  stm32f0xx_hal_iwdg.o(i.HAL_IWDG_Init)
    HAL_IWDG_Refresh                         0x08001465   Thumb Code    10  stm32f0xx_hal_iwdg.o(i.HAL_IWDG_Refresh)
    HAL_IncTick                              0x08001475   Thumb Code    10  stm32f0xx_hal.o(i.HAL_IncTick)
    HAL_Init                                 0x08001485   Thumb Code    26  stm32f0xx_hal.o(i.HAL_Init)
    HAL_InitTick                             0x080014a5   Thumb Code    34  stm32f0xx_hal.o(i.HAL_InitTick)
    HAL_MspInit                              0x080014c9   Thumb Code    50  stm32f0xx_hal_msp.o(i.HAL_MspInit)
    HAL_NVIC_EnableIRQ                       0x08001501   Thumb Code    14  stm32f0xx_hal_cortex.o(i.HAL_NVIC_EnableIRQ)
    HAL_NVIC_SetPriority                     0x08001515   Thumb Code     8  stm32f0xx_hal_cortex.o(i.HAL_NVIC_SetPriority)
    HAL_PCDEx_PMAConfig                      0x0800151d   Thumb Code    58  stm32f0xx_hal_pcd_ex.o(i.HAL_PCDEx_PMAConfig)
    HAL_PCD_DataInStageCallback              0x08001557   Thumb Code    24  usbd_conf.o(i.HAL_PCD_DataInStageCallback)
    HAL_PCD_DataOutStageCallback             0x0800156f   Thumb Code    28  usbd_conf.o(i.HAL_PCD_DataOutStageCallback)
    HAL_PCD_EP_Close                         0x0800158d   Thumb Code   346  stm32f0xx_hal_pcd.o(i.HAL_PCD_EP_Close)
    HAL_PCD_EP_ClrStall                      0x080016f5   Thumb Code   166  stm32f0xx_hal_pcd.o(i.HAL_PCD_EP_ClrStall)
    HAL_PCD_EP_GetRxCount                    0x080017a9   Thumb Code    20  stm32f0xx_hal_pcd.o(i.HAL_PCD_EP_GetRxCount)
    HAL_PCD_EP_Open                          0x080017bd   Thumb Code   652  stm32f0xx_hal_pcd.o(i.HAL_PCD_EP_Open)
    HAL_PCD_EP_Receive                       0x08001a61   Thumb Code   298  stm32f0xx_hal_pcd.o(i.HAL_PCD_EP_Receive)
    HAL_PCD_EP_SetStall                      0x08001b99   Thumb Code   136  stm32f0xx_hal_pcd.o(i.HAL_PCD_EP_SetStall)
    HAL_PCD_EP_Transmit                      0x08001c2d   Thumb Code   386  stm32f0xx_hal_pcd.o(i.HAL_PCD_EP_Transmit)
    HAL_PCD_IRQHandler                       0x08001dc1   Thumb Code   238  stm32f0xx_hal_pcd.o(i.HAL_PCD_IRQHandler)
    HAL_PCD_Init                             0x08001ecd   Thumb Code   154  stm32f0xx_hal_pcd.o(i.HAL_PCD_Init)
    HAL_PCD_MspInit                          0x08001f69   Thumb Code    46  usbd_conf.o(i.HAL_PCD_MspInit)
    HAL_PCD_ResetCallback                    0x08001fa1   Thumb Code    24  usbd_conf.o(i.HAL_PCD_ResetCallback)
    HAL_PCD_ResumeCallback                   0x08001fb9   Thumb Code    38  usbd_conf.o(i.HAL_PCD_ResumeCallback)
    HAL_PCD_SOFCallback                      0x08001fe5   Thumb Code    16  usbd_conf.o(i.HAL_PCD_SOFCallback)
    HAL_PCD_SetAddress                       0x08001ff5   Thumb Code    44  stm32f0xx_hal_pcd.o(i.HAL_PCD_SetAddress)
    HAL_PCD_SetupStageCallback               0x08002021   Thumb Code    22  usbd_conf.o(i.HAL_PCD_SetupStageCallback)
    HAL_PCD_Start                            0x08002037   Thumb Code    18  stm32f0xx_hal_pcd.o(i.HAL_PCD_Start)
    HAL_PCD_SuspendCallback                  0x08002049   Thumb Code    34  usbd_conf.o(i.HAL_PCD_SuspendCallback)
    HAL_RCCEx_PeriphCLKConfig                0x08002071   Thumb Code   274  stm32f0xx_hal_rcc_ex.o(i.HAL_RCCEx_PeriphCLKConfig)
    HAL_RCC_ClockConfig                      0x08002191   Thumb Code   320  stm32f0xx_hal_rcc.o(i.HAL_RCC_ClockConfig)
    HAL_RCC_GetHCLKFreq                      0x080022e5   Thumb Code     6  stm32f0xx_hal_rcc.o(i.HAL_RCC_GetHCLKFreq)
    HAL_RCC_GetSysClockFreq                  0x080022f1   Thumb Code    90  stm32f0xx_hal_rcc.o(i.HAL_RCC_GetSysClockFreq)
    HAL_RCC_OscConfig                        0x08002379   Thumb Code   966  stm32f0xx_hal_rcc.o(i.HAL_RCC_OscConfig)
    HAL_SPI_Init                             0x08002751   Thumb Code   184  stm32f0xx_hal_spi.o(i.HAL_SPI_Init)
    HAL_SPI_MspInit                          0x08002809   Thumb Code   104  stm32f0xx_hal_msp.o(i.HAL_SPI_MspInit)
    HAL_SPI_Transmit                         0x0800287d   Thumb Code   368  stm32f0xx_hal_spi.o(i.HAL_SPI_Transmit)
    HAL_SYSTICK_CLKSourceConfig              0x080029ed   Thumb Code    20  stm32f0xx_hal_cortex.o(i.HAL_SYSTICK_CLKSourceConfig)
    HAL_SYSTICK_Callback                     0x08002a05   Thumb Code     2  stm32f0xx_hal_cortex.o(i.HAL_SYSTICK_Callback)
    HAL_SYSTICK_Config                       0x08002a09   Thumb Code    38  stm32f0xx_hal_cortex.o(i.HAL_SYSTICK_Config)
    HAL_SYSTICK_IRQHandler                   0x08002a39   Thumb Code     8  stm32f0xx_hal_cortex.o(i.HAL_SYSTICK_IRQHandler)
    HardFault_Handler                        0x08002a41   Thumb Code     2  stm32f0xx_it.o(i.HardFault_Handler)
    MX_USB_DEVICE_Init                       0x08002de9   Thumb Code    36  usb_device.o(i.MX_USB_DEVICE_Init)
    NMI_Handler                              0x08002e1d   Thumb Code     2  stm32f0xx_it.o(i.NMI_Handler)
    PCD_ReadPMA                              0x0800319d   Thumb Code    30  stm32f0xx_hal_pcd.o(i.PCD_ReadPMA)
    PCD_WritePMA                             0x080031bb   Thumb Code    38  stm32f0xx_hal_pcd.o(i.PCD_WritePMA)
    PendSV_Handler                           0x080031e1   Thumb Code     2  stm32f0xx_it.o(i.PendSV_Handler)
    SVC_Handler                              0x0800334d   Thumb Code     2  stm32f0xx_it.o(i.SVC_Handler)
    SysTick_Handler                          0x0800334f   Thumb Code    12  stm32f0xx_it.o(i.SysTick_Handler)
    SystemClock_Config                       0x0800335d   Thumb Code   118  main.o(i.SystemClock_Config)
    SystemInit                               0x080033d9   Thumb Code    76  system_stm32f0xx.o(i.SystemInit)
    USBD_CDC_GetDeviceQualifierDescriptor    0x080034ed   Thumb Code     8  usbd_cdc.o(i.USBD_CDC_GetDeviceQualifierDescriptor)
    USBD_CDC_ReceivePacket                   0x080035a7   Thumb Code    56  usbd_cdc.o(i.USBD_CDC_ReceivePacket)
    USBD_CDC_RegisterInterface               0x080035df   Thumb Code    20  usbd_cdc.o(i.USBD_CDC_RegisterInterface)
    USBD_CDC_SetRxBuffer                     0x080035f3   Thumb Code    20  usbd_cdc.o(i.USBD_CDC_SetRxBuffer)
    USBD_CDC_SetTxBuffer                     0x08003607   Thumb Code    22  usbd_cdc.o(i.USBD_CDC_SetTxBuffer)
    USBD_CDC_TransmitPacket                  0x08003691   Thumb Code    52  usbd_cdc.o(i.USBD_CDC_TransmitPacket)
    USBD_ClrClassConfig                      0x080036c5   Thumb Code    16  usbd_core.o(i.USBD_ClrClassConfig)
    USBD_CtlContinueRx                       0x080036d5   Thumb Code    16  usbd_ioreq.o(i.USBD_CtlContinueRx)
    USBD_CtlContinueSendData                 0x080036e5   Thumb Code    16  usbd_ioreq.o(i.USBD_CtlContinueSendData)
    USBD_CtlError                            0x080036f5   Thumb Code    20  usbd_ctlreq.o(i.USBD_CtlError)
    USBD_CtlPrepareRx                        0x08003709   Thumb Code    32  usbd_ioreq.o(i.USBD_CtlPrepareRx)
    USBD_CtlReceiveStatus                    0x08003729   Thumb Code    24  usbd_ioreq.o(i.USBD_CtlReceiveStatus)
    USBD_CtlSendData                         0x08003741   Thumb Code    28  usbd_ioreq.o(i.USBD_CtlSendData)
    USBD_CtlSendStatus                       0x0800375d   Thumb Code    24  usbd_ioreq.o(i.USBD_CtlSendStatus)
    USBD_FS_ConfigStrDescriptor              0x08003775   Thumb Code    16  usbd_desc.o(i.USBD_FS_ConfigStrDescriptor)
    USBD_FS_DeviceDescriptor                 0x08003795   Thumb Code     8  usbd_desc.o(i.USBD_FS_DeviceDescriptor)
    USBD_FS_InterfaceStrDescriptor           0x080037a1   Thumb Code    16  usbd_desc.o(i.USBD_FS_InterfaceStrDescriptor)
    USBD_FS_LangIDStrDescriptor              0x080037c5   Thumb Code     8  usbd_desc.o(i.USBD_FS_LangIDStrDescriptor)
    USBD_FS_ManufacturerStrDescriptor        0x080037d1   Thumb Code    16  usbd_desc.o(i.USBD_FS_ManufacturerStrDescriptor)
    USBD_FS_ProductStrDescriptor             0x080037f9   Thumb Code    16  usbd_desc.o(i.USBD_FS_ProductStrDescriptor)
    USBD_FS_SerialStrDescriptor              0x08003825   Thumb Code    16  usbd_desc.o(i.USBD_FS_SerialStrDescriptor)
    USBD_GetString                           0x08003929   Thumb Code    68  usbd_ctlreq.o(i.USBD_GetString)
    USBD_Init                                0x0800396d   Thumb Code    50  usbd_core.o(i.USBD_Init)
    USBD_LL_ClearStallEP                     0x0800399f   Thumb Code    38  usbd_conf.o(i.USBD_LL_ClearStallEP)
    USBD_LL_CloseEP                          0x080039c5   Thumb Code    38  usbd_conf.o(i.USBD_LL_CloseEP)
    USBD_LL_DataInStage                      0x080039eb   Thumb Code   182  usbd_core.o(i.USBD_LL_DataInStage)
    USBD_LL_DataOutStage                     0x08003aa1   Thumb Code   116  usbd_core.o(i.USBD_LL_DataOutStage)
    USBD_LL_GetRxDataSize                    0x08003b15   Thumb Code    16  usbd_conf.o(i.USBD_LL_GetRxDataSize)
    USBD_LL_Init                             0x08003b25   Thumb Code   122  usbd_conf.o(i.USBD_LL_Init)
    USBD_LL_IsStallEP                        0x08003bad   Thumb Code    36  usbd_conf.o(i.USBD_LL_IsStallEP)
    USBD_LL_OpenEP                           0x08003bd1   Thumb Code    44  usbd_conf.o(i.USBD_LL_OpenEP)
    USBD_LL_PrepareReceive                   0x08003bfd   Thumb Code    38  usbd_conf.o(i.USBD_LL_PrepareReceive)
    USBD_LL_Reset                            0x08003c23   Thumb Code    70  usbd_core.o(i.USBD_LL_Reset)
    USBD_LL_Resume                           0x08003c69   Thumb Code    12  usbd_core.o(i.USBD_LL_Resume)
    USBD_LL_SOF                              0x08003c75   Thumb Code    30  usbd_core.o(i.USBD_LL_SOF)
    USBD_LL_SetSpeed                         0x08003c93   Thumb Code     6  usbd_core.o(i.USBD_LL_SetSpeed)
    USBD_LL_SetUSBAddress                    0x08003c99   Thumb Code    38  usbd_conf.o(i.USBD_LL_SetUSBAddress)
    USBD_LL_SetupStage                       0x08003cbf   Thumb Code    94  usbd_core.o(i.USBD_LL_SetupStage)
    USBD_LL_StallEP                          0x08003d1d   Thumb Code    38  usbd_conf.o(i.USBD_LL_StallEP)
    USBD_LL_Start                            0x08003d43   Thumb Code    38  usbd_conf.o(i.USBD_LL_Start)
    USBD_LL_Suspend                          0x08003d69   Thumb Code    16  usbd_core.o(i.USBD_LL_Suspend)
    USBD_LL_Transmit                         0x08003d79   Thumb Code    38  usbd_conf.o(i.USBD_LL_Transmit)
    USBD_ParseSetupRequest                   0x08003d9f   Thumb Code    40  usbd_ctlreq.o(i.USBD_ParseSetupRequest)
    USBD_RegisterClass                       0x08003dc7   Thumb Code    22  usbd_core.o(i.USBD_RegisterClass)
    USBD_SetClassConfig                      0x08003ddd   Thumb Code    28  usbd_core.o(i.USBD_SetClassConfig)
    USBD_Start                               0x08003e69   Thumb Code    10  usbd_core.o(i.USBD_Start)
    USBD_StdDevReq                           0x08003e73   Thumb Code   238  usbd_ctlreq.o(i.USBD_StdDevReq)
    USBD_StdEPReq                            0x08003f61   Thumb Code   234  usbd_ctlreq.o(i.USBD_StdEPReq)
    USBD_StdItfReq                           0x0800404b   Thumb Code    58  usbd_ctlreq.o(i.USBD_StdItfReq)
    USBD_static_free                         0x08004085   Thumb Code     2  usbd_conf.o(i.USBD_static_free)
    USBD_static_malloc                       0x08004089   Thumb Code     4  usbd_conf.o(i.USBD_static_malloc)
    USB_IRQHandler                           0x08004091   Thumb Code    10  stm32f0xx_it.o(i.USB_IRQHandler)
    __0printf$bare                           0x080040a1   Thumb Code    12  printfb.o(i.__0printf$bare)
    __1printf$bare                           0x080040a1   Thumb Code     0  printfb.o(i.__0printf$bare)
    __2printf                                0x080040a1   Thumb Code     0  printfb.o(i.__0printf$bare)
    __ARM_common_switch8                     0x080040b5   Thumb Code    26  stm32f0xx_hal_dma.o(i.__ARM_common_switch8)
    __aeabi_errno_addr                       0x080040d1   Thumb Code     4  errno.o(i.__aeabi_errno_addr)
    __rt_errno_addr                          0x080040d1   Thumb Code     0  errno.o(i.__aeabi_errno_addr)
    __scatterload_copy                       0x080040d9   Thumb Code    14  handlers.o(i.__scatterload_copy)
    __scatterload_null                       0x080040e7   Thumb Code     2  handlers.o(i.__scatterload_null)
    __scatterload_zeroinit                   0x080040e9   Thumb Code    14  handlers.o(i.__scatterload_zeroinit)
    arg_to_button_index                      0x08004115   Thumb Code   506  cmd_parser.o(i.arg_to_button_index)
    button_write                             0x0800437d   Thumb Code    68  jc_ctrl.o(i.button_write)
    dac_write                                0x080043c5   Thumb Code    68  jc_ctrl.o(i.dac_write)
    eeprom_erase                             0x08004411   Thumb Code    24  eeprom.o(i.eeprom_erase)
    eeprom_read                              0x08004429   Thumb Code    66  eeprom.o(i.eeprom_read)
    eeprom_write                             0x08004471   Thumb Code    64  eeprom.o(i.eeprom_write)
    fputc                                    0x080044b5   Thumb Code    14  main.o(i.fputc)
    get_vref                                 0x080044c5   Thumb Code    38  helpers.o(i.get_vref)
    goto_next_arg                            0x080044f1   Thumb Code    56  cmd_parser.o(i.goto_next_arg)
    jc_ctrl_init                             0x08004529   Thumb Code    50  jc_ctrl.o(i.jc_ctrl_init)
    kick_dog                                 0x08004569   Thumb Code    32  main.o(i.kick_dog)
    linear_buf_add                           0x08004591   Thumb Code    42  helpers.o(i.linear_buf_add)
    linear_buf_add_str                       0x080045bb   Thumb Code    30  helpers.o(i.linear_buf_add_str)
    linear_buf_init                          0x080045d9   Thumb Code    62  helpers.o(i.linear_buf_init)
    linear_buf_reset                         0x0800462d   Thumb Code    16  helpers.o(i.linear_buf_reset)
    main                                     0x0800463d   Thumb Code   126  main.o(i.main)
    malloc                                   0x080046d5   Thumb Code    92  malloc.o(i.malloc)
    my_usb_init                              0x08004741   Thumb Code    18  my_usb.o(i.my_usb_init)
    my_usb_putchar                           0x0800475d   Thumb Code    50  my_usb.o(i.my_usb_putchar)
    my_usb_readline                          0x08004795   Thumb Code   104  my_usb.o(i.my_usb_readline)
    parse_cmd                                0x08004801   Thumb Code   426  cmd_parser.o(i.parse_cmd)
    process_multiarg                         0x08004bed   Thumb Code    74  cmd_parser.o(i.process_multiarg)
    puts                                     0x08004c3d   Thumb Code    28  puts.o(i.puts)
    release_all_button                       0x08004c5d   Thumb Code    14  jc_ctrl.o(i.release_all_button)
    stick_disengage                          0x08004c71   Thumb Code    34  jc_ctrl.o(i.stick_disengage)
    stick_hold                               0x08004c99   Thumb Code    60  cmd_parser.o(i.stick_hold)
    stick_release                            0x08004cd5   Thumb Code    30  jc_ctrl.o(i.stick_release)
    stm32_dac_init                           0x08004cfd   Thumb Code    76  main.o(i.stm32_dac_init)
    tas_parse                                0x08004d51   Thumb Code   112  cmd_parser.o(i.tas_parse)
    AHBPrescTable                            0x08004dc4   Data          16  system_stm32f0xx.o(.constdata)
    __ctype_table                            0x08004dd4   Data         129  ctype_o.o(.constdata)
    Region$$Table$$Base                      0x08004e5c   Number         0  anon$$obj.o(Region$$Table)
    Region$$Table$$Limit                     0x08004e7c   Number         0  anon$$obj.o(Region$$Table)
    SystemCoreClock                          0x20000000   Data           4  system_stm32f0xx.o(.data)
    uwTick                                   0x20000004   Data           4  stm32f0xx_hal.o(.data)
    board_type                               0x20000008   Data           4  main.o(.data)
    next_kick                                0x2000000c   Data           4  main.o(.data)
    FS_Desc                                  0x20000010   Data          28  usbd_desc.o(.data)
    USBD_LangIDDesc                          0x2000002c   Data           4  usbd_desc.o(.data)
    USBD_FS_DeviceDesc                       0x20000030   Data          18  usbd_desc.o(.data)
    USBD_Interface_fops_FS                   0x20000044   Data          16  usbd_cdc_if.o(.data)
    usb_data                                 0x20000054   Data           4  my_usb.o(.data)
    port_opened                              0x20000058   Data           4  my_usb.o(.data)
    button_status                            0x2000005c   Data           2  jc_ctrl.o(.data)
    stick_idle_dac_val                       0x2000005e   Data           2  jc_ctrl.o(.data)
    dac_modifier                             0x20000060   Data           4  jc_ctrl.o(.data)
    USBD_CDC_CfgHSDesc                       0x20000078   Data          67  usbd_cdc.o(.data)
    USBD_CDC_CfgFSDesc                       0x200000bc   Data          67  usbd_cdc.o(.data)
    USBD_CDC_OtherSpeedCfgDesc               0x20000100   Data          67  usbd_cdc.o(.data)
    USBD_CDC                                 0x20000144   Data          56  usbd_cdc.o(.data)
    __stdout                                 0x2000017c   Data           4  stdout.o(.data)
    __microlib_freelist                      0x20000180   Data           4  mvars.o(.data)
    __microlib_freelist_initialised          0x20000184   Data           4  mvars.o(.data)
    hadc                                     0x2000018c   Data          76  main.o(.bss)
    hdac                                     0x200001d8   Data          20  main.o(.bss)
    hi2c1                                    0x200001ec   Data          76  main.o(.bss)
    hiwdg                                    0x20000238   Data          16  main.o(.bss)
    hspi1                                    0x20000248   Data         100  main.o(.bss)
    hpcd_USB_FS                              0x200004cc   Data         544  usbd_conf.o(.bss)
    USBD_StrDesc                             0x200006ec   Data         512  usbd_desc.o(.bss)
    UserRxBufferFS                           0x200008ec   Data         128  usbd_cdc_if.o(.bss)
    UserTxBufferFS                           0x2000096c   Data         128  usbd_cdc_if.o(.bss)
    hUsbDeviceFS                             0x200009ec   Data         548  usb_device.o(.bss)
    usb_recv_buf                             0x20000c10   Data          16  my_usb.o(.bss)
    usb_line_buf                             0x20000c20   Data         128  my_usb.o(.bss)
    __heap_base                              0x20000ca0   Data           0  startup_stm32f072xb.o(HEAP)
    __heap_limit                             0x20000ea0   Data           0  startup_stm32f072xb.o(HEAP)
    __initial_sp                             0x200012a0   Data           0  startup_stm32f072xb.o(STACK)



==============================================================================

Memory Map of the image

  Image Entry point : 0x080000c1

  Load Region LR_IROM1 (Base: 0x08000000, Size: 0x00005008, Max: 0x00010000, ABSOLUTE, COMPRESSED[0x00004f3c])

    Execution Region ER_IROM1 (Base: 0x08000000, Size: 0x00004e7c, Max: 0x00010000, ABSOLUTE)

    Base Addr    Size         Type   Attr      Idx    E Section Name        Object

    0x08000000   0x000000c0   Data   RO          146    RESET               startup_stm32f072xb.o
    0x080000c0   0x00000000   Code   RO         3778  * .ARM.Collect$$$$00000000  mc_p.l(entry.o)
    0x080000c0   0x00000004   Code   RO         4097    .ARM.Collect$$$$00000001  mc_p.l(entry2.o)
    0x080000c4   0x00000004   Code   RO         4100    .ARM.Collect$$$$00000004  mc_p.l(entry5.o)
    0x080000c8   0x00000000   Code   RO         4102    .ARM.Collect$$$$00000008  mc_p.l(entry7b.o)
    0x080000c8   0x00000000   Code   RO         4104    .ARM.Collect$$$$0000000A  mc_p.l(entry8b.o)
    0x080000c8   0x00000008   Code   RO         4105    .ARM.Collect$$$$0000000B  mc_p.l(entry9a.o)
    0x080000d0   0x00000000   Code   RO         4107    .ARM.Collect$$$$0000000D  mc_p.l(entry10a.o)
    0x080000d0   0x00000000   Code   RO         4109    .ARM.Collect$$$$0000000F  mc_p.l(entry11a.o)
    0x080000d0   0x00000004   Code   RO         4098    .ARM.Collect$$$$00002712  mc_p.l(entry2.o)
    0x080000d4   0x0000001c   Code   RO          147    .text               startup_stm32f072xb.o
    0x080000f0   0x0000002c   Code   RO         3785    .text               mc_p.l(uidiv.o)
    0x0800011c   0x00000024   Code   RO         3789    .text               mc_p.l(memseta.o)
    0x08000140   0x0000000e   Code   RO         3791    .text               mc_p.l(strlen.o)
    0x0800014e   0x0000001c   Code   RO         3793    .text               mc_p.l(strcmp.o)
    0x0800016a   0x00000012   Code   RO         3795    .text               mc_p.l(strcpy.o)
    0x0800017c   0x0000001e   Code   RO         3797    .text               mc_p.l(strncmp.o)
    0x0800019a   0x0000001a   Code   RO         4087    .text               mc_p.l(atoi.o)
    0x080001b4   0x0000007a   Code   RO         4089    .text               mf_p.l(fmul.o)
    0x0800022e   0x0000007c   Code   RO         4091    .text               mf_p.l(fdiv.o)
    0x080002aa   0x0000000e   Code   RO         4093    .text               mf_p.l(ffltui.o)
    0x080002b8   0x00000028   Code   RO         4095    .text               mf_p.l(ffixui.o)
    0x080002e0   0x00000070   Code   RO         4127    .text               mc_p.l(strtol.o)
    0x08000350   0x00000000   Code   RO         4129    .text               mc_p.l(iusefp.o)
    0x08000350   0x00000082   Code   RO         4130    .text               mf_p.l(fepilogue.o)
    0x080003d2   0x00000002   PAD
    0x080003d4   0x00000024   Code   RO         4142    .text               mc_p.l(init.o)
    0x080003f8   0x00000008   Code   RO         4148    .text               mc_p.l(ctype_o.o)
    0x08000400   0x000000a6   Code   RO         4176    .text               mc_p.l(_strtoul.o)
    0x080004a6   0x0000001e   Code   RO         4182    .text               mc_p.l(_chval.o)
    0x080004c4   0x00000056   Code   RO         4192    .text               mc_p.l(__dczerorl2.o)
    0x0800051a   0x00000052   Code   RO         2394    i.ADC_ConversionStop  stm32f0xx_hal_adc.o
    0x0800056c   0x00000066   Code   RO         2398    i.ADC_Disable       stm32f0xx_hal_adc.o
    0x080005d2   0x00000002   PAD
    0x080005d4   0x00000084   Code   RO         2399    i.ADC_Enable        stm32f0xx_hal_adc.o
    0x08000658   0x00000038   Code   RO         3107    i.CDC_Control_FS    usbd_cdc_if.o
    0x08000690   0x00000004   Code   RO         3108    i.CDC_DeInit_FS     usbd_cdc_if.o
    0x08000694   0x00000024   Code   RO         3109    i.CDC_Init_FS       usbd_cdc_if.o
    0x080006b8   0x00000028   Code   RO         3110    i.CDC_Receive_FS    usbd_cdc_if.o
    0x080006e0   0x00000040   Code   RO         3111    i.CDC_Transmit_FS   usbd_cdc_if.o
    0x08000720   0x00000002   Code   RO         2650    i.Error_Handler     main.o
    0x08000722   0x00000002   PAD
    0x08000724   0x0000012c   Code   RO         2401    i.HAL_ADC_ConfigChannel  stm32f0xx_hal_adc.o
    0x08000850   0x00000006   Code   RO         2408    i.HAL_ADC_GetValue  stm32f0xx_hal_adc.o
    0x08000856   0x00000002   PAD
    0x08000858   0x00000174   Code   RO         2410    i.HAL_ADC_Init      stm32f0xx_hal_adc.o
    0x080009cc   0x00000024   Code   RO         2760    i.HAL_ADC_MspInit   stm32f0xx_hal_msp.o
    0x080009f0   0x000000be   Code   RO         2414    i.HAL_ADC_PollForConversion  stm32f0xx_hal_adc.o
    0x08000aae   0x00000002   PAD
    0x08000ab0   0x0000005c   Code   RO         2416    i.HAL_ADC_Start     stm32f0xx_hal_adc.o
    0x08000b0c   0x0000003e   Code   RO         2419    i.HAL_ADC_Stop      stm32f0xx_hal_adc.o
    0x08000b4a   0x00000016   Code   RO         1697    i.HAL_DACEx_DualSetValue  stm32f0xx_hal_dac_ex.o
    0x08000b60   0x00000038   Code   RO         1701    i.HAL_DAC_ConfigChannel  stm32f0xx_hal_dac_ex.o
    0x08000b98   0x0000001e   Code   RO          504    i.HAL_DAC_DeInit    stm32f0xx_hal_dac.o
    0x08000bb6   0x0000002a   Code   RO          510    i.HAL_DAC_Init      stm32f0xx_hal_dac.o
    0x08000be0   0x00000028   Code   RO         2761    i.HAL_DAC_MspDeInit  stm32f0xx_hal_msp.o
    0x08000c08   0x00000040   Code   RO         2762    i.HAL_DAC_MspInit   stm32f0xx_hal_msp.o
    0x08000c48   0x00000054   Code   RO         1704    i.HAL_DAC_Start     stm32f0xx_hal_dac_ex.o
    0x08000c9c   0x00000016   Code   RO          516    i.HAL_DAC_Stop      stm32f0xx_hal_dac.o
    0x08000cb2   0x00000016   Code   RO         1419    i.HAL_Delay         stm32f0xx_hal.o
    0x08000cc8   0x000000e4   Code   RO          842    i.HAL_GPIO_DeInit   stm32f0xx_hal_gpio.o
    0x08000dac   0x00000158   Code   RO          845    i.HAL_GPIO_Init     stm32f0xx_hal_gpio.o
    0x08000f04   0x00000008   Code   RO          848    i.HAL_GPIO_TogglePin  stm32f0xx_hal_gpio.o
    0x08000f0c   0x0000000c   Code   RO          849    i.HAL_GPIO_WritePin  stm32f0xx_hal_gpio.o
    0x08000f18   0x0000000c   Code   RO         1423    i.HAL_GetTick       stm32f0xx_hal.o
    0x08000f24   0x0000004a   Code   RO         1812    i.HAL_I2CEx_ConfigAnalogFilter  stm32f0xx_hal_i2c_ex.o
    0x08000f6e   0x00000048   Code   RO         1813    i.HAL_I2CEx_ConfigDigitalFilter  stm32f0xx_hal_i2c_ex.o
    0x08000fb6   0x00000002   PAD
    0x08000fb8   0x000000b4   Code   RO         1001    i.HAL_I2C_Init      stm32f0xx_hal_i2c.o
    0x0800106c   0x0000011c   Code   RO         1002    i.HAL_I2C_IsDeviceReady  stm32f0xx_hal_i2c.o
    0x08001188   0x00000118   Code   RO         1007    i.HAL_I2C_Master_Receive  stm32f0xx_hal_i2c.o
    0x080012a0   0x00000118   Code   RO         1012    i.HAL_I2C_Master_Transmit  stm32f0xx_hal_i2c.o
    0x080013b8   0x00000048   Code   RO         2764    i.HAL_I2C_MspInit   stm32f0xx_hal_msp.o
    0x08001400   0x00000064   Code   RO         2570    i.HAL_IWDG_Init     stm32f0xx_hal_iwdg.o
    0x08001464   0x00000010   Code   RO         2571    i.HAL_IWDG_Refresh  stm32f0xx_hal_iwdg.o
    0x08001474   0x00000010   Code   RO         1424    i.HAL_IncTick       stm32f0xx_hal.o
    0x08001484   0x00000020   Code   RO         1425    i.HAL_Init          stm32f0xx_hal.o
    0x080014a4   0x00000022   Code   RO         1426    i.HAL_InitTick      stm32f0xx_hal.o
    0x080014c6   0x00000002   PAD
    0x080014c8   0x00000038   Code   RO         2765    i.HAL_MspInit       stm32f0xx_hal_msp.o
    0x08001500   0x00000014   Code   RO         1898    i.HAL_NVIC_EnableIRQ  stm32f0xx_hal_cortex.o
    0x08001514   0x00000008   Code   RO         1902    i.HAL_NVIC_SetPriority  stm32f0xx_hal_cortex.o
    0x0800151c   0x0000003a   Code   RO         1862    i.HAL_PCDEx_PMAConfig  stm32f0xx_hal_pcd_ex.o
    0x08001556   0x00000018   Code   RO         2829    i.HAL_PCD_DataInStageCallback  usbd_conf.o
    0x0800156e   0x0000001c   Code   RO         2830    i.HAL_PCD_DataOutStageCallback  usbd_conf.o
    0x0800158a   0x00000002   PAD
    0x0800158c   0x00000168   Code   RO          631    i.HAL_PCD_EP_Close  stm32f0xx_hal_pcd.o
    0x080016f4   0x000000b4   Code   RO          632    i.HAL_PCD_EP_ClrStall  stm32f0xx_hal_pcd.o
    0x080017a8   0x00000014   Code   RO          634    i.HAL_PCD_EP_GetRxCount  stm32f0xx_hal_pcd.o
    0x080017bc   0x000002a4   Code   RO          635    i.HAL_PCD_EP_Open   stm32f0xx_hal_pcd.o
    0x08001a60   0x00000138   Code   RO          636    i.HAL_PCD_EP_Receive  stm32f0xx_hal_pcd.o
    0x08001b98   0x00000094   Code   RO          637    i.HAL_PCD_EP_SetStall  stm32f0xx_hal_pcd.o
    0x08001c2c   0x00000194   Code   RO          638    i.HAL_PCD_EP_Transmit  stm32f0xx_hal_pcd.o
    0x08001dc0   0x0000010c   Code   RO          640    i.HAL_PCD_IRQHandler  stm32f0xx_hal_pcd.o
    0x08001ecc   0x0000009a   Code   RO          643    i.HAL_PCD_Init      stm32f0xx_hal_pcd.o
    0x08001f66   0x00000002   PAD
    0x08001f68   0x00000038   Code   RO         2835    i.HAL_PCD_MspInit   usbd_conf.o
    0x08001fa0   0x00000018   Code   RO         2836    i.HAL_PCD_ResetCallback  usbd_conf.o
    0x08001fb8   0x0000002c   Code   RO         2837    i.HAL_PCD_ResumeCallback  usbd_conf.o
    0x08001fe4   0x00000010   Code   RO         2838    i.HAL_PCD_SOFCallback  usbd_conf.o
    0x08001ff4   0x0000002c   Code   RO          649    i.HAL_PCD_SetAddress  stm32f0xx_hal_pcd.o
    0x08002020   0x00000016   Code   RO         2839    i.HAL_PCD_SetupStageCallback  usbd_conf.o
    0x08002036   0x00000012   Code   RO          651    i.HAL_PCD_Start     stm32f0xx_hal_pcd.o
    0x08002048   0x00000028   Code   RO         2840    i.HAL_PCD_SuspendCallback  usbd_conf.o
    0x08002070   0x00000120   Code   RO          915    i.HAL_RCCEx_PeriphCLKConfig  stm32f0xx_hal_rcc_ex.o
    0x08002190   0x00000154   Code   RO         2090    i.HAL_RCC_ClockConfig  stm32f0xx_hal_rcc.o
    0x080022e4   0x0000000c   Code   RO         2095    i.HAL_RCC_GetHCLKFreq  stm32f0xx_hal_rcc.o
    0x080022f0   0x00000088   Code   RO         2098    i.HAL_RCC_GetSysClockFreq  stm32f0xx_hal_rcc.o
    0x08002378   0x000003d8   Code   RO         2101    i.HAL_RCC_OscConfig  stm32f0xx_hal_rcc.o
    0x08002750   0x000000b8   Code   RO          188    i.HAL_SPI_Init      stm32f0xx_hal_spi.o
    0x08002808   0x00000074   Code   RO         2767    i.HAL_SPI_MspInit   stm32f0xx_hal_msp.o
    0x0800287c   0x00000170   Code   RO          196    i.HAL_SPI_Transmit  stm32f0xx_hal_spi.o
    0x080029ec   0x00000018   Code   RO         1904    i.HAL_SYSTICK_CLKSourceConfig  stm32f0xx_hal_cortex.o
    0x08002a04   0x00000002   Code   RO         1905    i.HAL_SYSTICK_Callback  stm32f0xx_hal_cortex.o
    0x08002a06   0x00000002   PAD
    0x08002a08   0x00000030   Code   RO         1906    i.HAL_SYSTICK_Config  stm32f0xx_hal_cortex.o
    0x08002a38   0x00000008   Code   RO         1907    i.HAL_SYSTICK_IRQHandler  stm32f0xx_hal_cortex.o
    0x08002a40   0x00000002   Code   RO         2596    i.HardFault_Handler  stm32f0xx_it.o
    0x08002a42   0x00000022   Code   RO         1043    i.I2C_Flush_TXDR    stm32f0xx_hal_i2c.o
    0x08002a64   0x00000074   Code   RO         1051    i.I2C_IsAcknowledgeFailed  stm32f0xx_hal_i2c.o
    0x08002ad8   0x00000024   Code   RO         1058    i.I2C_TransferConfig  stm32f0xx_hal_i2c.o
    0x08002afc   0x00000048   Code   RO         1059    i.I2C_WaitOnFlagUntilTimeout  stm32f0xx_hal_i2c.o
    0x08002b44   0x00000078   Code   RO         1060    i.I2C_WaitOnRXNEFlagUntilTimeout  stm32f0xx_hal_i2c.o
    0x08002bbc   0x0000004e   Code   RO         1061    i.I2C_WaitOnSTOPFlagUntilTimeout  stm32f0xx_hal_i2c.o
    0x08002c0a   0x00000052   Code   RO         1062    i.I2C_WaitOnTXISFlagUntilTimeout  stm32f0xx_hal_i2c.o
    0x08002c5c   0x0000005c   Code   RO         2651    i.MX_ADC_Init       main.o
    0x08002cb8   0x00000094   Code   RO         2652    i.MX_GPIO_Init      main.o
    0x08002d4c   0x00000054   Code   RO         2653    i.MX_I2C1_Init      main.o
    0x08002da0   0x00000048   Code   RO         2654    i.MX_SPI1_Init      main.o
    0x08002de8   0x00000034   Code   RO         3155    i.MX_USB_DEVICE_Init  usb_device.o
    0x08002e1c   0x00000002   Code   RO         2597    i.NMI_Handler       stm32f0xx_it.o
    0x08002e1e   0x00000002   PAD
    0x08002e20   0x00000044   Code   RO         1908    i.NVIC_SetPriority  stm32f0xx_hal_cortex.o
    0x08002e64   0x00000338   Code   RO          654    i.PCD_EP_ISR_Handler  stm32f0xx_hal_pcd.o
    0x0800319c   0x0000001e   Code   RO          655    i.PCD_ReadPMA       stm32f0xx_hal_pcd.o
    0x080031ba   0x00000026   Code   RO          656    i.PCD_WritePMA      stm32f0xx_hal_pcd.o
    0x080031e0   0x00000002   Code   RO         2598    i.PendSV_Handler    stm32f0xx_it.o
    0x080031e2   0x00000038   Code   RO          226    i.SPI_EndRxTxTransaction  stm32f0xx_hal_spi.o
    0x0800321a   0x00000002   PAD
    0x0800321c   0x0000009c   Code   RO          231    i.SPI_WaitFifoStateUntilTimeout  stm32f0xx_hal_spi.o
    0x080032b8   0x00000094   Code   RO          232    i.SPI_WaitFlagStateUntilTimeout  stm32f0xx_hal_spi.o
    0x0800334c   0x00000002   Code   RO         2599    i.SVC_Handler       stm32f0xx_it.o
    0x0800334e   0x0000000c   Code   RO         2600    i.SysTick_Handler   stm32f0xx_it.o
    0x0800335a   0x00000002   PAD
    0x0800335c   0x0000007c   Code   RO         2655    i.SystemClock_Config  main.o
    0x080033d8   0x0000005c   Code   RO            4    i.SystemInit        system_stm32f0xx.o
    0x08003434   0x0000001e   Code   RO         3678    i.USBD_CDC_DataIn   usbd_cdc.o
    0x08003452   0x00000034   Code   RO         3679    i.USBD_CDC_DataOut  usbd_cdc.o
    0x08003486   0x0000003c   Code   RO         3680    i.USBD_CDC_DeInit   usbd_cdc.o
    0x080034c2   0x00000028   Code   RO         3681    i.USBD_CDC_EP0_RxReady  usbd_cdc.o
    0x080034ea   0x00000002   PAD
    0x080034ec   0x0000000c   Code   RO         3682    i.USBD_CDC_GetDeviceQualifierDescriptor  usbd_cdc.o
    0x080034f8   0x0000000c   Code   RO         3683    i.USBD_CDC_GetFSCfgDesc  usbd_cdc.o
    0x08003504   0x0000000c   Code   RO         3684    i.USBD_CDC_GetHSCfgDesc  usbd_cdc.o
    0x08003510   0x0000000c   Code   RO         3685    i.USBD_CDC_GetOtherSpeedCfgDesc  usbd_cdc.o
    0x0800351c   0x0000008a   Code   RO         3686    i.USBD_CDC_Init     usbd_cdc.o
    0x080035a6   0x00000038   Code   RO         3687    i.USBD_CDC_ReceivePacket  usbd_cdc.o
    0x080035de   0x00000014   Code   RO         3688    i.USBD_CDC_RegisterInterface  usbd_cdc.o
    0x080035f2   0x00000014   Code   RO         3689    i.USBD_CDC_SetRxBuffer  usbd_cdc.o
    0x08003606   0x00000016   Code   RO         3690    i.USBD_CDC_SetTxBuffer  usbd_cdc.o
    0x0800361c   0x00000074   Code   RO         3691    i.USBD_CDC_Setup    usbd_cdc.o
    0x08003690   0x00000034   Code   RO         3692    i.USBD_CDC_TransmitPacket  usbd_cdc.o
    0x080036c4   0x00000010   Code   RO         3427    i.USBD_ClrClassConfig  usbd_core.o
    0x080036d4   0x00000010   Code   RO         3622    i.USBD_CtlContinueRx  usbd_ioreq.o
    0x080036e4   0x00000010   Code   RO         3623    i.USBD_CtlContinueSendData  usbd_ioreq.o
    0x080036f4   0x00000014   Code   RO         3561    i.USBD_CtlError     usbd_ctlreq.o
    0x08003708   0x00000020   Code   RO         3624    i.USBD_CtlPrepareRx  usbd_ioreq.o
    0x08003728   0x00000018   Code   RO         3625    i.USBD_CtlReceiveStatus  usbd_ioreq.o
    0x08003740   0x0000001c   Code   RO         3626    i.USBD_CtlSendData  usbd_ioreq.o
    0x0800375c   0x00000018   Code   RO         3627    i.USBD_CtlSendStatus  usbd_ioreq.o
    0x08003774   0x00000020   Code   RO         3043    i.USBD_FS_ConfigStrDescriptor  usbd_desc.o
    0x08003794   0x0000000c   Code   RO         3044    i.USBD_FS_DeviceDescriptor  usbd_desc.o
    0x080037a0   0x00000024   Code   RO         3045    i.USBD_FS_InterfaceStrDescriptor  usbd_desc.o
    0x080037c4   0x0000000c   Code   RO         3046    i.USBD_FS_LangIDStrDescriptor  usbd_desc.o
    0x080037d0   0x00000028   Code   RO         3047    i.USBD_FS_ManufacturerStrDescriptor  usbd_desc.o
    0x080037f8   0x0000002c   Code   RO         3048    i.USBD_FS_ProductStrDescriptor  usbd_desc.o
    0x08003824   0x00000024   Code   RO         3049    i.USBD_FS_SerialStrDescriptor  usbd_desc.o
    0x08003848   0x000000e0   Code   RO         3562    i.USBD_GetDescriptor  usbd_ctlreq.o
    0x08003928   0x00000044   Code   RO         3563    i.USBD_GetString    usbd_ctlreq.o
    0x0800396c   0x00000032   Code   RO         3429    i.USBD_Init         usbd_core.o
    0x0800399e   0x00000026   Code   RO         2841    i.USBD_LL_ClearStallEP  usbd_conf.o
    0x080039c4   0x00000026   Code   RO         2842    i.USBD_LL_CloseEP   usbd_conf.o
    0x080039ea   0x000000b6   Code   RO         3430    i.USBD_LL_DataInStage  usbd_core.o
    0x08003aa0   0x00000074   Code   RO         3431    i.USBD_LL_DataOutStage  usbd_core.o
    0x08003b14   0x00000010   Code   RO         2846    i.USBD_LL_GetRxDataSize  usbd_conf.o
    0x08003b24   0x00000088   Code   RO         2847    i.USBD_LL_Init      usbd_conf.o
    0x08003bac   0x00000024   Code   RO         2848    i.USBD_LL_IsStallEP  usbd_conf.o
    0x08003bd0   0x0000002c   Code   RO         2849    i.USBD_LL_OpenEP    usbd_conf.o
    0x08003bfc   0x00000026   Code   RO         2850    i.USBD_LL_PrepareReceive  usbd_conf.o
    0x08003c22   0x00000046   Code   RO         3436    i.USBD_LL_Reset     usbd_core.o
    0x08003c68   0x0000000c   Code   RO         3437    i.USBD_LL_Resume    usbd_core.o
    0x08003c74   0x0000001e   Code   RO         3438    i.USBD_LL_SOF       usbd_core.o
    0x08003c92   0x00000006   Code   RO         3439    i.USBD_LL_SetSpeed  usbd_core.o
    0x08003c98   0x00000026   Code   RO         2851    i.USBD_LL_SetUSBAddress  usbd_conf.o
    0x08003cbe   0x0000005e   Code   RO         3440    i.USBD_LL_SetupStage  usbd_core.o
    0x08003d1c   0x00000026   Code   RO         2852    i.USBD_LL_StallEP   usbd_conf.o
    0x08003d42   0x00000026   Code   RO         2853    i.USBD_LL_Start     usbd_conf.o
    0x08003d68   0x00000010   Code   RO         3441    i.USBD_LL_Suspend   usbd_core.o
    0x08003d78   0x00000026   Code   RO         2855    i.USBD_LL_Transmit  usbd_conf.o
    0x08003d9e   0x00000028   Code   RO         3564    i.USBD_ParseSetupRequest  usbd_ctlreq.o
    0x08003dc6   0x00000016   Code   RO         3442    i.USBD_RegisterClass  usbd_core.o
    0x08003ddc   0x0000001c   Code   RO         3444    i.USBD_SetClassConfig  usbd_core.o
    0x08003df8   0x00000070   Code   RO         3565    i.USBD_SetConfig    usbd_ctlreq.o
    0x08003e68   0x0000000a   Code   RO         3445    i.USBD_Start        usbd_core.o
    0x08003e72   0x000000ee   Code   RO         3566    i.USBD_StdDevReq    usbd_ctlreq.o
    0x08003f60   0x000000ea   Code   RO         3567    i.USBD_StdEPReq     usbd_ctlreq.o
    0x0800404a   0x0000003a   Code   RO         3568    i.USBD_StdItfReq    usbd_ctlreq.o
    0x08004084   0x00000002   Code   RO         2856    i.USBD_static_free  usbd_conf.o
    0x08004086   0x00000002   PAD
    0x08004088   0x00000008   Code   RO         2857    i.USBD_static_malloc  usbd_conf.o
    0x08004090   0x00000010   Code   RO         2601    i.USB_IRQHandler    stm32f0xx_it.o
    0x080040a0   0x00000014   Code   RO         3800    i.__0printf$bare    mc_p.l(printfb.o)
    0x080040b4   0x0000001a   Code   RO         2367    i.__ARM_common_switch8  stm32f0xx_hal_dma.o
    0x080040ce   0x00000002   PAD
    0x080040d0   0x00000008   Code   RO         4120    i.__aeabi_errno_addr  mc_p.l(errno.o)
    0x080040d8   0x0000000e   Code   RO         4186    i.__scatterload_copy  mc_p.l(handlers.o)
    0x080040e6   0x00000002   Code   RO         4187    i.__scatterload_null  mc_p.l(handlers.o)
    0x080040e8   0x0000000e   Code   RO         4188    i.__scatterload_zeroinit  mc_p.l(handlers.o)
    0x080040f6   0x0000001e   Code   RO         3807    i._printf_core      mc_p.l(printfb.o)
    0x08004114   0x00000268   Code   RO         3377    i.arg_to_button_index  cmd_parser.o
    0x0800437c   0x00000048   Code   RO         3289    i.button_write      jc_ctrl.o
    0x080043c4   0x0000004c   Code   RO         3290    i.dac_write         jc_ctrl.o
    0x08004410   0x00000018   Code   RO         3345    i.eeprom_erase      eeprom.o
    0x08004428   0x00000048   Code   RO         3346    i.eeprom_read       eeprom.o
    0x08004470   0x00000044   Code   RO         3347    i.eeprom_write      eeprom.o
    0x080044b4   0x0000000e   Code   RO         2656    i.fputc             main.o
    0x080044c2   0x00000002   PAD
    0x080044c4   0x0000002c   Code   RO         3189    i.get_vref          helpers.o
    0x080044f0   0x00000038   Code   RO         3378    i.goto_next_arg     cmd_parser.o
    0x08004528   0x00000040   Code   RO         3291    i.jc_ctrl_init      jc_ctrl.o
    0x08004568   0x00000028   Code   RO         2657    i.kick_dog          main.o
    0x08004590   0x0000002a   Code   RO         3190    i.linear_buf_add    helpers.o
    0x080045ba   0x0000001e   Code   RO         3191    i.linear_buf_add_str  helpers.o
    0x080045d8   0x00000054   Code   RO         3193    i.linear_buf_init   helpers.o
    0x0800462c   0x00000010   Code   RO         3195    i.linear_buf_reset  helpers.o
    0x0800463c   0x00000098   Code   RO         2658    i.main              main.o
    0x080046d4   0x0000006c   Code   RO         4060    i.malloc            mc_p.l(malloc.o)
    0x08004740   0x0000001c   Code   RO         3249    i.my_usb_init       my_usb.o
    0x0800475c   0x00000038   Code   RO         3250    i.my_usb_putchar    my_usb.o
    0x08004794   0x0000006c   Code   RO         3251    i.my_usb_readline   my_usb.o
    0x08004800   0x000003ec   Code   RO         3379    i.parse_cmd         cmd_parser.o
    0x08004bec   0x00000050   Code   RO         3380    i.process_multiarg  cmd_parser.o
    0x08004c3c   0x00000020   Code   RO         3781    i.puts              mc_p.l(puts.o)
    0x08004c5c   0x00000014   Code   RO         3292    i.release_all_button  jc_ctrl.o
    0x08004c70   0x00000028   Code   RO         3293    i.stick_disengage   jc_ctrl.o
    0x08004c98   0x0000003c   Code   RO         3381    i.stick_hold        cmd_parser.o
    0x08004cd4   0x00000028   Code   RO         3294    i.stick_release     jc_ctrl.o
    0x08004cfc   0x00000054   Code   RO         2659    i.stm32_dac_init    main.o
    0x08004d50   0x00000074   Code   RO         3382    i.tas_parse         cmd_parser.o
    0x08004dc4   0x00000010   Data   RO            5    .constdata          system_stm32f0xx.o
    0x08004dd4   0x00000081   Data   RO         4149    .constdata          mc_p.l(ctype_o.o)
    0x08004e55   0x00000003   PAD
    0x08004e58   0x00000004   Data   RO         4150    .constdata          mc_p.l(ctype_o.o)
    0x08004e5c   0x00000020   Data   RO         4184    Region$$Table       anon$$obj.o


    Execution Region RW_IRAM1 (Base: 0x20000000, Size: 0x000012a0, Max: 0x00004000, ABSOLUTE, COMPRESSED[0x000000c0])

    Base Addr    Size         Type   Attr      Idx    E Section Name        Object

    0x20000000   0x00000004   Data   RW            7    .data               system_stm32f0xx.o
    0x20000004   0x00000004   Data   RW         1431    .data               stm32f0xx_hal.o
    0x20000008   0x00000008   Data   RW         2661    .data               main.o
    0x20000010   0x0000001c   Data   RW         3051    .data               usbd_desc.o
    0x2000002c   0x00000016   Data   RW         3052    .data               usbd_desc.o
    0x20000042   0x00000002   PAD
    0x20000044   0x00000010   Data   RW         3113    .data               usbd_cdc_if.o
    0x20000054   0x00000004   Data   RW         3253    .data               my_usb.o
    0x20000058   0x00000004   Data   RW         3254    .data               my_usb.o
    0x2000005c   0x00000008   Data   RW         3295    .data               jc_ctrl.o
    0x20000064   0x00000001   Data   RW         3569    .data               usbd_ctlreq.o
    0x20000065   0x00000003   PAD
    0x20000068   0x000000db   Data   RW         3693    .data               usbd_cdc.o
    0x20000143   0x00000001   PAD
    0x20000144   0x00000038   Data   RW         3694    .data               usbd_cdc.o
    0x2000017c   0x00000004   Data   RW         4111    .data               mc_p.l(stdout.o)
    0x20000180   0x00000004   Data   RW         4118    .data               mc_p.l(mvars.o)
    0x20000184   0x00000004   Data   RW         4119    .data               mc_p.l(mvars.o)
    0x20000188   0x00000004   Data   RW         4123    .data               mc_p.l(errno.o)
    0x2000018c   0x00000120   Zero   RW         2660    .bss                main.o
    0x200002ac   0x00000440   Zero   RW         2858    .bss                usbd_conf.o
    0x200006ec   0x00000200   Zero   RW         3050    .bss                usbd_desc.o
    0x200008ec   0x00000100   Zero   RW         3112    .bss                usbd_cdc_if.o
    0x200009ec   0x00000224   Zero   RW         3156    .bss                usb_device.o
    0x20000c10   0x00000090   Zero   RW         3252    .bss                my_usb.o
    0x20000ca0   0x00000200   Zero   RW          145    HEAP                startup_stm32f072xb.o
    0x20000ea0   0x00000400   Zero   RW          144    STACK               startup_stm32f072xb.o


==============================================================================

Image component sizes


      Code (inc. data)   RO Data    RW Data    ZI Data      Debug   Object Name

      1932        698          0          0          0       4554   cmd_parser.o
       164         10          0          0          0       1704   eeprom.o
       216         28          0          0          0       3186   helpers.o
       312         48          0          8          0       3261   jc_ctrl.o
       812         88          0          8        288      10977   main.o
       192         20          0          8        144       2446   my_usb.o
        28          8        192          0       1536        604   startup_stm32f072xb.o
       116         18          0          4          0       3631   stm32f0xx_hal.o
      1338         42          0          0          0       7881   stm32f0xx_hal_adc.o
       178         28          0          0          0      10563   stm32f0xx_hal_cortex.o
        94          0          0          0          0       2307   stm32f0xx_hal_dac.o
       162          4          0          0          0       2737   stm32f0xx_hal_dac_ex.o
        26          0          0          0          0         72   stm32f0xx_hal_dma.o
       592         56          0          0          0       3703   stm32f0xx_hal_gpio.o
      1562         38          0          0          0      11942   stm32f0xx_hal_i2c.o
       146          0          0          0          0       1919   stm32f0xx_hal_i2c_ex.o
       116         20          0          0          0       1727   stm32f0xx_hal_iwdg.o
       384         56          0          0          0       3810   stm32f0xx_hal_msp.o
      3476        148          0          0          0      13779   stm32f0xx_hal_pcd.o
        58          0          0          0          0       1250   stm32f0xx_hal_pcd_ex.o
      1472         90          0          0          0       4634   stm32f0xx_hal_rcc.o
       288         14          0          0          0       1520   stm32f0xx_hal_rcc_ex.o
       912         10          0          0          0       5258   stm32f0xx_hal_spi.o
        36          6          0          0          0       2568   stm32f0xx_it.o
        92         16         16          4          0     481115   system_stm32f0xx.o
        52         16          0          0        548        700   usb_device.o
       654         20          0        275          0      12750   usbd_cdc.o
       200         34          0         16        256       3408   usbd_cdc_if.o
       762         40          0          0       1088      14621   usbd_conf.o
       652          0          0          0          0       9296   usbd_core.o
       994         34          0          1          0       7832   usbd_ctlreq.o
       212        116          0         50        512       4931   usbd_desc.o
       140          0          0          0          0       4364   usbd_ioreq.o

    ----------------------------------------------------------------------
     18402       1706        240        380       4372     645050   Object Totals
         0          0         32          0          0          0   (incl. Generated)
        32          0          0          6          0          0   (incl. Padding)

    ----------------------------------------------------------------------

      Code (inc. data)   RO Data    RW Data    ZI Data      Debug   Library Member Name

        86          0          0          0          0          0   __dczerorl2.o
        30          0          0          0          0         60   _chval.o
       166          0          0          0          0         84   _strtoul.o
        26          0          0          0          0         72   atoi.o
         8          4        133          0          0         60   ctype_o.o
         0          0          0          0          0          0   entry.o
         0          0          0          0          0          0   entry10a.o
         0          0          0          0          0          0   entry11a.o
         8          4          0          0          0          0   entry2.o
         4          0          0          0          0          0   entry5.o
         0          0          0          0          0          0   entry7b.o
         0          0          0          0          0          0   entry8b.o
         8          4          0          0          0          0   entry9a.o
         8          4          0          4          0         60   errno.o
        30          0          0          0          0          0   handlers.o
        36          8          0          0          0         68   init.o
         0          0          0          0          0          0   iusefp.o
       108         16          0          0          0         76   malloc.o
        36          0          0          0          0        100   memseta.o
         0          0          0          8          0          0   mvars.o
        50          8          0          0          0        144   printfb.o
        32          4          0          0          0         68   puts.o
         0          0          0          4          0          0   stdout.o
        28          0          0          0          0         68   strcmp.o
        18          0          0          0          0         60   strcpy.o
        14          0          0          0          0         60   strlen.o
        30          0          0          0          0         72   strncmp.o
       112          4          0          0          0         76   strtol.o
        44          0          0          0          0         72   uidiv.o
       124          0          0          0          0         72   fdiv.o
       130          0          0          0          0        144   fepilogue.o
        40          0          0          0          0         60   ffixui.o
        14          0          0          0          0         68   ffltui.o
       122          0          0          0          0         72   fmul.o

    ----------------------------------------------------------------------
      1314         56        136         16          0       1616   Library Totals
         2          0          3          0          0          0   (incl. Padding)

    ----------------------------------------------------------------------

      Code (inc. data)   RO Data    RW Data    ZI Data      Debug   Library Name

       882         56        133         16          0       1200   mc_p.l
       430          0          0          0          0        416   mf_p.l

    ----------------------------------------------------------------------
      1314         56        136         16          0       1616   Library Totals

    ----------------------------------------------------------------------

==============================================================================


      Code (inc. data)   RO Data    RW Data    ZI Data      Debug   

     19716       1762        376        396       4372     637650   Grand Totals
     19716       1762        376        192       4372     637650   ELF Image Totals (compressed)
     19716       1762        376        192          0          0   ROM Totals

==============================================================================

    Total RO  Size (Code + RO Data)                20092 (  19.62kB)
    Total RW  Size (RW Data + ZI Data)              4768 (   4.66kB)
    Total ROM Size (Code + RO Data + RW Data)      20284 (  19.81kB)

==============================================================================

